Component: ARM Compiler 6.13.1 Tool: armlink [5d895400]

==============================================================================

Section Cross References

    stm32f4xx_it.o(.ARM.exidx.text.NMI_Handler) refers to stm32f4xx_it.o(.text.NMI_Handler) for [Anonymous Symbol]
    stm32f4xx_it.o(.ARM.exidx.text.HardFault_Handler) refers to stm32f4xx_it.o(.text.HardFault_Handler) for [Anonymous Symbol]
    stm32f4xx_it.o(.ARM.exidx.text.MemManage_Handler) refers to stm32f4xx_it.o(.text.MemManage_Handler) for [Anonymous Symbol]
    stm32f4xx_it.o(.ARM.exidx.text.BusFault_Handler) refers to stm32f4xx_it.o(.text.BusFault_Handler) for [Anonymous Symbol]
    stm32f4xx_it.o(.ARM.exidx.text.UsageFault_Handler) refers to stm32f4xx_it.o(.text.UsageFault_Handler) for [Anonymous Symbol]
    stm32f4xx_it.o(.ARM.exidx.text.SVC_Handler) refers to stm32f4xx_it.o(.text.SVC_Handler) for [Anonymous Symbol]
    stm32f4xx_it.o(.ARM.exidx.text.DebugMon_Handler) refers to stm32f4xx_it.o(.text.DebugMon_Handler) for [Anonymous Symbol]
    stm32f4xx_it.o(.ARM.exidx.text.PendSV_Handler) refers to stm32f4xx_it.o(.text.PendSV_Handler) for [Anonymous Symbol]
    stm32f4xx_it.o(.text.SysTick_Handler) refers to stm32f4xx_hal.o(.text.HAL_IncTick) for HAL_IncTick
    stm32f4xx_it.o(.ARM.exidx.text.SysTick_Handler) refers to stm32f4xx_it.o(.text.SysTick_Handler) for [Anonymous Symbol]
    stm32f4xx_it.o(.text.EXTI0_IRQHandler) refers to stm32f4xx_hal_gpio.o(.text.HAL_GPIO_EXTI_IRQHandler) for HAL_GPIO_EXTI_IRQHandler
    stm32f4xx_it.o(.ARM.exidx.text.EXTI0_IRQHandler) refers to stm32f4xx_it.o(.text.EXTI0_IRQHandler) for [Anonymous Symbol]
    stm32f4xx_it.o(.text.EXTI1_IRQHandler) refers to stm32f4xx_hal_gpio.o(.text.HAL_GPIO_EXTI_IRQHandler) for HAL_GPIO_EXTI_IRQHandler
    stm32f4xx_it.o(.ARM.exidx.text.EXTI1_IRQHandler) refers to stm32f4xx_it.o(.text.EXTI1_IRQHandler) for [Anonymous Symbol]
    stm32f4xx_it.o(.text.EXTI2_IRQHandler) refers to stm32f4xx_hal_gpio.o(.text.HAL_GPIO_EXTI_IRQHandler) for HAL_GPIO_EXTI_IRQHandler
    stm32f4xx_it.o(.ARM.exidx.text.EXTI2_IRQHandler) refers to stm32f4xx_it.o(.text.EXTI2_IRQHandler) for [Anonymous Symbol]
    stm32f4xx_it.o(.text.EXTI3_IRQHandler) refers to stm32f4xx_hal_gpio.o(.text.HAL_GPIO_EXTI_IRQHandler) for HAL_GPIO_EXTI_IRQHandler
    stm32f4xx_it.o(.ARM.exidx.text.EXTI3_IRQHandler) refers to stm32f4xx_it.o(.text.EXTI3_IRQHandler) for [Anonymous Symbol]
    stm32f4xx_it.o(.text.TIM1_CC_IRQHandler) refers to stm32f4xx_hal_tim.o(.text.HAL_TIM_IRQHandler) for HAL_TIM_IRQHandler
    stm32f4xx_it.o(.text.TIM1_CC_IRQHandler) refers to stm32f4xx_it.o(.bss.htim1) for htim1
    stm32f4xx_it.o(.ARM.exidx.text.TIM1_CC_IRQHandler) refers to stm32f4xx_it.o(.text.TIM1_CC_IRQHandler) for [Anonymous Symbol]
    stm32f4xx_it.o(.text.TIM2_IRQHandler) refers to stm32f4xx_hal_tim.o(.text.HAL_TIM_IRQHandler) for HAL_TIM_IRQHandler
    stm32f4xx_it.o(.text.TIM2_IRQHandler) refers to stm32f4xx_it.o(.bss.htim2) for htim2
    stm32f4xx_it.o(.ARM.exidx.text.TIM2_IRQHandler) refers to stm32f4xx_it.o(.text.TIM2_IRQHandler) for [Anonymous Symbol]
    stm32f4xx_it.o(.text.TIM4_IRQHandler) refers to stm32f4xx_hal_tim.o(.text.HAL_TIM_IRQHandler) for HAL_TIM_IRQHandler
    stm32f4xx_it.o(.text.TIM4_IRQHandler) refers to stm32f4xx_it.o(.bss.htim4) for htim4
    stm32f4xx_it.o(.ARM.exidx.text.TIM4_IRQHandler) refers to stm32f4xx_it.o(.text.TIM4_IRQHandler) for [Anonymous Symbol]
    stm32f4xx_it.o(.text.TIM7_IRQHandler) refers to stm32f4xx_hal_tim.o(.text.HAL_TIM_IRQHandler) for HAL_TIM_IRQHandler
    stm32f4xx_it.o(.text.TIM7_IRQHandler) refers to stm32f4xx_it.o(.bss.htim7) for htim7
    stm32f4xx_it.o(.ARM.exidx.text.TIM7_IRQHandler) refers to stm32f4xx_it.o(.text.TIM7_IRQHandler) for [Anonymous Symbol]
    stm32f4xx_it.o(.text.TIM1_BRK_TIM9_IRQHandler) refers to stm32f4xx_hal_tim.o(.text.HAL_TIM_IRQHandler) for HAL_TIM_IRQHandler
    stm32f4xx_it.o(.text.TIM1_BRK_TIM9_IRQHandler) refers to stm32f4xx_it.o(.bss.htim9) for htim9
    stm32f4xx_it.o(.ARM.exidx.text.TIM1_BRK_TIM9_IRQHandler) refers to stm32f4xx_it.o(.text.TIM1_BRK_TIM9_IRQHandler) for [Anonymous Symbol]
    stm32f4xx_it.o(.text.TIM1_UP_TIM10_IRQHandler) refers to stm32f4xx_hal_tim.o(.text.HAL_TIM_IRQHandler) for HAL_TIM_IRQHandler
    stm32f4xx_it.o(.text.TIM1_UP_TIM10_IRQHandler) refers to stm32f4xx_it.o(.bss.htim10) for htim10
    stm32f4xx_it.o(.ARM.exidx.text.TIM1_UP_TIM10_IRQHandler) refers to stm32f4xx_it.o(.text.TIM1_UP_TIM10_IRQHandler) for [Anonymous Symbol]
    stm32f4xx_it.o(.text.USART1_IRQHandler) refers to stm32f4xx_hal_uart.o(.text.HAL_UART_IRQHandler) for HAL_UART_IRQHandler
    stm32f4xx_it.o(.text.USART1_IRQHandler) refers to stm32f4xx_it.o(.bss.huart1) for huart1
    stm32f4xx_it.o(.ARM.exidx.text.USART1_IRQHandler) refers to stm32f4xx_it.o(.text.USART1_IRQHandler) for [Anonymous Symbol]
    uart_prn.o(.text.UART1_Init) refers to stm32f4xx_hal_uart.o(.text.HAL_UART_Init) for HAL_UART_Init
[...]
    ../clib/printf.c                         0x00000000   Number         0  _printf_intcommon.o ABSOLUTE
    ../clib/printf.c                         0x00000000   Number         0  _printf_char_file.o ABSOLUTE
    ../clib/printf.c                         0x00000000   Number         0  _printf_char_common.o ABSOLUTE
    ../clib/printf.c                         0x00000000   Number         0  __printf_nopercent.o ABSOLUTE
    ../clib/printf_percent.s                 0x00000000   Number         0  _printf_d.o ABSOLUTE
    ../clib/printf_percent.s                 0x00000000   Number         0  _printf_percent.o ABSOLUTE
    ../clib/printf_percent.s                 0x00000000   Number         0  _printf_percent_end.o ABSOLUTE
    ../clib/signal.c                         0x00000000   Number         0  defsig_fpe_outer.o ABSOLUTE
    ../clib/signal.c                         0x00000000   Number         0  defsig_fpe_formal.o ABSOLUTE
    ../clib/signal.c                         0x00000000   Number         0  defsig_rtred_outer.o ABSOLUTE
    ../clib/signal.c                         0x00000000   Number         0  defsig_rtred_formal.o ABSOLUTE
    ../clib/signal.c                         0x00000000   Number         0  defsig_exit.o ABSOLUTE
    ../clib/signal.c                         0x00000000   Number         0  defsig_fpe_inner.o ABSOLUTE
    ../clib/signal.c                         0x00000000   Number         0  defsig_rtred_inner.o ABSOLUTE
    ../clib/signal.c                         0x00000000   Number         0  __raise.o ABSOLUTE
    ../clib/signal.c                         0x00000000   Number         0  defsig_general.o ABSOLUTE
    ../clib/signal.c                         0x00000000   Number         0  defsig_rtmem_outer.o ABSOLUTE
    ../clib/signal.c                         0x00000000   Number         0  defsig_rtmem_formal.o ABSOLUTE
    ../clib/signal.c                         0x00000000   Number         0  defsig_rtmem_inner.o ABSOLUTE
    ../clib/signal.c                         0x00000000   Number         0  defsig_abrt_inner.o ABSOLUTE
    ../clib/signal.c                         0x00000000   Number         0  defsig_stak_inner.o ABSOLUTE
    ../clib/signal.c                         0x00000000   Number         0  defsig_pvfn_inner.o ABSOLUTE
    ../clib/signal.c                         0x00000000   Number         0  defsig_cppl_inner.o ABSOLUTE
    ../clib/signal.c                         0x00000000   Number         0  defsig_segv_inner.o ABSOLUTE
    ../clib/signal.c                         0x00000000   Number         0  defsig_other.o ABSOLUTE
    ../clib/signal.s                         0x00000000   Number         0  defsig.o ABSOLUTE
    ../clib/stdio.c                          0x00000000   Number         0  stdio_streams.o ABSOLUTE
    ../clib/stdio.c                          0x00000000   Number         0  ferror.o ABSOLUTE
    ../clib/stdio.c                          0x00000000   Number         0  initio.o ABSOLUTE
    ../clib/stdio.c                          0x00000000   Number         0  ferror_locked.o ABSOLUTE
    ../clib/stdio.c                          0x00000000   Number         0  initio_locked.o ABSOLUTE
    ../clib/stdio.c                          0x00000000   Number         0  setvbuf.o ABSOLUTE
    ../clib/stdio.c                          0x00000000   Number         0  streamlock.o ABSOLUTE
    ../clib/stdio.c                          0x00000000   Number         0  fopen.o ABSOLUTE
    ../clib/stdio.c                          0x00000000   Number         0  fclose.o ABSOLUTE
    ../clib/stdio.c                          0x00000000   Number         0  setvbuf_locked.o ABSOLUTE
    ../clib/stdio.c                          0x00000000   Number         0  fopen_locked.o ABSOLUTE
    ../clib/stdio.c                          0x00000000   Number         0  fseek.o ABSOLUTE
    ../clib/stdio.c                          0x00000000   Number         0  stdio.o ABSOLUTE
    ../clib/stdio.c                          0x00000000   Number         0  ftell.o ABSOLUTE
    ../clib/stdlib.c                         0x00000000   Number         0  exit.o ABSOLUTE
    ../fplib/fpinit.s                        0x00000000   Number         0  fpinit.o ABSOLUTE
    RTE\Device\STM32F405RGTx\startup_stm32f405xx.s 0x00000000   Number         0  startup_stm32f405xx.o ABSOLUTE
    dc.s                                     0x00000000   Number         0  dc.o ABSOLUTE
    practice.c                               0x00000000   Number         0  practice.o ABSOLUTE
    retarget_io.c                            0x00000000   Number         0  retarget_io.o ABSOLUTE
    stm32f4xx_hal.c                          0x00000000   Number         0  stm32f4xx_hal.o ABSOLUTE
    stm32f4xx_hal_cortex.c                   0x00000000   Number         0  stm32f4xx_hal_cortex.o ABSOLUTE
    stm32f4xx_hal_dma.c                      0x00000000   Number         0  stm32f4xx_hal_dma.o ABSOLUTE
    stm32f4xx_hal_dma_ex.c                   0x00000000   Number         0  stm32f4xx_hal_dma_ex.o ABSOLUTE
    stm32f4xx_hal_gpio.c                     0x00000000   Number         0  stm32f4xx_hal_gpio.o ABSOLUTE
    stm32f4xx_hal_pwr.c                      0x00000000   Number         0  stm32f4xx_hal_pwr.o ABSOLUTE
    stm32f4xx_hal_pwr_ex.c                   0x00000000   Number         0  stm32f4xx_hal_pwr_ex.o ABSOLUTE
    stm32f4xx_hal_rcc.c                      0x00000000   Number         0  stm32f4xx_hal_rcc.o ABSOLUTE
    stm32f4xx_hal_rcc_ex.c                   0x00000000   Number         0  stm32f4xx_hal_rcc_ex.o ABSOLUTE
    stm32f4xx_hal_tim.c                      0x00000000   Number         0  stm32f4xx_hal_tim.o ABSOLUTE
    stm32f4xx_hal_tim_ex.c                   0x00000000   Number         0  stm32f4xx_hal_tim_ex.o ABSOLUTE
    stm32f4xx_hal_uart.c                     0x00000000   Number         0  stm32f4xx_hal_uart.o ABSOLUTE
    stm32f4xx_hal_usart.c                    0x00000000   Number         0  stm32f4xx_hal_usart.o ABSOLUTE
    stm32f4xx_it.c                           0x00000000   Number         0  stm32f4xx_it.o ABSOLUTE
    system_stm32f4xx.c                       0x00000000   Number         0  system_stm32f4xx.o ABSOLUTE
    uart_prn.c                               0x00000000   Number         0  uart_prn.o ABSOLUTE
    RESET                                    0x08000000   Section      392  startup_stm32f405xx.o(RESET)
    !!!main                                  0x08000188   Section        8  __main.o(!!!main)
    !!!scatter                               0x08000190   Section       52  __scatter.o(!!!scatter)
    !!handler_copy                           0x080001c4   Section       26  __scatter_copy.o(!!handler_copy)
    !!handler_zi                             0x080001e0   Section       28  __scatter_zi.o(!!handler_zi)
    .ARM.Collect$$_printf_percent$$00000000  0x080001fc   Section        0  _printf_percent.o(.ARM.Collect$$_printf_percent$$00000000)
    .ARM.Collect$$_printf_percent$$00000009  0x080001fc   Section        6  _printf_d.o(.ARM.Collect$$_printf_percent$$00000009)
    .ARM.Collect$$_printf_percent$$00000017  0x08000202   Section        4  _printf_percent_end.o(.ARM.Collect$$_printf_percent$$00000017)
    .ARM.Collect$$libinit$$00000000          0x08000206   Section        2  libinit.o(.ARM.Collect$$libinit$$00000000)
    .ARM.Collect$$libinit$$00000001          0x08000208   Section        4  libinit2.o(.ARM.Collect$$libinit$$00000001)
    .ARM.Collect$$libinit$$00000004          0x0800020c   Section        0  libinit2.o(.ARM.Collect$$libinit$$00000004)
    .ARM.Collect$$libinit$$00000005          0x0800020c   Section        8  libinit2.o(.ARM.Collect$$libinit$$00000005)
    .ARM.Collect$$libinit$$0000000A          0x08000214   Section        0  libinit2.o(.ARM.Collect$$libinit$$0000000A)
    .ARM.Collect$$libinit$$0000000C          0x08000214   Section        0  libinit2.o(.ARM.Collect$$libinit$$0000000C)
    .ARM.Collect$$libinit$$0000000E          0x08000214   Section        0  libinit2.o(.ARM.Collect$$libinit$$0000000E)
    .ARM.Collect$$libinit$$00000011          0x08000214   Section        0  libinit2.o(.ARM.Collect$$libinit$$00000011)
    .ARM.Collect$$libinit$$00000013          0x08000214   Section        0  libinit2.o(.ARM.Collect$$libinit$$00000013)
    .ARM.Collect$$libinit$$00000015          0x08000214   Section        0  libinit2.o(.ARM.Collect$$libinit$$00000015)
    .ARM.Collect$$libinit$$00000017          0x08000214   Section        0  libinit2.o(.ARM.Collect$$libinit$$00000017)
    .ARM.Collect$$libinit$$00000019          0x08000214   Section        0  libinit2.o(.ARM.Collect$$libinit$$00000019)
    .ARM.Collect$$libinit$$0000001B          0x08000214   Section        0  libinit2.o(.ARM.Collect$$libinit$$0000001B)
    .ARM.Collect$$libinit$$0000001D          0x08000214   Section        0  libinit2.o(.ARM.Collect$$libinit$$0000001D)
    .ARM.Collect$$libinit$$0000001F          0x08000214   Section        0  libinit2.o(.ARM.Collect$$libinit$$0000001F)
    .ARM.Collect$$libinit$$00000021          0x08000214   Section        0  libinit2.o(.ARM.Collect$$libinit$$00000021)
    .ARM.Collect$$libinit$$00000023          0x08000214   Section        0  libinit2.o(.ARM.Collect$$libinit$$00000023)
    .ARM.Collect$$libinit$$00000024          0x08000214   Section        4  libinit2.o(.ARM.Collect$$libinit$$00000024)
    .ARM.Collect$$libinit$$00000025          0x08000218   Section        0  libinit2.o(.ARM.Collect$$libinit$$00000025)
    .ARM.Collect$$libinit$$0000002C          0x08000218   Section        0  libinit2.o(.ARM.Collect$$libinit$$0000002C)
    .ARM.Collect$$libinit$$0000002E          0x08000218   Section        0  libinit2.o(.ARM.Collect$$libinit$$0000002E)
    .ARM.Collect$$libinit$$00000030          0x08000218   Section        0  libinit2.o(.ARM.Collect$$libinit$$00000030)
    .ARM.Collect$$libinit$$00000032          0x08000218   Section        0  libinit2.o(.ARM.Collect$$libinit$$00000032)
    .ARM.Collect$$libinit$$00000033          0x08000218   Section        2  libinit2.o(.ARM.Collect$$libinit$$00000033)
    .ARM.Collect$$libshutdown$$00000000      0x0800021a   Section        2  libshutdown.o(.ARM.Collect$$libshutdown$$00000000)
    .ARM.Collect$$libshutdown$$00000002      0x0800021c   Section        0  libshutdown2.o(.ARM.Collect$$libshutdown$$00000002)
    .ARM.Collect$$libshutdown$$00000003      0x0800021c   Section        4  libshutdown2.o(.ARM.Collect$$libshutdown$$00000003)
    .ARM.Collect$$libshutdown$$00000004      0x08000220   Section        0  libshutdown2.o(.ARM.Collect$$libshutdown$$00000004)
    .ARM.Collect$$libshutdown$$00000007      0x08000220   Section        0  libshutdown2.o(.ARM.Collect$$libshutdown$$00000007)
    .ARM.Collect$$libshutdown$$0000000A      0x08000220   Section        0  libshutdown2.o(.ARM.Collect$$libshutdown$$0000000A)
    .ARM.Collect$$libshutdown$$0000000C      0x08000220   Section        0  libshutdown2.o(.ARM.Collect$$libshutdown$$0000000C)
    .ARM.Collect$$libshutdown$$0000000F      0x08000220   Section        0  libshutdown2.o(.ARM.Collect$$libshutdown$$0000000F)
    .ARM.Collect$$libshutdown$$00000010      0x08000220   Section        2  libshutdown2.o(.ARM.Collect$$libshutdown$$00000010)
    .ARM.Collect$$rtentry$$00000000          0x08000222   Section        0  __rtentry.o(.ARM.Collect$$rtentry$$00000000)
    .ARM.Collect$$rtentry$$00000002          0x08000222   Section        0  __rtentry2.o(.ARM.Collect$$rtentry$$00000002)
    .ARM.Collect$$rtentry$$00000004          0x08000222   Section        6  __rtentry4.o(.ARM.Collect$$rtentry$$00000004)
    .ARM.Collect$$rtentry$$00000009          0x08000228   Section        0  __rtentry2.o(.ARM.Collect$$rtentry$$00000009)
    .ARM.Collect$$rtentry$$0000000A          0x08000228   Section        4  __rtentry2.o(.ARM.Collect$$rtentry$$0000000A)
    .ARM.Collect$$rtentry$$0000000C          0x0800022c   Section        0  __rtentry2.o(.ARM.Collect$$rtentry$$0000000C)
    .ARM.Collect$$rtentry$$0000000D          0x0800022c   Section        8  __rtentry2.o(.ARM.Collect$$rtentry$$0000000D)
    .ARM.Collect$$rtexit$$00000000           0x08000234   Section        2  rtexit.o(.ARM.Collect$$rtexit$$00000000)
    .ARM.Collect$$rtexit$$00000002           0x08000236   Section        0  rtexit2.o(.ARM.Collect$$rtexit$$00000002)
    .ARM.Collect$$rtexit$$00000003           0x08000236   Section        4  rtexit2.o(.ARM.Collect$$rtexit$$00000003)
    .ARM.Collect$$rtexit$$00000004           0x0800023a   Section        6  rtexit2.o(.ARM.Collect$$rtexit$$00000004)
    $v0                                      0x08000240   Number         0  startup_stm32f405xx.o(.text)
    .text                                    0x08000240   Section       64  startup_stm32f405xx.o(.text)
    .text                                    0x08000280   Section      240  lludivv7m.o(.text)
    .text                                    0x08000370   Section        0  noretval__2printf.o(.text)
    .text                                    0x08000388   Section        0  __printf.o(.text)
    .text                                    0x080003f0   Section        0  _printf_dec.o(.text)
    .text                                    0x08000468   Section       78  rt_memclr_w.o(.text)
    .text                                    0x080004b8   Section      124  strcmpv7em.o(.text)
    .text                                    0x08000534   Section        0  heapauxi.o(.text)
    .text                                    0x0800053a   Section        0  _printf_intcommon.o(.text)
    .text                                    0x080005ec   Section        0  _printf_char_file.o(.text)
    _printf_input_char                       0x08000611   Thumb Code    10  _printf_char_common.o(.text)
    .text                                    0x08000610   Section        0  _printf_char_common.o(.text)
    .text                                    0x08000640   Section        0  ferror.o(.text)
    .text                                    0x08000648   Section        0  initio.o(.text)
    .text                                    0x08000780   Section       74  sys_stackheap_outer.o(.text)
    .text                                    0x080007ca   Section        0  h1_free.o(.text)
    .text                                    0x08000818   Section        0  setvbuf.o(.text)
    _freopen_locked                          0x08000861   Thumb Code     0  fopen.o(.text)
    .text                                    0x08000860   Section        0  fopen.o(.text)
    .text                                    0x08000950   Section        0  fclose.o(.text)
    .text                                    0x0800099c   Section        0  exit.o(.text)
    .text                                    0x080009ae   Section        0  defsig_rtred_outer.o(.text)
    .text                                    0x080009bc   Section        8  libspace.o(.text)
    .text                                    0x080009c4   Section        8  rt_heap_descriptor_intlibspace.o(.text)
    .text                                    0x080009cc   Section        0  hguard.o(.text)
    .text                                    0x080009d0   Section        0  init_alloc.o(.text)
    .text                                    0x08000a5a   Section        0  h1_alloc.o(.text)
    .text                                    0x08000ab8   Section        0  fseek.o(.text)
    .text                                    0x08000bb0   Section        0  stdio.o(.text)
    .text                                    0x08000ca0   Section        0  defsig_exit.o(.text)
    .text                                    0x08000cac   Section        0  defsig_rtred_inner.o(.text)
    .text                                    0x08000ce0   Section        0  sys_exit.o(.text)
    .text                                    0x08000cec   Section        0  maybetermalloc1.o(.text)
    .text                                    0x08000cec   Section        0  h1_init.o(.text)
    .text                                    0x08000cfa   Section        0  h1_extend.o(.text)
    .text                                    0x08000d2e   Section        0  ftell.o(.text)
    .text                                    0x08000d70   Section        0  defsig_general.o(.text)
    .text                                    0x08000da2   Section        0  defsig_rtmem_outer.o(.text)
    .text                                    0x08000db0   Section        0  sys_wrch.o(.text)
    .text                                    0x08000dbe   Section        2  use_no_semi.o(.text)
    .text                                    0x08000dc0   Section        0  indicate_semi.o(.text)
    .text                                    0x08000dc0   Section        8  rt_errno_addr_intlibspace.o(.text)
    .text                                    0x08000dc8   Section        0  defsig_rtmem_inner.o(.text)
    [Anonymous Symbol]                       0x08000e18   Section        0  stm32f4xx_it.o(.text.BusFault_Handler)
    [Anonymous Symbol]                       0x08000e1a   Section        0  stm32f4xx_it.o(.text.DebugMon_Handler)
    [Anonymous Symbol]                       0x08000e1c   Section        0  stm32f4xx_it.o(.text.EXTI0_IRQHandler)
    [Anonymous Symbol]                       0x08000e22   Section        0  stm32f4xx_it.o(.text.EXTI1_IRQHandler)
    [Anonymous Symbol]                       0x08000e28   Section        0  stm32f4xx_it.o(.text.EXTI2_IRQHandler)
    [Anonymous Symbol]                       0x08000e2e   Section        0  stm32f4xx_it.o(.text.EXTI3_IRQHandler)
    [Anonymous Symbol]                       0x08000e34   Section        0  stm32f4xx_hal_dma.o(.text.HAL_DMA_Abort)
    [Anonymous Symbol]                       0x08000eb4   Section        0  stm32f4xx_hal_dma.o(.text.HAL_DMA_Abort_IT)
    [Anonymous Symbol]                       0x08000ed8   Section        0  stm32f4xx_hal_gpio.o(.text.HAL_GPIO_EXTI_Callback)
    [Anonymous Symbol]                       0x08000edc   Section        0  stm32f4xx_hal_gpio.o(.text.HAL_GPIO_EXTI_IRQHandler)
    __arm_cp.6_0                             0x08000eec   Number         4  stm32f4xx_hal_gpio.o(.text.HAL_GPIO_EXTI_IRQHandler)
    [Anonymous Symbol]                       0x08000ef0   Section        0  stm32f4xx_hal_gpio.o(.text.HAL_GPIO_Init)
    __arm_cp.0_0                             0x08001084   Number         4  stm32f4xx_hal_gpio.o(.text.HAL_GPIO_Init)
    __arm_cp.0_1                             0x08001088   Number         4  stm32f4xx_hal_gpio.o(.text.HAL_GPIO_Init)
    __arm_cp.0_2                             0x0800108c   Number         4  stm32f4xx_hal_gpio.o(.text.HAL_GPIO_Init)
    __arm_cp.0_3                             0x08001090   Number         4  stm32f4xx_hal_gpio.o(.text.HAL_GPIO_Init)
    __arm_cp.0_4                             0x08001094   Number         4  stm32f4xx_hal_gpio.o(.text.HAL_GPIO_Init)
    __arm_cp.0_5                             0x08001098   Number         4  stm32f4xx_hal_gpio.o(.text.HAL_GPIO_Init)
    [Anonymous Symbol]                       0x0800109c   Section        0  stm32f4xx_hal.o(.text.HAL_GetTick)
    [Anonymous Symbol]                       0x080010a4   Section        0  stm32f4xx_hal.o(.text.HAL_IncTick)
    __arm_cp.5_1                             0x080010b4   Number         4  stm32f4xx_hal.o(.text.HAL_IncTick)
    [Anonymous Symbol]                       0x080010b8   Section        0  stm32f4xx_hal.o(.text.HAL_Init)
    __arm_cp.0_0                             0x080010e0   Number         4  stm32f4xx_hal.o(.text.HAL_Init)
    [Anonymous Symbol]                       0x080010e4   Section        0  stm32f4xx_hal.o(.text.HAL_InitTick)
    __arm_cp.1_0                             0x0800111c   Number         4  stm32f4xx_hal.o(.text.HAL_InitTick)
    [Anonymous Symbol]                       0x08001120   Section        0  stm32f4xx_hal.o(.text.HAL_MspInit)
    [Anonymous Symbol]                       0x08001124   Section        0  stm32f4xx_hal_cortex.o(.text.HAL_NVIC_SetPriority)
    [Anonymous Symbol]                       0x0800115c   Section        0  stm32f4xx_hal_cortex.o(.text.HAL_NVIC_SetPriorityGrouping)
    __arm_cp.0_0                             0x08001174   Number         4  stm32f4xx_hal_cortex.o(.text.HAL_NVIC_SetPriorityGrouping)
    __arm_cp.0_1                             0x08001178   Number         4  stm32f4xx_hal_cortex.o(.text.HAL_NVIC_SetPriorityGrouping)
    [Anonymous Symbol]                       0x0800117c   Section        0  stm32f4xx_hal_rcc.o(.text.HAL_RCC_GetPCLK1Freq)
    [Anonymous Symbol]                       0x08001190   Section        0  stm32f4xx_hal_rcc.o(.text.HAL_RCC_GetPCLK2Freq)
    __arm_cp.9_0                             0x080011a4   Number         4  stm32f4xx_hal_rcc.o(.text.HAL_RCC_GetPCLK2Freq)
    __arm_cp.9_1                             0x080011a8   Number         4  stm32f4xx_hal_rcc.o(.text.HAL_RCC_GetPCLK2Freq)
    __arm_cp.9_2                             0x080011ac   Number         4  stm32f4xx_hal_rcc.o(.text.HAL_RCC_GetPCLK2Freq)
    [Anonymous Symbol]                       0x080011b0   Section        0  stm32f4xx_hal_cortex.o(.text.HAL_SYSTICK_Config)
    __arm_cp.7_0                             0x080011d0   Number         4  stm32f4xx_hal_cortex.o(.text.HAL_SYSTICK_Config)
    __arm_cp.7_1                             0x080011d4   Number         4  stm32f4xx_hal_cortex.o(.text.HAL_SYSTICK_Config)
    [Anonymous Symbol]                       0x080011d8   Section        0  stm32f4xx_hal_tim_ex.o(.text.HAL_TIMEx_BreakCallback)
    [Anonymous Symbol]                       0x080011da   Section        0  stm32f4xx_hal_tim_ex.o(.text.HAL_TIMEx_CommutCallback)
    [Anonymous Symbol]                       0x080011dc   Section        0  stm32f4xx_hal_tim.o(.text.HAL_TIM_IC_CaptureCallback)
    [Anonymous Symbol]                       0x080011de   Section        0  stm32f4xx_hal_tim.o(.text.HAL_TIM_IRQHandler)
    [Anonymous Symbol]                       0x0800134a   Section        0  stm32f4xx_hal_tim.o(.text.HAL_TIM_OC_DelayElapsedCallback)
    [Anonymous Symbol]                       0x0800134c   Section        0  stm32f4xx_hal_tim.o(.text.HAL_TIM_PWM_PulseFinishedCallback)
    [Anonymous Symbol]                       0x0800134e   Section        0  stm32f4xx_hal_tim.o(.text.HAL_TIM_PeriodElapsedCallback)
    [Anonymous Symbol]                       0x08001350   Section        0  stm32f4xx_hal_tim.o(.text.HAL_TIM_TriggerCallback)
    [Anonymous Symbol]                       0x08001352   Section        0  stm32f4xx_hal_uart.o(.text.HAL_UARTEx_RxEventCallback)
    [Anonymous Symbol]                       0x08001354   Section        0  stm32f4xx_hal_uart.o(.text.HAL_UART_ErrorCallback)
    [Anonymous Symbol]                       0x08001358   Section        0  stm32f4xx_hal_uart.o(.text.HAL_UART_IRQHandler)
    __arm_cp.41_0                            0x080015e0   Number         4  stm32f4xx_hal_uart.o(.text.HAL_UART_IRQHandler)
    [Anonymous Symbol]                       0x080015e4   Section        0  stm32f4xx_hal_uart.o(.text.HAL_UART_Init)
    [Anonymous Symbol]                       0x08001640   Section        0  stm32f4xx_hal_uart.o(.text.HAL_UART_MspInit)
    [Anonymous Symbol]                       0x08001642   Section        0  stm32f4xx_hal_uart.o(.text.HAL_UART_RxCpltCallback)
    [Anonymous Symbol]                       0x08001644   Section        0  stm32f4xx_hal_uart.o(.text.HAL_UART_Transmit)
    [Anonymous Symbol]                       0x08001700   Section        0  stm32f4xx_hal_uart.o(.text.HAL_UART_TxCpltCallback)
    [Anonymous Symbol]                       0x08001702   Section        0  stm32f4xx_it.o(.text.HardFault_Handler)
    [Anonymous Symbol]                       0x08001704   Section        0  stm32f4xx_it.o(.text.MemManage_Handler)
    [Anonymous Symbol]                       0x08001706   Section        0  stm32f4xx_it.o(.text.NMI_Handler)
    [Anonymous Symbol]                       0x08001708   Section        0  stm32f4xx_it.o(.text.PendSV_Handler)
    [Anonymous Symbol]                       0x0800170a   Section        0  stm32f4xx_it.o(.text.SVC_Handler)
    [Anonymous Symbol]                       0x0800170c   Section        0  stm32f4xx_it.o(.text.SysTick_Handler)
    [Anonymous Symbol]                       0x08001710   Section        0  system_stm32f4xx.o(.text.SystemInit)
    __arm_cp.0_0                             0x0800171c   Number         4  system_stm32f4xx.o(.text.SystemInit)
    [Anonymous Symbol]                       0x08001720   Section        0  stm32f4xx_it.o(.text.TIM1_BRK_TIM9_IRQHandler)
    __arm_cp.17_0                            0x08001728   Number         4  stm32f4xx_it.o(.text.TIM1_BRK_TIM9_IRQHandler)
    [Anonymous Symbol]                       0x0800172c   Section        0  stm32f4xx_it.o(.text.TIM1_CC_IRQHandler)
    __arm_cp.13_0                            0x08001734   Number         4  stm32f4xx_it.o(.text.TIM1_CC_IRQHandler)
    [Anonymous Symbol]                       0x08001738   Section        0  stm32f4xx_it.o(.text.TIM1_UP_TIM10_IRQHandler)
    __arm_cp.18_0                            0x08001740   Number         4  stm32f4xx_it.o(.text.TIM1_UP_TIM10_IRQHandler)
    [Anonymous Symbol]                       0x08001744   Section        0  stm32f4xx_it.o(.text.TIM2_IRQHandler)
    __arm_cp.14_0                            0x0800174c   Number         4  stm32f4xx_it.o(.text.TIM2_IRQHandler)
    [Anonymous Symbol]                       0x08001750   Section        0  stm32f4xx_it.o(.text.TIM4_IRQHandler)
    __arm_cp.15_0                            0x08001758   Number         4  stm32f4xx_it.o(.text.TIM4_IRQHandler)
    [Anonymous Symbol]                       0x0800175c   Section        0  stm32f4xx_it.o(.text.TIM7_IRQHandler)
    __arm_cp.16_0                            0x08001764   Number         4  stm32f4xx_it.o(.text.TIM7_IRQHandler)
    [Anonymous Symbol]                       0x08001768   Section        0  uart_prn.o(.text.UART1_Init)
    __arm_cp.0_0                             0x080017d8   Number         4  uart_prn.o(.text.UART1_Init)
    __arm_cp.0_2                             0x080017dc   Number         4  uart_prn.o(.text.UART1_Init)
    UART_DMAAbortOnError                     0x080017e1   Thumb Code    12  stm32f4xx_hal_uart.o(.text.UART_DMAAbortOnError)
    [Anonymous Symbol]                       0x080017e0   Section        0  stm32f4xx_hal_uart.o(.text.UART_DMAAbortOnError)
    UART_EndRxTransfer                       0x080017ed   Thumb Code    78  stm32f4xx_hal_uart.o(.text.UART_EndRxTransfer)
    [Anonymous Symbol]                       0x080017ec   Section        0  stm32f4xx_hal_uart.o(.text.UART_EndRxTransfer)
    UART_Receive_IT                          0x0800183b   Thumb Code   194  stm32f4xx_hal_uart.o(.text.UART_Receive_IT)
    [Anonymous Symbol]                       0x0800183a   Section        0  stm32f4xx_hal_uart.o(.text.UART_Receive_IT)
    UART_SetConfig                           0x080018fd   Thumb Code   200  stm32f4xx_hal_uart.o(.text.UART_SetConfig)
    [Anonymous Symbol]                       0x080018fc   Section        0  stm32f4xx_hal_uart.o(.text.UART_SetConfig)
    __arm_cp.2_0                             0x080019c0   Number         4  stm32f4xx_hal_uart.o(.text.UART_SetConfig)
    UART_WaitOnFlagUntilTimeout              0x080019c5   Thumb Code   110  stm32f4xx_hal_uart.o(.text.UART_WaitOnFlagUntilTimeout)
    [Anonymous Symbol]                       0x080019c4   Section        0  stm32f4xx_hal_uart.o(.text.UART_WaitOnFlagUntilTimeout)
    [Anonymous Symbol]                       0x08001a34   Section        0  stm32f4xx_it.o(.text.USART1_IRQHandler)
    [Anonymous Symbol]                       0x08001a3c   Section        0  stm32f4xx_it.o(.text.UsageFault_Handler)
    __NVIC_SetPriority                       0x08001a41   Thumb Code    36  stm32f4xx_hal_cortex.o(.text.__NVIC_SetPriority)
    [Anonymous Symbol]                       0x08001a40   Section        0  stm32f4xx_hal_cortex.o(.text.__NVIC_SetPriority)
    __arm_cp.2_0                             0x08001a5c   Number         4  stm32f4xx_hal_cortex.o(.text.__NVIC_SetPriority)
    __arm_cp.2_1                             0x08001a60   Number         4  stm32f4xx_hal_cortex.o(.text.__NVIC_SetPriority)
    [Anonymous Symbol]                       0x08001a64   Section        0  retarget_io.o(.text._sys_close)
    [Anonymous Symbol]                       0x08001a76   Section        0  retarget_io.o(.text._sys_flen)
    [Anonymous Symbol]                       0x08001a7a   Section        0  retarget_io.o(.text._sys_istty)
    [Anonymous Symbol]                       0x08001a8c   Section        0  retarget_io.o(.text._sys_open)
    __arm_cp.0_0                             0x08001ad8   Number         4  retarget_io.o(.text._sys_open)
    __arm_cp.0_1                             0x08001adc   Number         4  retarget_io.o(.text._sys_open)
    __arm_cp.0_2                             0x08001ae0   Number         4  retarget_io.o(.text._sys_open)
    [Anonymous Symbol]                       0x08001ae4   Section        0  retarget_io.o(.text._sys_seek)
    [Anonymous Symbol]                       0x08001aea   Section        0  retarget_io.o(.text._sys_write)
    [Anonymous Symbol]                       0x08001b18   Section        0  uart_prn.o(.text.fputc)
    __arm_cp.1_0                             0x08001b2c   Number         4  uart_prn.o(.text.fputc)
    [Anonymous Symbol]                       0x08001b30   Section        0  practice.o(.text.main)
    __arm_cp.0_0                             0x08001ba8   Number         4  practice.o(.text.main)
    __arm_cp.0_1                             0x08001bac   Number         4  practice.o(.text.main)
    $v0                                      0x08001bb8   Number         0  fpinit.o(x$fpl$fpinit)
    x$fpl$fpinit                             0x08001bb8   Section       26  fpinit.o(x$fpl$fpinit)
    .data                                    0x20000000   Section        4  stdio_streams.o(.data)
    .data                                    0x20000004   Section        4  stdio_streams.o(.data)
    .data                                    0x20000008   Section        4  stdio_streams.o(.data)
    [Anonymous Symbol]                       0x2000000c   Section        0  stm32f4xx_hal.o(.data..L_MergedGlobals)
    .bss                                     0x20000018   Section       84  stdio_streams.o(.bss)
    .bss                                     0x2000006c   Section       84  stdio_streams.o(.bss)
    .bss                                     0x200000c0   Section       84  stdio_streams.o(.bss)
    .bss                                     0x20000114   Section       96  libspace.o(.bss)
    Heap_Mem                                 0x20000370   Data         512  startup_stm32f405xx.o(HEAP)
    HEAP                                     0x20000370   Section      512  startup_stm32f405xx.o(HEAP)
    Stack_Mem                                0x20000570   Data        1024  startup_stm32f405xx.o(STACK)
    STACK                                    0x20000570   Section     1024  startup_stm32f405xx.o(STACK)
    __initial_sp                             0x20000970   Data           0  startup_stm32f405xx.o(STACK)

    Global Symbols

    Symbol Name                              Value     Ov Type        Size  Object(Section)

    BuildAttributes$$THM_ISAv4$E$P$D$K$B$S$7EM$VFPi3$EXTD16$VFPS$VFMA$PE$A:L22UL41UL21$X:L11$S22US41US21$IEEE1$IW$~IW$USESV6$~STKCKD$USESV7$~SHL$OTIME$ROPI$EBA8$UX$STANDARDLIB$REQ8$PRES8$EABIv2 0x00000000   Number         0  anon$$obj.o ABSOLUTE
    __ARM_exceptions_init                     - Undefined Weak Reference
    __alloca_initialize                       - Undefined Weak Reference
    __arm_preinit_                            - Undefined Weak Reference
    __cpp_initialize__aeabi_                  - Undefined Weak Reference
    __cxa_finalize                            - Undefined Weak Reference
    __rt_locale                               - Undefined Weak Reference
    __sigvec_lookup                           - Undefined Weak Reference
    __user_heap_extent                        - Undefined Weak Reference
    _atexit_init                              - Undefined Weak Reference
    _call_atexit_fns                          - Undefined Weak Reference
    _clock_init                               - Undefined Weak Reference
    _fp_trap_init                             - Undefined Weak Reference
    _fp_trap_shutdown                         - Undefined Weak Reference
    _get_lc_collate                           - Undefined Weak Reference
    _get_lc_ctype                             - Undefined Weak Reference
    _get_lc_monetary                          - Undefined Weak Reference
    _get_lc_numeric                           - Undefined Weak Reference
    _get_lc_time                              - Undefined Weak Reference
    _getenv_init                              - Undefined Weak Reference
    _handle_redirection                       - Undefined Weak Reference
    _mutex_acquire                            - Undefined Weak Reference
    _mutex_free                               - Undefined Weak Reference
    _mutex_release                            - Undefined Weak Reference
    _printf_post_padding                      - Undefined Weak Reference
    _printf_pre_padding                       - Undefined Weak Reference
    _printf_truncate_signed                   - Undefined Weak Reference
    _printf_truncate_unsigned                 - Undefined Weak Reference
    _rand_init                                - Undefined Weak Reference
    _signal_finish                            - Undefined Weak Reference
    _signal_init                              - Undefined Weak Reference
    __Vectors_Size                           0x00000188   Number         0  startup_stm32f405xx.o ABSOLUTE
    __Vectors                                0x08000000   Data           4  startup_stm32f405xx.o(RESET)
    __Vectors_End                            0x08000188   Data           0  startup_stm32f405xx.o(RESET)
    __main                                   0x08000189   Thumb Code     8  __main.o(!!!main)
    __scatterload                            0x08000191   Thumb Code     0  __scatter.o(!!!scatter)
    __scatterload_rt2                        0x08000191   Thumb Code    44  __scatter.o(!!!scatter)
    __scatterload_rt2_thumb_only             0x08000191   Thumb Code     0  __scatter.o(!!!scatter)
    __scatterload_null                       0x0800019f   Thumb Code     0  __scatter.o(!!!scatter)
    __scatterload_copy                       0x080001c5   Thumb Code    26  __scatter_copy.o(!!handler_copy)
    __scatterload_zeroinit                   0x080001e1   Thumb Code    28  __scatter_zi.o(!!handler_zi)
    _printf_d                                0x080001fd   Thumb Code     0  _printf_d.o(.ARM.Collect$$_printf_percent$$00000009)
    _printf_percent                          0x080001fd   Thumb Code     0  _printf_percent.o(.ARM.Collect$$_printf_percent$$00000000)
    _printf_percent_end                      0x08000203   Thumb Code     0  _printf_percent_end.o(.ARM.Collect$$_printf_percent$$00000017)
    __rt_lib_init                            0x08000207   Thumb Code     0  libinit.o(.ARM.Collect$$libinit$$00000000)
    __rt_lib_init_fp_1                       0x08000209   Thumb Code     0  libinit2.o(.ARM.Collect$$libinit$$00000001)
    __rt_lib_init_heap_2                     0x0800020d   Thumb Code     0  libinit2.o(.ARM.Collect$$libinit$$00000005)
    __rt_lib_init_preinit_1                  0x0800020d   Thumb Code     0  libinit2.o(.ARM.Collect$$libinit$$00000004)
    __rt_lib_init_atexit_1                   0x08000215   Thumb Code     0  libinit2.o(.ARM.Collect$$libinit$$0000001B)
    __rt_lib_init_clock_1                    0x08000215   Thumb Code     0  libinit2.o(.ARM.Collect$$libinit$$00000021)
    __rt_lib_init_fp_trap_1                  0x08000215   Thumb Code     0  libinit2.o(.ARM.Collect$$libinit$$0000001F)
    __rt_lib_init_getenv_1                   0x08000215   Thumb Code     0  libinit2.o(.ARM.Collect$$libinit$$00000023)
    __rt_lib_init_heap_1                     0x08000215   Thumb Code     0  libinit2.o(.ARM.Collect$$libinit$$0000000A)
    __rt_lib_init_lc_collate_1               0x08000215   Thumb Code     0  libinit2.o(.ARM.Collect$$libinit$$00000011)
    __rt_lib_init_lc_ctype_1                 0x08000215   Thumb Code     0  libinit2.o(.ARM.Collect$$libinit$$00000013)
    __rt_lib_init_lc_monetary_1              0x08000215   Thumb Code     0  libinit2.o(.ARM.Collect$$libinit$$00000015)
    __rt_lib_init_lc_numeric_1               0x08000215   Thumb Code     0  libinit2.o(.ARM.Collect$$libinit$$00000017)
    __rt_lib_init_lc_time_1                  0x08000215   Thumb Code     0  libinit2.o(.ARM.Collect$$libinit$$00000019)
    __rt_lib_init_rand_1                     0x08000215   Thumb Code     0  libinit2.o(.ARM.Collect$$libinit$$0000000E)
    __rt_lib_init_signal_1                   0x08000215   Thumb Code     0  libinit2.o(.ARM.Collect$$libinit$$0000001D)
    __rt_lib_init_stdio_2                    0x08000215   Thumb Code     0  libinit2.o(.ARM.Collect$$libinit$$00000024)
    __rt_lib_init_user_alloc_1               0x08000215   Thumb Code     0  libinit2.o(.ARM.Collect$$libinit$$0000000C)
    __rt_lib_init_alloca_1                   0x08000219   Thumb Code     0  libinit2.o(.ARM.Collect$$libinit$$0000002E)
    __rt_lib_init_argv_1                     0x08000219   Thumb Code     0  libinit2.o(.ARM.Collect$$libinit$$0000002C)
    __rt_lib_init_cpp_1                      0x08000219   Thumb Code     0  libinit2.o(.ARM.Collect$$libinit$$00000032)
    __rt_lib_init_exceptions_1               0x08000219   Thumb Code     0  libinit2.o(.ARM.Collect$$libinit$$00000030)
    __rt_lib_init_return                     0x08000219   Thumb Code     0  libinit2.o(.ARM.Collect$$libinit$$00000033)
    __rt_lib_init_stdio_1                    0x08000219   Thumb Code     0  libinit2.o(.ARM.Collect$$libinit$$00000025)
    __rt_lib_shutdown                        0x0800021b   Thumb Code     0  libshutdown.o(.ARM.Collect$$libshutdown$$00000000)
    __rt_lib_shutdown_cpp_1                  0x0800021d   Thumb Code     0  libshutdown2.o(.ARM.Collect$$libshutdown$$00000002)
    __rt_lib_shutdown_stdio_2                0x0800021d   Thumb Code     0  libshutdown2.o(.ARM.Collect$$libshutdown$$00000003)
    __rt_lib_shutdown_fp_trap_1              0x08000221   Thumb Code     0  libshutdown2.o(.ARM.Collect$$libshutdown$$00000007)
    __rt_lib_shutdown_heap_1                 0x08000221   Thumb Code     0  libshutdown2.o(.ARM.Collect$$libshutdown$$0000000F)
    __rt_lib_shutdown_return                 0x08000221   Thumb Code     0  libshutdown2.o(.ARM.Collect$$libshutdown$$00000010)
    __rt_lib_shutdown_signal_1               0x08000221   Thumb Code     0  libshutdown2.o(.ARM.Collect$$libshutdown$$0000000A)
    __rt_lib_shutdown_stdio_1                0x08000221   Thumb Code     0  libshutdown2.o(.ARM.Collect$$libshutdown$$00000004)
    __rt_lib_shutdown_user_alloc_1           0x08000221   Thumb Code     0  libshutdown2.o(.ARM.Collect$$libshutdown$$0000000C)
    __rt_entry                               0x08000223   Thumb Code     0  __rtentry.o(.ARM.Collect$$rtentry$$00000000)
    __rt_entry_presh_1                       0x08000223   Thumb Code     0  __rtentry2.o(.ARM.Collect$$rtentry$$00000002)
    __rt_entry_sh                            0x08000223   Thumb Code     0  __rtentry4.o(.ARM.Collect$$rtentry$$00000004)
    __rt_entry_li                            0x08000229   Thumb Code     0  __rtentry2.o(.ARM.Collect$$rtentry$$0000000A)
    __rt_entry_postsh_1                      0x08000229   Thumb Code     0  __rtentry2.o(.ARM.Collect$$rtentry$$00000009)
    __rt_entry_main                          0x0800022d   Thumb Code     0  __rtentry2.o(.ARM.Collect$$rtentry$$0000000D)
    __rt_entry_postli_1                      0x0800022d   Thumb Code     0  __rtentry2.o(.ARM.Collect$$rtentry$$0000000C)
    __rt_exit                                0x08000235   Thumb Code     0  rtexit.o(.ARM.Collect$$rtexit$$00000000)
    __rt_exit_ls                             0x08000237   Thumb Code     0  rtexit2.o(.ARM.Collect$$rtexit$$00000003)
    __rt_exit_prels_1                        0x08000237   Thumb Code     0  rtexit2.o(.ARM.Collect$$rtexit$$00000002)
    __rt_exit_exit                           0x0800023b   Thumb Code     0  rtexit2.o(.ARM.Collect$$rtexit$$00000004)
    Reset_Handler                            0x08000241   Thumb Code     8  startup_stm32f405xx.o(.text)
    ADC_IRQHandler                           0x0800025b   Thumb Code     0  startup_stm32f405xx.o(.text)
    CAN1_RX0_IRQHandler                      0x0800025b   Thumb Code     0  startup_stm32f405xx.o(.text)
    CAN1_RX1_IRQHandler                      0x0800025b   Thumb Code     0  startup_stm32f405xx.o(.text)
    CAN1_SCE_IRQHandler                      0x0800025b   Thumb Code     0  startup_stm32f405xx.o(.text)
    CAN1_TX_IRQHandler                       0x0800025b   Thumb Code     0  startup_stm32f405xx.o(.text)
    CAN2_RX0_IRQHandler                      0x0800025b   Thumb Code     0  startup_stm32f405xx.o(.text)
    CAN2_RX1_IRQHandler                      0x0800025b   Thumb Code     0  startup_stm32f405xx.o(.text)
    CAN2_SCE_IRQHandler                      0x0800025b   Thumb Code     0  startup_stm32f405xx.o(.text)
    CAN2_TX_IRQHandler                       0x0800025b   Thumb Code     0  startup_stm32f405xx.o(.text)
    DMA1_Stream0_IRQHandler                  0x0800025b   Thumb Code     0  startup_stm32f405xx.o(.text)
    DMA1_Stream1_IRQHandler                  0x0800025b   Thumb Code     0  startup_stm32f405xx.o(.text)
    DMA1_Stream2_IRQHandler                  0x0800025b   Thumb Code     0  startup_stm32f405xx.o(.text)
    DMA1_Stream3_IRQHandler                  0x0800025b   Thumb Code     0  startup_stm32f405xx.o(.text)
    DMA1_Stream4_IRQHandler                  0x0800025b   Thumb Code     0  startup_stm32f405xx.o(.text)
    DMA1_Stream5_IRQHandler                  0x0800025b   Thumb Code     0  startup_stm32f405xx.o(.text)
    DMA1_Stream6_IRQHandler                  0x0800025b   Thumb Code     0  startup_stm32f405xx.o(.text)
    DMA1_Stream7_IRQHandler                  0x0800025b   Thumb Code     0  startup_stm32f405xx.o(.text)
    DMA2_Stream0_IRQHandler                  0x0800025b   Thumb Code     0  startup_stm32f405xx.o(.text)
    DMA2_Stream1_IRQHandler                  0x0800025b   Thumb Code     0  startup_stm32f405xx.o(.text)
    DMA2_Stream2_IRQHandler                  0x0800025b   Thumb Code     0  startup_stm32f405xx.o(.text)
    DMA2_Stream3_IRQHandler                  0x0800025b   Thumb Code     0  startup_stm32f405xx.o(.text)
    DMA2_Stream4_IRQHandler                  0x0800025b   Thumb Code     0  startup_stm32f405xx.o(.text)
    DMA2_Stream5_IRQHandler                  0x0800025b   Thumb Code     0  startup_stm32f405xx.o(.text)
    DMA2_Stream6_IRQHandler                  0x0800025b   Thumb Code     0  startup_stm32f405xx.o(.text)
    DMA2_Stream7_IRQHandler                  0x0800025b   Thumb Code     0  startup_stm32f405xx.o(.text)
    EXTI15_10_IRQHandler                     0x0800025b   Thumb Code     0  startup_stm32f405xx.o(.text)
    EXTI4_IRQHandler                         0x0800025b   Thumb Code     0  startup_stm32f405xx.o(.text)
    EXTI9_5_IRQHandler                       0x0800025b   Thumb Code     0  startup_stm32f405xx.o(.text)
    FLASH_IRQHandler                         0x0800025b   Thumb Code     0  startup_stm32f405xx.o(.text)
    FMC_IRQHandler                           0x0800025b   Thumb Code     0  startup_stm32f405xx.o(.text)
    FPU_IRQHandler                           0x0800025b   Thumb Code     0  startup_stm32f405xx.o(.text)
    HASH_RNG_IRQHandler                      0x0800025b   Thumb Code     0  startup_stm32f405xx.o(.text)
    I2C1_ER_IRQHandler                       0x0800025b   Thumb Code     0  startup_stm32f405xx.o(.text)
    I2C1_EV_IRQHandler                       0x0800025b   Thumb Code     0  startup_stm32f405xx.o(.text)
    I2C2_ER_IRQHandler                       0x0800025b   Thumb Code     0  startup_stm32f405xx.o(.text)
    I2C2_EV_IRQHandler                       0x0800025b   Thumb Code     0  startup_stm32f405xx.o(.text)
    I2C3_ER_IRQHandler                       0x0800025b   Thumb Code     0  startup_stm32f405xx.o(.text)
    I2C3_EV_IRQHandler                       0x0800025b   Thumb Code     0  startup_stm32f405xx.o(.text)
    OTG_FS_IRQHandler                        0x0800025b   Thumb Code     0  startup_stm32f405xx.o(.text)
    OTG_FS_WKUP_IRQHandler                   0x0800025b   Thumb Code     0  startup_stm32f405xx.o(.text)
    OTG_HS_EP1_IN_IRQHandler                 0x0800025b   Thumb Code     0  startup_stm32f405xx.o(.text)
    OTG_HS_EP1_OUT_IRQHandler                0x0800025b   Thumb Code     0  startup_stm32f405xx.o(.text)
    OTG_HS_IRQHandler                        0x0800025b   Thumb Code     0  startup_stm32f405xx.o(.text)
    OTG_HS_WKUP_IRQHandler                   0x0800025b   Thumb Code     0  startup_stm32f405xx.o(.text)
    PVD_IRQHandler                           0x0800025b   Thumb Code     0  startup_stm32f405xx.o(.text)
    RCC_IRQHandler                           0x0800025b   Thumb Code     0  startup_stm32f405xx.o(.text)
    RTC_Alarm_IRQHandler                     0x0800025b   Thumb Code     0  startup_stm32f405xx.o(.text)
    RTC_WKUP_IRQHandler                      0x0800025b   Thumb Code     0  startup_stm32f405xx.o(.text)
    SDIO_IRQHandler                          0x0800025b   Thumb Code     0  startup_stm32f405xx.o(.text)
    SPI1_IRQHandler                          0x0800025b   Thumb Code     0  startup_stm32f405xx.o(.text)
    SPI2_IRQHandler                          0x0800025b   Thumb Code     0  startup_stm32f405xx.o(.text)
    SPI3_IRQHandler                          0x0800025b   Thumb Code     0  startup_stm32f405xx.o(.text)
    TAMP_STAMP_IRQHandler                    0x0800025b   Thumb Code     0  startup_stm32f405xx.o(.text)
    TIM1_TRG_COM_TIM11_IRQHandler            0x0800025b   Thumb Code     0  startup_stm32f405xx.o(.text)
    TIM3_IRQHandler                          0x0800025b   Thumb Code     0  startup_stm32f405xx.o(.text)
    TIM5_IRQHandler                          0x0800025b   Thumb Code     0  startup_stm32f405xx.o(.text)
    TIM6_DAC_IRQHandler                      0x0800025b   Thumb Code     0  startup_stm32f405xx.o(.text)
    TIM8_BRK_TIM12_IRQHandler                0x0800025b   Thumb Code     0  startup_stm32f405xx.o(.text)
    TIM8_CC_IRQHandler                       0x0800025b   Thumb Code     0  startup_stm32f405xx.o(.text)
    TIM8_TRG_COM_TIM14_IRQHandler            0x0800025b   Thumb Code     0  startup_stm32f405xx.o(.text)
    TIM8_UP_TIM13_IRQHandler                 0x0800025b   Thumb Code     0  startup_stm32f405xx.o(.text)
    UART4_IRQHandler                         0x0800025b   Thumb Code     0  startup_stm32f405xx.o(.text)
    UART5_IRQHandler                         0x0800025b   Thumb Code     0  startup_stm32f405xx.o(.text)
    USART2_IRQHandler                        0x0800025b   Thumb Code     0  startup_stm32f405xx.o(.text)
    USART3_IRQHandler                        0x0800025b   Thumb Code     0  startup_stm32f405xx.o(.text)
    USART6_IRQHandler                        0x0800025b   Thumb Code     0  startup_stm32f405xx.o(.text)
    WWDG_IRQHandler                          0x0800025b   Thumb Code     0  startup_stm32f405xx.o(.text)
    __user_initial_stackheap                 0x0800025d   Thumb Code     0  startup_stm32f405xx.o(.text)
    __aeabi_uldivmod                         0x08000281   Thumb Code     0  lludivv7m.o(.text)
    _ll_udiv                                 0x08000281   Thumb Code   240  lludivv7m.o(.text)
    __2printf                                0x08000371   Thumb Code    20  noretval__2printf.o(.text)
    __printf                                 0x08000389   Thumb Code   104  __printf.o(.text)
    _printf_int_dec                          0x080003f1   Thumb Code   104  _printf_dec.o(.text)
    __aeabi_memclr4                          0x08000469   Thumb Code     0  rt_memclr_w.o(.text)
    __aeabi_memclr8                          0x08000469   Thumb Code     0  rt_memclr_w.o(.text)
    __rt_memclr_w                            0x08000469   Thumb Code    78  rt_memclr_w.o(.text)
    _memset_w                                0x0800046d   Thumb Code     0  rt_memclr_w.o(.text)
    strcmp                                   0x080004b9   Thumb Code   124  strcmpv7em.o(.text)
    __use_two_region_memory                  0x08000535   Thumb Code     2  heapauxi.o(.text)
    __rt_heap_escrow                         0x08000537   Thumb Code     2  heapauxi.o(.text)
    __rt_heap_expand                         0x08000539   Thumb Code     2  heapauxi.o(.text)
    _printf_int_common                       0x0800053b   Thumb Code   178  _printf_intcommon.o(.text)
    _printf_char_file                        0x080005ed   Thumb Code    32  _printf_char_file.o(.text)
    _printf_char_common                      0x0800061b   Thumb Code    32  _printf_char_common.o(.text)
    ferror                                   0x08000641   Thumb Code     8  ferror.o(.text)
    _initio                                  0x08000649   Thumb Code   210  initio.o(.text)
    _terminateio                             0x0800071b   Thumb Code    56  initio.o(.text)
    __user_setup_stackheap                   0x08000781   Thumb Code    74  sys_stackheap_outer.o(.text)
    free                                     0x080007cb   Thumb Code    78  h1_free.o(.text)
    setvbuf                                  0x08000819   Thumb Code    70  setvbuf.o(.text)
    freopen                                  0x08000861   Thumb Code   160  fopen.o(.text)
    fopen                                    0x08000901   Thumb Code    74  fopen.o(.text)
    _fclose_internal                         0x08000951   Thumb Code    76  fclose.o(.text)
    fclose                                   0x08000951   Thumb Code     0  fclose.o(.text)
    exit                                     0x0800099d   Thumb Code    18  exit.o(.text)
    __rt_SIGRTRED                            0x080009af   Thumb Code    14  defsig_rtred_outer.o(.text)
    __user_libspace                          0x080009bd   Thumb Code     8  libspace.o(.text)
    __user_perproc_libspace                  0x080009bd   Thumb Code     0  libspace.o(.text)
    __user_perthread_libspace                0x080009bd   Thumb Code     0  libspace.o(.text)
    __rt_heap_descriptor                     0x080009c5   Thumb Code     8  rt_heap_descriptor_intlibspace.o(.text)
    __use_no_heap                            0x080009cd   Thumb Code     2  hguard.o(.text)
    __heap$guard                             0x080009cf   Thumb Code     2  hguard.o(.text)
    _terminate_user_alloc                    0x080009d1   Thumb Code     2  init_alloc.o(.text)
    _init_user_alloc                         0x080009d3   Thumb Code     2  init_alloc.o(.text)
    __Heap_Full                              0x080009d5   Thumb Code    34  init_alloc.o(.text)
    __Heap_Broken                            0x080009f7   Thumb Code     6  init_alloc.o(.text)
    _init_alloc                              0x080009fd   Thumb Code    94  init_alloc.o(.text)
    malloc                                   0x08000a5b   Thumb Code    94  h1_alloc.o(.text)
    _fseek                                   0x08000ab9   Thumb Code   242  fseek.o(.text)
    fseek                                    0x08000ab9   Thumb Code     0  fseek.o(.text)
    _seterr                                  0x08000bb1   Thumb Code    20  stdio.o(.text)
    _writebuf                                0x08000bc5   Thumb Code    84  stdio.o(.text)
    _fflush                                  0x08000c19   Thumb Code    70  stdio.o(.text)
    _deferredlazyseek                        0x08000c5f   Thumb Code    60  stdio.o(.text)
    __sig_exit                               0x08000ca1   Thumb Code    10  defsig_exit.o(.text)
    __rt_SIGRTRED_inner                      0x08000cad   Thumb Code    14  defsig_rtred_inner.o(.text)
    _sys_exit                                0x08000ce1   Thumb Code     8  sys_exit.o(.text)
    __Heap_Initialize                        0x08000ced   Thumb Code    10  h1_init.o(.text)
    _maybe_terminate_alloc                   0x08000ced   Thumb Code     0  maybetermalloc1.o(.text)
    __Heap_DescSize                          0x08000cf7   Thumb Code     4  h1_init.o(.text)
    __Heap_ProvideMemory                     0x08000cfb   Thumb Code    52  h1_extend.o(.text)
    _ftell_internal                          0x08000d2f   Thumb Code    66  ftell.o(.text)
    ftell                                    0x08000d2f   Thumb Code     0  ftell.o(.text)
    __default_signal_display                 0x08000d71   Thumb Code    50  defsig_general.o(.text)
    __rt_SIGRTMEM                            0x08000da3   Thumb Code    14  defsig_rtmem_outer.o(.text)
    _ttywrch                                 0x08000db1   Thumb Code    14  sys_wrch.o(.text)
    __I$use$semihosting                      0x08000dbf   Thumb Code     0  use_no_semi.o(.text)
    __use_no_semihosting_swi                 0x08000dbf   Thumb Code     2  use_no_semi.o(.text)
    __aeabi_errno_addr                       0x08000dc1   Thumb Code     8  rt_errno_addr_intlibspace.o(.text)
    __errno$intlibspace                      0x08000dc1   Thumb Code     0  rt_errno_addr_intlibspace.o(.text)
    __rt_errno_addr$intlibspace              0x08000dc1   Thumb Code     0  rt_errno_addr_intlibspace.o(.text)
    __semihosting_library_function           0x08000dc1   Thumb Code     0  indicate_semi.o(.text)
    __rt_SIGRTMEM_inner                      0x08000dc9   Thumb Code    22  defsig_rtmem_inner.o(.text)
    BusFault_Handler                         0x08000e19   Thumb Code     2  stm32f4xx_it.o(.text.BusFault_Handler)
    DebugMon_Handler                         0x08000e1b   Thumb Code     2  stm32f4xx_it.o(.text.DebugMon_Handler)
    EXTI0_IRQHandler                         0x08000e1d   Thumb Code     6  stm32f4xx_it.o(.text.EXTI0_IRQHandler)
    EXTI1_IRQHandler                         0x08000e23   Thumb Code     6  stm32f4xx_it.o(.text.EXTI1_IRQHandler)
    EXTI2_IRQHandler                         0x08000e29   Thumb Code     6  stm32f4xx_it.o(.text.EXTI2_IRQHandler)
    EXTI3_IRQHandler                         0x08000e2f   Thumb Code     6  stm32f4xx_it.o(.text.EXTI3_IRQHandler)
    HAL_DMA_Abort                            0x08000e35   Thumb Code   128  stm32f4xx_hal_dma.o(.text.HAL_DMA_Abort)
    HAL_DMA_Abort_IT                         0x08000eb5   Thumb Code    36  stm32f4xx_hal_dma.o(.text.HAL_DMA_Abort_IT)
    HAL_GPIO_EXTI_Callback                   0x08000ed9   Thumb Code     2  stm32f4xx_hal_gpio.o(.text.HAL_GPIO_EXTI_Callback)
    HAL_GPIO_EXTI_IRQHandler                 0x08000edd   Thumb Code    20  stm32f4xx_hal_gpio.o(.text.HAL_GPIO_EXTI_IRQHandler)
    HAL_GPIO_Init                            0x08000ef1   Thumb Code   428  stm32f4xx_hal_gpio.o(.text.HAL_GPIO_Init)
    HAL_GetTick                              0x0800109d   Thumb Code     8  stm32f4xx_hal.o(.text.HAL_GetTick)
    HAL_IncTick                              0x080010a5   Thumb Code    20  stm32f4xx_hal.o(.text.HAL_IncTick)
    HAL_Init                                 0x080010b9   Thumb Code    44  stm32f4xx_hal.o(.text.HAL_Init)
    HAL_InitTick                             0x080010e5   Thumb Code    60  stm32f4xx_hal.o(.text.HAL_InitTick)
    HAL_MspInit                              0x08001121   Thumb Code     2  stm32f4xx_hal.o(.text.HAL_MspInit)
    HAL_NVIC_SetPriority                     0x08001125   Thumb Code    56  stm32f4xx_hal_cortex.o(.text.HAL_NVIC_SetPriority)
    HAL_NVIC_SetPriorityGrouping             0x0800115d   Thumb Code    32  stm32f4xx_hal_cortex.o(.text.HAL_NVIC_SetPriorityGrouping)
    HAL_RCC_GetPCLK1Freq                     0x0800117d   Thumb Code    20  stm32f4xx_hal_rcc.o(.text.HAL_RCC_GetPCLK1Freq)
    HAL_RCC_GetPCLK2Freq                     0x08001191   Thumb Code    32  stm32f4xx_hal_rcc.o(.text.HAL_RCC_GetPCLK2Freq)
    HAL_SYSTICK_Config                       0x080011b1   Thumb Code    40  stm32f4xx_hal_cortex.o(.text.HAL_SYSTICK_Config)
    HAL_TIMEx_BreakCallback                  0x080011d9   Thumb Code     2  stm32f4xx_hal_tim_ex.o(.text.HAL_TIMEx_BreakCallback)
    HAL_TIMEx_CommutCallback                 0x080011db   Thumb Code     2  stm32f4xx_hal_tim_ex.o(.text.HAL_TIMEx_CommutCallback)
    HAL_TIM_IC_CaptureCallback               0x080011dd   Thumb Code     2  stm32f4xx_hal_tim.o(.text.HAL_TIM_IC_CaptureCallback)
    HAL_TIM_IRQHandler                       0x080011df   Thumb Code   364  stm32f4xx_hal_tim.o(.text.HAL_TIM_IRQHandler)
    HAL_TIM_OC_DelayElapsedCallback          0x0800134b   Thumb Code     2  stm32f4xx_hal_tim.o(.text.HAL_TIM_OC_DelayElapsedCallback)
    HAL_TIM_PWM_PulseFinishedCallback        0x0800134d   Thumb Code     2  stm32f4xx_hal_tim.o(.text.HAL_TIM_PWM_PulseFinishedCallback)
    HAL_TIM_PeriodElapsedCallback            0x0800134f   Thumb Code     2  stm32f4xx_hal_tim.o(.text.HAL_TIM_PeriodElapsedCallback)
    HAL_TIM_TriggerCallback                  0x08001351   Thumb Code     2  stm32f4xx_hal_tim.o(.text.HAL_TIM_TriggerCallback)
    HAL_UARTEx_RxEventCallback               0x08001353   Thumb Code     2  stm32f4xx_hal_uart.o(.text.HAL_UARTEx_RxEventCallback)
    HAL_UART_ErrorCallback                   0x08001355   Thumb Code     2  stm32f4xx_hal_uart.o(.text.HAL_UART_ErrorCallback)
    HAL_UART_IRQHandler                      0x08001359   Thumb Code   652  stm32f4xx_hal_uart.o(.text.HAL_UART_IRQHandler)
    HAL_UART_Init                            0x080015e5   Thumb Code    92  stm32f4xx_hal_uart.o(.text.HAL_UART_Init)
    HAL_UART_MspInit                         0x08001641   Thumb Code     2  stm32f4xx_hal_uart.o(.text.HAL_UART_MspInit)
    HAL_UART_RxCpltCallback                  0x08001643   Thumb Code     2  stm32f4xx_hal_uart.o(.text.HAL_UART_RxCpltCallback)
    HAL_UART_Transmit                        0x08001645   Thumb Code   188  stm32f4xx_hal_uart.o(.text.HAL_UART_Transmit)
    HAL_UART_TxCpltCallback                  0x08001701   Thumb Code     2  stm32f4xx_hal_uart.o(.text.HAL_UART_TxCpltCallback)
    HardFault_Handler                        0x08001703   Thumb Code     2  stm32f4xx_it.o(.text.HardFault_Handler)
    MemManage_Handler                        0x08001705   Thumb Code     2  stm32f4xx_it.o(.text.MemManage_Handler)
    NMI_Handler                              0x08001707   Thumb Code     2  stm32f4xx_it.o(.text.NMI_Handler)
    PendSV_Handler                           0x08001709   Thumb Code     2  stm32f4xx_it.o(.text.PendSV_Handler)
    SVC_Handler                              0x0800170b   Thumb Code     2  stm32f4xx_it.o(.text.SVC_Handler)
    SysTick_Handler                          0x0800170d   Thumb Code     4  stm32f4xx_it.o(.text.SysTick_Handler)
    SystemInit                               0x08001711   Thumb Code    16  system_stm32f4xx.o(.text.SystemInit)
    TIM1_BRK_TIM9_IRQHandler                 0x08001721   Thumb Code    12  stm32f4xx_it.o(.text.TIM1_BRK_TIM9_IRQHandler)
    TIM1_CC_IRQHandler                       0x0800172d   Thumb Code    12  stm32f4xx_it.o(.text.TIM1_CC_IRQHandler)
    TIM1_UP_TIM10_IRQHandler                 0x08001739   Thumb Code    12  stm32f4xx_it.o(.text.TIM1_UP_TIM10_IRQHandler)
    TIM2_IRQHandler                          0x08001745   Thumb Code    12  stm32f4xx_it.o(.text.TIM2_IRQHandler)
    TIM4_IRQHandler                          0x08001751   Thumb Code    12  stm32f4xx_it.o(.text.TIM4_IRQHandler)
    TIM7_IRQHandler                          0x0800175d   Thumb Code    12  stm32f4xx_it.o(.text.TIM7_IRQHandler)
    UART1_Init                               0x08001769   Thumb Code   120  uart_prn.o(.text.UART1_Init)
    USART1_IRQHandler                        0x08001a35   Thumb Code     8  stm32f4xx_it.o(.text.USART1_IRQHandler)
    UsageFault_Handler                       0x08001a3d   Thumb Code     2  stm32f4xx_it.o(.text.UsageFault_Handler)
    _sys_close                               0x08001a65   Thumb Code    18  retarget_io.o(.text._sys_close)
    _sys_flen                                0x08001a77   Thumb Code     4  retarget_io.o(.text._sys_flen)
    _sys_istty                               0x08001a7b   Thumb Code    16  retarget_io.o(.text._sys_istty)
    _sys_open                                0x08001a8d   Thumb Code    88  retarget_io.o(.text._sys_open)
    _sys_seek                                0x08001ae5   Thumb Code     6  retarget_io.o(.text._sys_seek)
    _sys_write                               0x08001aeb   Thumb Code    46  retarget_io.o(.text._sys_write)
    fputc                                    0x08001b19   Thumb Code    24  uart_prn.o(.text.fputc)
    main                                     0x08001b31   Thumb Code   136  practice.o(.text.main)
    _fp_init                                 0x08001bb9   Thumb Code    26  fpinit.o(x$fpl$fpinit)
    __fplib_config_fpu_vfp                   0x08001bd1   Thumb Code     0  fpinit.o(x$fpl$fpinit)
    __fplib_config_pureend_doubles           0x08001bd1   Thumb Code     0  fpinit.o(x$fpl$fpinit)
    APBPrescTable                            0x08001bd2   Data           8  system_stm32f4xx.o(.rodata.APBPrescTable)
    __stderr_name                            0x08001bda   Data           8  retarget_io.o(.rodata.__stderr_name)
    __stdin_name                             0x08001be2   Data           7  retarget_io.o(.rodata.__stdin_name)
    __stdout_name                            0x08001be9   Data           8  retarget_io.o(.rodata.__stdout_name)
    Region$$Table$$Base                      0x08001bf4   Number         0  anon$$obj.o(Region$$Table)
    Region$$Table$$Limit                     0x08001c14   Number         0  anon$$obj.o(Region$$Table)
    __aeabi_stdin                            0x20000000   Data           4  stdio_streams.o(.data)
    __aeabi_stdout                           0x20000004   Data           4  stdio_streams.o(.data)
    __aeabi_stderr                           0x20000008   Data           4  stdio_streams.o(.data)
    uwTickFreq                               0x2000000c   Data           1  stm32f4xx_hal.o(.data..L_MergedGlobals)
    uwTickPrio                               0x20000010   Data           4  stm32f4xx_hal.o(.data..L_MergedGlobals)
    SystemCoreClock                          0x20000014   Data           4  system_stm32f4xx.o(.data.SystemCoreClock)
    __stdin                                  0x20000018   Data          84  stdio_streams.o(.bss)
    __stdout                                 0x2000006c   Data          84  stdio_streams.o(.bss)
    __stderr                                 0x200000c0   Data          84  stdio_streams.o(.bss)
    __libspace_start                         0x20000114   Data          96  libspace.o(.bss)
    __temporary_stack_top$libspace           0x20000174   Data           0  libspace.o(.bss)
    htim1                                    0x20000174   Data          72  stm32f4xx_it.o(.bss.htim1)
    htim10                                   0x200001bc   Data          72  stm32f4xx_it.o(.bss.htim10)
    htim2                                    0x20000204   Data          72  stm32f4xx_it.o(.bss.htim2)
    htim4                                    0x2000024c   Data          72  stm32f4xx_it.o(.bss.htim4)
    htim7                                    0x20000294   Data          72  stm32f4xx_it.o(.bss.htim7)
    htim9                                    0x200002dc   Data          72  stm32f4xx_it.o(.bss.htim9)
    huart1                                   0x20000324   Data          68  stm32f4xx_it.o(.bss.huart1)
    uwTick                                   0x20000368   Data           4  stm32f4xx_hal.o(.bss.uwTick)



==============================================================================

Memory Map of the image

  Image Entry point : 0x08000241

  Load Region LR_1 (Base: 0x08000000, Size: 0x00001c2c, Max: 0xffffffff, ABSOLUTE)

    Execution Region ER_RO (Exec base: 0x08000000, Load base: 0x08000000, Size: 0x00001c14, Max: 0xffffffff, ABSOLUTE)

    Exec Addr    Load Addr    Size         Type   Attr      Idx    E Section Name        Object

    0x08000000   0x08000000   0x00000188   Data   RO          973    RESET               startup_stm32f405xx.o
    0x08000188   0x08000188   0x00000008   Code   RO         1036  * !!!main             c_w.l(__main.o)
    0x08000190   0x08000190   0x00000034   Code   RO         1364    !!!scatter          c_w.l(__scatter.o)
    0x080001c4   0x080001c4   0x0000001a   Code   RO         1366    !!handler_copy      c_w.l(__scatter_copy.o)
    0x080001de   0x080001de   0x00000002   PAD
    0x080001e0   0x080001e0   0x0000001c   Code   RO         1368    !!handler_zi        c_w.l(__scatter_zi.o)
    0x080001fc   0x080001fc   0x00000000   Code   RO         1029    .ARM.Collect$$_printf_percent$$00000000  c_w.l(_printf_percent.o)
    0x080001fc   0x080001fc   0x00000006   Code   RO         1028    .ARM.Collect$$_printf_percent$$00000009  c_w.l(_printf_d.o)
    0x08000202   0x08000202   0x00000004   Code   RO         1047    .ARM.Collect$$_printf_percent$$00000017  c_w.l(_printf_percent_end.o)
    0x08000206   0x08000206   0x00000002   Code   RO         1169    .ARM.Collect$$libinit$$00000000  c_w.l(libinit.o)
    0x08000208   0x08000208   0x00000004   Code   RO         1170    .ARM.Collect$$libinit$$00000001  c_w.l(libinit2.o)
    0x0800020c   0x0800020c   0x00000000   Code   RO         1173    .ARM.Collect$$libinit$$00000004  c_w.l(libinit2.o)
    0x0800020c   0x0800020c   0x00000008   Code   RO         1174    .ARM.Collect$$libinit$$00000005  c_w.l(libinit2.o)
    0x08000214   0x08000214   0x00000000   Code   RO         1176    .ARM.Collect$$libinit$$0000000A  c_w.l(libinit2.o)
    0x08000214   0x08000214   0x00000000   Code   RO         1178    .ARM.Collect$$libinit$$0000000C  c_w.l(libinit2.o)
    0x08000214   0x08000214   0x00000000   Code   RO         1180    .ARM.Collect$$libinit$$0000000E  c_w.l(libinit2.o)
    0x08000214   0x08000214   0x00000000   Code   RO         1183    .ARM.Collect$$libinit$$00000011  c_w.l(libinit2.o)
    0x08000214   0x08000214   0x00000000   Code   RO         1185    .ARM.Collect$$libinit$$00000013  c_w.l(libinit2.o)
    0x08000214   0x08000214   0x00000000   Code   RO         1187    .ARM.Collect$$libinit$$00000015  c_w.l(libinit2.o)
    0x08000214   0x08000214   0x00000000   Code   RO         1189    .ARM.Collect$$libinit$$00000017  c_w.l(libinit2.o)
    0x08000214   0x08000214   0x00000000   Code   RO         1191    .ARM.Collect$$libinit$$00000019  c_w.l(libinit2.o)
    0x08000214   0x08000214   0x00000000   Code   RO         1193    .ARM.Collect$$libinit$$0000001B  c_w.l(libinit2.o)
    0x08000214   0x08000214   0x00000000   Code   RO         1195    .ARM.Collect$$libinit$$0000001D  c_w.l(libinit2.o)
    0x08000214   0x08000214   0x00000000   Code   RO         1197    .ARM.Collect$$libinit$$0000001F  c_w.l(libinit2.o)
    0x08000214   0x08000214   0x00000000   Code   RO         1199    .ARM.Collect$$libinit$$00000021  c_w.l(libinit2.o)
    0x08000214   0x08000214   0x00000000   Code   RO         1201    .ARM.Collect$$libinit$$00000023  c_w.l(libinit2.o)
    0x08000214   0x08000214   0x00000004   Code   RO         1202    .ARM.Collect$$libinit$$00000024  c_w.l(libinit2.o)
    0x08000218   0x08000218   0x00000000   Code   RO         1203    .ARM.Collect$$libinit$$00000025  c_w.l(libinit2.o)
    0x08000218   0x08000218   0x00000000   Code   RO         1207    .ARM.Collect$$libinit$$0000002C  c_w.l(libinit2.o)
    0x08000218   0x08000218   0x00000000   Code   RO         1209    .ARM.Collect$$libinit$$0000002E  c_w.l(libinit2.o)
    0x08000218   0x08000218   0x00000000   Code   RO         1211    .ARM.Collect$$libinit$$00000030  c_w.l(libinit2.o)
    0x08000218   0x08000218   0x00000000   Code   RO         1213    .ARM.Collect$$libinit$$00000032  c_w.l(libinit2.o)
    0x08000218   0x08000218   0x00000002   Code   RO         1214    .ARM.Collect$$libinit$$00000033  c_w.l(libinit2.o)
    0x0800021a   0x0800021a   0x00000002   Code   RO         1345    .ARM.Collect$$libshutdown$$00000000  c_w.l(libshutdown.o)
    0x0800021c   0x0800021c   0x00000000   Code   RO         1216    .ARM.Collect$$libshutdown$$00000002  c_w.l(libshutdown2.o)
    0x0800021c   0x0800021c   0x00000004   Code   RO         1217    .ARM.Collect$$libshutdown$$00000003  c_w.l(libshutdown2.o)
    0x08000220   0x08000220   0x00000000   Code   RO         1218    .ARM.Collect$$libshutdown$$00000004  c_w.l(libshutdown2.o)
    0x08000220   0x08000220   0x00000000   Code   RO         1221    .ARM.Collect$$libshutdown$$00000007  c_w.l(libshutdown2.o)
    0x08000220   0x08000220   0x00000000   Code   RO         1224    .ARM.Collect$$libshutdown$$0000000A  c_w.l(libshutdown2.o)
    0x08000220   0x08000220   0x00000000   Code   RO         1226    .ARM.Collect$$libshutdown$$0000000C  c_w.l(libshutdown2.o)
    0x08000220   0x08000220   0x00000000   Code   RO         1229    .ARM.Collect$$libshutdown$$0000000F  c_w.l(libshutdown2.o)
    0x08000220   0x08000220   0x00000002   Code   RO         1230    .ARM.Collect$$libshutdown$$00000010  c_w.l(libshutdown2.o)
    0x08000222   0x08000222   0x00000000   Code   RO         1038    .ARM.Collect$$rtentry$$00000000  c_w.l(__rtentry.o)
    0x08000222   0x08000222   0x00000000   Code   RO         1055    .ARM.Collect$$rtentry$$00000002  c_w.l(__rtentry2.o)
    0x08000222   0x08000222   0x00000006   Code   RO         1067    .ARM.Collect$$rtentry$$00000004  c_w.l(__rtentry4.o)
    0x08000228   0x08000228   0x00000000   Code   RO         1057    .ARM.Collect$$rtentry$$00000009  c_w.l(__rtentry2.o)
    0x08000228   0x08000228   0x00000004   Code   RO         1058    .ARM.Collect$$rtentry$$0000000A  c_w.l(__rtentry2.o)
    0x0800022c   0x0800022c   0x00000000   Code   RO         1060    .ARM.Collect$$rtentry$$0000000C  c_w.l(__rtentry2.o)
    0x0800022c   0x0800022c   0x00000008   Code   RO         1061    .ARM.Collect$$rtentry$$0000000D  c_w.l(__rtentry2.o)
    0x08000234   0x08000234   0x00000002   Code   RO         1234    .ARM.Collect$$rtexit$$00000000  c_w.l(rtexit.o)
    0x08000236   0x08000236   0x00000000   Code   RO         1284    .ARM.Collect$$rtexit$$00000002  c_w.l(rtexit2.o)
    0x08000236   0x08000236   0x00000004   Code   RO         1285    .ARM.Collect$$rtexit$$00000003  c_w.l(rtexit2.o)
    0x0800023a   0x0800023a   0x00000006   Code   RO         1286    .ARM.Collect$$rtexit$$00000004  c_w.l(rtexit2.o)
    0x08000240   0x08000240   0x00000040   Code   RO          974  * .text               startup_stm32f405xx.o
    0x08000280   0x08000280   0x000000f0   Code   RO          998    .text               c_w.l(lludivv7m.o)
    0x08000370   0x08000370   0x00000018   Code   RO         1002    .text               c_w.l(noretval__2printf.o)
    0x08000388   0x08000388   0x00000068   Code   RO         1004    .text               c_w.l(__printf.o)
    0x080003f0   0x080003f0   0x00000078   Code   RO         1006    .text               c_w.l(_printf_dec.o)
    0x08000468   0x08000468   0x0000004e   Code   RO         1030    .text               c_w.l(rt_memclr_w.o)
    0x080004b6   0x080004b6   0x00000002   PAD
    0x080004b8   0x080004b8   0x0000007c   Code   RO         1032    .text               c_w.l(strcmpv7em.o)
    0x08000534   0x08000534   0x00000006   Code   RO         1034    .text               c_w.l(heapauxi.o)
    0x0800053a   0x0800053a   0x000000b2   Code   RO         1043    .text               c_w.l(_printf_intcommon.o)
    0x080005ec   0x080005ec   0x00000024   Code   RO         1045    .text               c_w.l(_printf_char_file.o)
    0x08000610   0x08000610   0x00000030   Code   RO         1071    .text               c_w.l(_printf_char_common.o)
    0x08000640   0x08000640   0x00000008   Code   RO         1073    .text               c_w.l(ferror.o)
    0x08000648   0x08000648   0x00000138   Code   RO         1075    .text               c_w.l(initio.o)
    0x08000780   0x08000780   0x0000004a   Code   RO         1083    .text               c_w.l(sys_stackheap_outer.o)
    0x080007ca   0x080007ca   0x0000004e   Code   RO         1087    .text               c_w.l(h1_free.o)
    0x08000818   0x08000818   0x00000046   Code   RO         1143    .text               c_w.l(setvbuf.o)
    0x0800085e   0x0800085e   0x00000002   PAD
    0x08000860   0x08000860   0x000000f0   Code   RO         1146    .text               c_w.l(fopen.o)
    0x08000950   0x08000950   0x0000004c   Code   RO         1148    .text               c_w.l(fclose.o)
    0x0800099c   0x0800099c   0x00000012   Code   RO         1154    .text               c_w.l(exit.o)
    0x080009ae   0x080009ae   0x0000000e   Code   RO         1160    .text               c_w.l(defsig_rtred_outer.o)
    0x080009bc   0x080009bc   0x00000008   Code   RO         1231    .text               c_w.l(libspace.o)
    0x080009c4   0x080009c4   0x00000008   Code   RO         1241    .text               c_w.l(rt_heap_descriptor_intlibspace.o)
    0x080009cc   0x080009cc   0x00000004   Code   RO         1243    .text               c_w.l(hguard.o)
    0x080009d0   0x080009d0   0x0000008a   Code   RO         1245    .text               c_w.l(init_alloc.o)
    0x08000a5a   0x08000a5a   0x0000005e   Code   RO         1251    .text               c_w.l(h1_alloc.o)
    0x08000ab8   0x08000ab8   0x000000f8   Code   RO         1263    .text               c_w.l(fseek.o)
    0x08000bb0   0x08000bb0   0x000000f0   Code   RO         1265    .text               c_w.l(stdio.o)
    0x08000ca0   0x08000ca0   0x0000000a   Code   RO         1267    .text               c_w.l(defsig_exit.o)
    0x08000caa   0x08000caa   0x00000002   PAD
    0x08000cac   0x08000cac   0x00000034   Code   RO         1271    .text               c_w.l(defsig_rtred_inner.o)
    0x08000ce0   0x08000ce0   0x0000000c   Code   RO         1279    .text               c_w.l(sys_exit.o)
    0x08000cec   0x08000cec   0x00000000   Code   RO         1290    .text               c_w.l(maybetermalloc1.o)
    0x08000cec   0x08000cec   0x0000000e   Code   RO         1292    .text               c_w.l(h1_init.o)
    0x08000cfa   0x08000cfa   0x00000034   Code   RO         1294    .text               c_w.l(h1_extend.o)
    0x08000d2e   0x08000d2e   0x00000042   Code   RO         1300    .text               c_w.l(ftell.o)
    0x08000d70   0x08000d70   0x00000032   Code   RO         1304    .text               c_w.l(defsig_general.o)
    0x08000da2   0x08000da2   0x0000000e   Code   RO         1306    .text               c_w.l(defsig_rtmem_outer.o)
    0x08000db0   0x08000db0   0x0000000e   Code   RO         1319    .text               c_w.l(sys_wrch.o)
    0x08000dbe   0x08000dbe   0x00000002   Code   RO         1327    .text               c_w.l(use_no_semi.o)
    0x08000dc0   0x08000dc0   0x00000000   Code   RO         1329    .text               c_w.l(indicate_semi.o)
    0x08000dc0   0x08000dc0   0x00000008   Code   RO         1333    .text               c_w.l(rt_errno_addr_intlibspace.o)
    0x08000dc8   0x08000dc8   0x00000050   Code   RO         1339    .text               c_w.l(defsig_rtmem_inner.o)
    0x08000e18   0x08000e18   0x00000002   Code   RO            8    .text.BusFault_Handler  stm32f4xx_it.o
    0x08000e1a   0x08000e1a   0x00000002   Code   RO           14    .text.DebugMon_Handler  stm32f4xx_it.o
    0x08000e1c   0x08000e1c   0x00000006   Code   RO           20    .text.EXTI0_IRQHandler  stm32f4xx_it.o
    0x08000e22   0x08000e22   0x00000006   Code   RO           22    .text.EXTI1_IRQHandler  stm32f4xx_it.o
    0x08000e28   0x08000e28   0x00000006   Code   RO           24    .text.EXTI2_IRQHandler  stm32f4xx_it.o
    0x08000e2e   0x08000e2e   0x00000006   Code   RO           26    .text.EXTI3_IRQHandler  stm32f4xx_it.o
    0x08000e34   0x08000e34   0x00000080   Code   RO          234    .text.HAL_DMA_Abort  stm32f4xx_hal_dma.o
    0x08000eb4   0x08000eb4   0x00000024   Code   RO          236    .text.HAL_DMA_Abort_IT  stm32f4xx_hal_dma.o
    0x08000ed8   0x08000ed8   0x00000002   Code   RO          288    .text.HAL_GPIO_EXTI_Callback  stm32f4xx_hal_gpio.o
    0x08000eda   0x08000eda   0x00000002   PAD
    0x08000edc   0x08000edc   0x00000014   Code   RO          286    .text.HAL_GPIO_EXTI_IRQHandler  stm32f4xx_hal_gpio.o
    0x08000ef0   0x08000ef0   0x000001ac   Code   RO          274    .text.HAL_GPIO_Init  stm32f4xx_hal_gpio.o
    0x0800109c   0x0800109c   0x00000008   Code   RO          120    .text.HAL_GetTick   stm32f4xx_hal.o
    0x080010a4   0x080010a4   0x00000014   Code   RO          118    .text.HAL_IncTick   stm32f4xx_hal.o
    0x080010b8   0x080010b8   0x0000002c   Code   RO          108    .text.HAL_Init      stm32f4xx_hal.o
    0x080010e4   0x080010e4   0x0000003c   Code   RO          110    .text.HAL_InitTick  stm32f4xx_hal.o
    0x08001120   0x08001120   0x00000002   Code   RO          112    .text.HAL_MspInit   stm32f4xx_hal.o
    0x08001122   0x08001122   0x00000002   PAD
    0x08001124   0x08001124   0x00000038   Code   RO          175    .text.HAL_NVIC_SetPriority  stm32f4xx_hal_cortex.o
    0x0800115c   0x0800115c   0x00000020   Code   RO          173    .text.HAL_NVIC_SetPriorityGrouping  stm32f4xx_hal_cortex.o
    0x0800117c   0x0800117c   0x00000014   Code   RO          379    .text.HAL_RCC_GetPCLK1Freq  stm32f4xx_hal_rcc.o
    0x08001190   0x08001190   0x00000020   Code   RO          381    .text.HAL_RCC_GetPCLK2Freq  stm32f4xx_hal_rcc.o
    0x080011b0   0x080011b0   0x00000028   Code   RO          187    .text.HAL_SYSTICK_Config  stm32f4xx_hal_cortex.o
    0x080011d8   0x080011d8   0x00000002   Code   RO          741    .text.HAL_TIMEx_BreakCallback  stm32f4xx_hal_tim_ex.o
    0x080011da   0x080011da   0x00000002   Code   RO          737    .text.HAL_TIMEx_CommutCallback  stm32f4xx_hal_tim_ex.o
    0x080011dc   0x080011dc   0x00000002   Code   RO          557    .text.HAL_TIM_IC_CaptureCallback  stm32f4xx_hal_tim.o
    0x080011de   0x080011de   0x0000016c   Code   RO          555    .text.HAL_TIM_IRQHandler  stm32f4xx_hal_tim.o
    0x0800134a   0x0800134a   0x00000002   Code   RO          559    .text.HAL_TIM_OC_DelayElapsedCallback  stm32f4xx_hal_tim.o
    0x0800134c   0x0800134c   0x00000002   Code   RO          561    .text.HAL_TIM_PWM_PulseFinishedCallback  stm32f4xx_hal_tim.o
    0x0800134e   0x0800134e   0x00000002   Code   RO          563    .text.HAL_TIM_PeriodElapsedCallback  stm32f4xx_hal_tim.o
    0x08001350   0x08001350   0x00000002   Code   RO          565    .text.HAL_TIM_TriggerCallback  stm32f4xx_hal_tim.o
    0x08001352   0x08001352   0x00000002   Code   RO          846    .text.HAL_UARTEx_RxEventCallback  stm32f4xx_hal_uart.o
    0x08001354   0x08001354   0x00000002   Code   RO          844    .text.HAL_UART_ErrorCallback  stm32f4xx_hal_uart.o
    0x08001356   0x08001356   0x00000002   PAD
    0x08001358   0x08001358   0x0000028c   Code   RO          838    .text.HAL_UART_IRQHandler  stm32f4xx_hal_uart.o
    0x080015e4   0x080015e4   0x0000005c   Code   RO          756    .text.HAL_UART_Init  stm32f4xx_hal_uart.o
    0x08001640   0x08001640   0x00000002   Code   RO          758    .text.HAL_UART_MspInit  stm32f4xx_hal_uart.o
    0x08001642   0x08001642   0x00000002   Code   RO          852    .text.HAL_UART_RxCpltCallback  stm32f4xx_hal_uart.o
    0x08001644   0x08001644   0x000000bc   Code   RO          772    .text.HAL_UART_Transmit  stm32f4xx_hal_uart.o
    0x08001700   0x08001700   0x00000002   Code   RO          848    .text.HAL_UART_TxCpltCallback  stm32f4xx_hal_uart.o
    0x08001702   0x08001702   0x00000002   Code   RO            4    .text.HardFault_Handler  stm32f4xx_it.o
    0x08001704   0x08001704   0x00000002   Code   RO            6    .text.MemManage_Handler  stm32f4xx_it.o
    0x08001706   0x08001706   0x00000002   Code   RO            2    .text.NMI_Handler   stm32f4xx_it.o
    0x08001708   0x08001708   0x00000002   Code   RO           16    .text.PendSV_Handler  stm32f4xx_it.o
    0x0800170a   0x0800170a   0x00000002   Code   RO           12    .text.SVC_Handler   stm32f4xx_it.o
    0x0800170c   0x0800170c   0x00000004   Code   RO           18    .text.SysTick_Handler  stm32f4xx_it.o
    0x08001710   0x08001710   0x00000010   Code   RO          981    .text.SystemInit    system_stm32f4xx.o
    0x08001720   0x08001720   0x0000000c   Code   RO           36    .text.TIM1_BRK_TIM9_IRQHandler  stm32f4xx_it.o
    0x0800172c   0x0800172c   0x0000000c   Code   RO           28    .text.TIM1_CC_IRQHandler  stm32f4xx_it.o
    0x08001738   0x08001738   0x0000000c   Code   RO           38    .text.TIM1_UP_TIM10_IRQHandler  stm32f4xx_it.o
    0x08001744   0x08001744   0x0000000c   Code   RO           30    .text.TIM2_IRQHandler  stm32f4xx_it.o
    0x08001750   0x08001750   0x0000000c   Code   RO           32    .text.TIM4_IRQHandler  stm32f4xx_it.o
    0x0800175c   0x0800175c   0x0000000c   Code   RO           34    .text.TIM7_IRQHandler  stm32f4xx_it.o
    0x08001768   0x08001768   0x00000078   Code   RO           57    .text.UART1_Init    uart_prn.o
    0x080017e0   0x080017e0   0x0000000c   Code   RO          842    .text.UART_DMAAbortOnError  stm32f4xx_hal_uart.o
    0x080017ec   0x080017ec   0x0000004e   Code   RO          804    .text.UART_EndRxTransfer  stm32f4xx_hal_uart.o
    0x0800183a   0x0800183a   0x000000c2   Code   RO          840    .text.UART_Receive_IT  stm32f4xx_hal_uart.o
    0x080018fc   0x080018fc   0x000000c8   Code   RO          760    .text.UART_SetConfig  stm32f4xx_hal_uart.o
    0x080019c4   0x080019c4   0x0000006e   Code   RO          774    .text.UART_WaitOnFlagUntilTimeout  stm32f4xx_hal_uart.o
    0x08001a32   0x08001a32   0x00000002   PAD
    0x08001a34   0x08001a34   0x00000008   Code   RO           40    .text.USART1_IRQHandler  stm32f4xx_it.o
    0x08001a3c   0x08001a3c   0x00000002   Code   RO           10    .text.UsageFault_Handler  stm32f4xx_it.o
    0x08001a3e   0x08001a3e   0x00000002   PAD
    0x08001a40   0x08001a40   0x00000024   Code   RO          177    .text.__NVIC_SetPriority  stm32f4xx_hal_cortex.o
    0x08001a64   0x08001a64   0x00000012   Code   RO           84    .text._sys_close    retarget_io.o
    0x08001a76   0x08001a76   0x00000004   Code   RO           94    .text._sys_flen     retarget_io.o
    0x08001a7a   0x08001a7a   0x00000010   Code   RO           90    .text._sys_istty    retarget_io.o
    0x08001a8a   0x08001a8a   0x00000002   PAD
    0x08001a8c   0x08001a8c   0x00000058   Code   RO           82    .text._sys_open     retarget_io.o
    0x08001ae4   0x08001ae4   0x00000006   Code   RO           92    .text._sys_seek     retarget_io.o
    0x08001aea   0x08001aea   0x0000002e   Code   RO           86    .text._sys_write    retarget_io.o
    0x08001b18   0x08001b18   0x00000018   Code   RO           59    .text.fputc         uart_prn.o
    0x08001b30   0x08001b30   0x00000088   Code   RO           70    .text.main          practice.o
    0x08001bb8   0x08001bb8   0x0000001a   Code   RO         1277    x$fpl$fpinit        fz_wm.l(fpinit.o)
    0x08001bd2   0x08001bd2   0x00000008   Data   RO          987    .rodata.APBPrescTable  system_stm32f4xx.o
    0x08001bda   0x08001bda   0x00000008   Data   RO           98    .rodata.__stderr_name  retarget_io.o
    0x08001be2   0x08001be2   0x00000007   Data   RO           96    .rodata.__stdin_name  retarget_io.o
    0x08001be9   0x08001be9   0x00000008   Data   RO           97    .rodata.__stdout_name  retarget_io.o
    0x08001bf1   0x08001bf1   0x00000003   PAD
    0x08001bf4   0x08001bf4   0x00000020   Data   RO         1363    Region$$Table       anon$$obj.o


    Execution Region ER_RW (Exec base: 0x20000000, Load base: 0x08001c14, Size: 0x00000018, Max: 0xffffffff, ABSOLUTE)

    Exec Addr    Load Addr    Size         Type   Attr      Idx    E Section Name        Object

    0x20000000   0x08001c14   0x00000004   Data   RW         1051    .data               c_w.l(stdio_streams.o)
    0x20000004   0x08001c18   0x00000004   Data   RW         1052    .data               c_w.l(stdio_streams.o)
    0x20000008   0x08001c1c   0x00000004   Data   RW         1053    .data               c_w.l(stdio_streams.o)
    0x2000000c   0x08001c20   0x00000008   Data   RW          163    .data..L_MergedGlobals  stm32f4xx_hal.o
    0x20000014   0x08001c28   0x00000004   Data   RW          985    .data.SystemCoreClock  system_stm32f4xx.o


    Execution Region ER_ZI (Exec base: 0x20000018, Load base: 0x08001c2c, Size: 0x00000958, Max: 0xffffffff, ABSOLUTE)

    Exec Addr    Load Addr    Size         Type   Attr      Idx    E Section Name        Object

    0x20000018        -       0x00000054   Zero   RW         1048    .bss                c_w.l(stdio_streams.o)
    0x2000006c        -       0x00000054   Zero   RW         1049    .bss                c_w.l(stdio_streams.o)
    0x200000c0        -       0x00000054   Zero   RW         1050    .bss                c_w.l(stdio_streams.o)
    0x20000114        -       0x00000060   Zero   RW         1232    .bss                c_w.l(libspace.o)
    0x20000174        -       0x00000048   Zero   RW           42    .bss.htim1          stm32f4xx_it.o
    0x200001bc        -       0x00000048   Zero   RW           47    .bss.htim10         stm32f4xx_it.o
    0x20000204        -       0x00000048   Zero   RW           43    .bss.htim2          stm32f4xx_it.o
    0x2000024c        -       0x00000048   Zero   RW           44    .bss.htim4          stm32f4xx_it.o
    0x20000294        -       0x00000048   Zero   RW           45    .bss.htim7          stm32f4xx_it.o
    0x200002dc        -       0x00000048   Zero   RW           46    .bss.htim9          stm32f4xx_it.o
    0x20000324        -       0x00000044   Zero   RW           48    .bss.huart1         stm32f4xx_it.o
    0x20000368        -       0x00000004   Zero   RW          162    .bss.uwTick         stm32f4xx_hal.o
    0x2000036c   0x08001c2c   0x00000004   PAD
    0x20000370        -       0x00000200   Zero   RW          972    HEAP                startup_stm32f405xx.o
    0x20000570        -       0x00000400   Zero   RW          971    STACK               startup_stm32f405xx.o


==============================================================================

Image component sizes


      Code (inc. data)   RO Data    RW Data    ZI Data      Debug   Object Name

       136         16          0          0          0       2214   practice.o
       178         12         23          0          0       2493   retarget_io.o
        64         26        392          0       1536        848   startup_stm32f405xx.o
       134         12          0          8          4       7535   stm32f4xx_hal.o
       164         24          0          0          0      10192   stm32f4xx_hal_cortex.o
       164          0          0          0          0       8727   stm32f4xx_hal_dma.o
       450         28          0          0          0       5254   stm32f4xx_hal_gpio.o
        52         12          0          0          0       7371   stm32f4xx_hal_rcc.o
       374          0          0          0          0      41067   stm32f4xx_hal_tim.o
         4          0          0          0          0      17411   stm32f4xx_hal_tim_ex.o
      1536          8          0          0          0      22830   stm32f4xx_hal_uart.o
       124         24          0          0        500       6504   stm32f4xx_it.o
        16          4          8          4          0       2753   system_stm32f4xx.o
       144         12          0          0          0       2737   uart_prn.o

    ----------------------------------------------------------------------
      3552        178        458         12       2044     137936   Object Totals
         0          0         32          0          0          0   (incl. Generated)
        12          0          3          0          4          0   (incl. Padding)

    ----------------------------------------------------------------------

      Code (inc. data)   RO Data    RW Data    ZI Data      Debug   Library Member Name

         8          0          0          0          0         68   __main.o
       104          0          0          0          0         84   __printf.o
         0          0          0          0          0          0   __rtentry.o
        12          0          0          0          0          0   __rtentry2.o
         6          0          0          0          0          0   __rtentry4.o
        52          8          0          0          0          0   __scatter.o
        26          0          0          0          0          0   __scatter_copy.o
        28          0          0          0          0          0   __scatter_zi.o
        48          6          0          0          0         96   _printf_char_common.o
        36          4          0          0          0         80   _printf_char_file.o
         6          0          0          0          0          0   _printf_d.o
       120         16          0          0          0         92   _printf_dec.o
       178          0          0          0          0         88   _printf_intcommon.o
         0          0          0          0          0          0   _printf_percent.o
         4          0          0          0          0          0   _printf_percent_end.o
        10          0          0          0          0         68   defsig_exit.o
        50          0          0          0          0         88   defsig_general.o
        80         58          0          0          0         76   defsig_rtmem_inner.o
        14          0          0          0          0         80   defsig_rtmem_outer.o
        52         38          0          0          0         76   defsig_rtred_inner.o
        14          0          0          0          0         80   defsig_rtred_outer.o
        18          0          0          0          0         80   exit.o
        76          0          0          0          0         88   fclose.o
         8          0          0          0          0         68   ferror.o
       240          6          0          0          0        128   fopen.o
       248          6          0          0          0         84   fseek.o
        66          0          0          0          0         76   ftell.o
        94          0          0          0          0         80   h1_alloc.o
        52          0          0          0          0         68   h1_extend.o
        78          0          0          0          0         80   h1_free.o
        14          0          0          0          0         84   h1_init.o
         6          0          0          0          0        152   heapauxi.o
         4          0          0          0          0        136   hguard.o
         0          0          0          0          0          0   indicate_semi.o
       138          0          0          0          0        168   init_alloc.o
       312         46          0          0          0        112   initio.o
         2          0          0          0          0          0   libinit.o
        18          0          0          0          0          0   libinit2.o
         2          0          0          0          0          0   libshutdown.o
         6          0          0          0          0          0   libshutdown2.o
         8          4          0          0         96         68   libspace.o
       240          0          0          0          0        100   lludivv7m.o
         0          0          0          0          0          0   maybetermalloc1.o
        24          4          0          0          0         84   noretval__2printf.o
         8          4          0          0          0         68   rt_errno_addr_intlibspace.o
         8          4          0          0          0         68   rt_heap_descriptor_intlibspace.o
        78          0          0          0          0         80   rt_memclr_w.o
         2          0          0          0          0          0   rtexit.o
        10          0          0          0          0          0   rtexit2.o
        70          0          0          0          0         80   setvbuf.o
       240          6          0          0          0        156   stdio.o
         0          0          0         12        252          0   stdio_streams.o
       124          0          0          0          0         88   strcmpv7em.o
        12          4          0          0          0         68   sys_exit.o
        74          0          0          0          0         80   sys_stackheap_outer.o
        14          0          0          0          0         76   sys_wrch.o
         2          0          0          0          0         68   use_no_semi.o
        26          0          0          0          0        116   fpinit.o

    ----------------------------------------------------------------------
      3178        214          0         12        348       3580   Library Totals
         8          0          0          0          0          0   (incl. Padding)

    ----------------------------------------------------------------------

      Code (inc. data)   RO Data    RW Data    ZI Data      Debug   Library Name

      3144        214          0         12        348       3464   c_w.l
        26          0          0          0          0        116   fz_wm.l

    ----------------------------------------------------------------------
      3178        214          0         12        348       3580   Library Totals

    ----------------------------------------------------------------------

==============================================================================


      Code (inc. data)   RO Data    RW Data    ZI Data      Debug   

      6730        392        458         24       2392     139452   Grand Totals
      6730        392        458         24       2392     139452   ELF Image Totals
      6730        392        458         24          0          0   ROM Totals

==============================================================================

    Total RO  Size (Code + RO Data)                 7188 (   7.02kB)
    Total RW  Size (RW Data + ZI Data)              2416 (   2.36kB)
    Total ROM Size (Code + RO Data + RW Data)       7212 (   7.04kB)

==============================================================================

