Component: ARM Compiler 6.13.1 Tool: armlink [5d895400]

==============================================================================

Section Cross References

    main.o(.text) refers (Special) to _printf_percent.o(.ARM.Collect$$_printf_percent$$00000000) for _printf_percent
    main.o(.text) refers (Special) to _printf_s.o(.ARM.Collect$$_printf_percent$$00000014) for _printf_s
    main.o(.text) refers (Special) to _printf_str.o(.text) for _printf_str
    main.o(.text.LED_GPIO_Init) refers (Special) to _printf_percent.o(.ARM.Collect$$_printf_percent$$00000000) for _printf_percent
    main.o(.text.LED_GPIO_Init) refers (Special) to _printf_s.o(.ARM.Collect$$_printf_percent$$00000014) for _printf_s
    main.o(.text.LED_GPIO_Init) refers (Special) to _printf_str.o(.text) for _printf_str
    main.o(.text.LED_GPIO_Init) refers to stm32f4xx_hal_gpio.o(.text.HAL_GPIO_Init) for HAL_GPIO_Init
    main.o(.ARM.exidx.text.LED_GPIO_Init) refers (Special) to _printf_percent.o(.ARM.Collect$$_printf_percent$$00000000) for _printf_percent
    main.o(.ARM.exidx.text.LED_GPIO_Init) refers (Special) to _printf_s.o(.ARM.Collect$$_printf_percent$$00000014) for _printf_s
    main.o(.ARM.exidx.text.LED_GPIO_Init) refers (Special) to _printf_str.o(.text) for _printf_str
    main.o(.ARM.exidx.text.LED_GPIO_Init) refers to main.o(.text.LED_GPIO_Init) for [Anonymous Symbol]
    main.o(.text.main) refers (Special) to _printf_percent.o(.ARM.Collect$$_printf_percent$$00000000) for _printf_percent
    main.o(.text.main) refers (Special) to _printf_s.o(.ARM.Collect$$_printf_percent$$00000014) for _printf_s
    main.o(.text.main) refers (Special) to _printf_str.o(.text) for _printf_str
    main.o(.text.main) refers to system_stm32f4xx.o(.text.SystemInit) for SystemInit
    main.o(.text.main) refers to stm32f4xx_hal.o(.text.HAL_Init) for HAL_Init
    main.o(.text.main) refers to uart_prn.o(.text.UARTx_Init) for UARTx_Init
    main.o(.text.main) refers to main.o(.text.LED_GPIO_Init) for LED_GPIO_Init
    main.o(.text.main) refers to system_stm32f4xx.o(.text.SystemCoreClockUpdate) for SystemCoreClockUpdate
    main.o(.text.main) refers to puts.o(.text) for puts
    main.o(.text.main) refers to tasks.o(.text.xTaskCreate) for xTaskCreate
    main.o(.text.main) refers to tasks.o(.text.vTaskStartScheduler) for vTaskStartScheduler
    main.o(.text.main) refers to main.o(.text.vTask1) for vTask1
    main.o(.text.main) refers to main.o(.text.vTask2) for vTask2
    main.o(.ARM.exidx.text.main) refers (Special) to _printf_percent.o(.ARM.Collect$$_printf_percent$$00000000) for _printf_percent
    main.o(.ARM.exidx.text.main) refers (Special) to _printf_s.o(.ARM.Collect$$_printf_percent$$00000014) for _printf_s
    main.o(.ARM.exidx.text.main) refers (Special) to _printf_str.o(.text) for _printf_str
    main.o(.ARM.exidx.text.main) refers to main.o(.text.main) for [Anonymous Symbol]
    main.o(.text.vTask1) refers (Special) to _printf_percent.o(.ARM.Collect$$_printf_percent$$00000000) for _printf_percent
    main.o(.text.vTask1) refers (Special) to _printf_s.o(.ARM.Collect$$_printf_percent$$00000014) for _printf_s
    main.o(.text.vTask1) refers (Special) to _printf_str.o(.text) for _printf_str
    main.o(.text.vTask1) refers to noretval__2printf.o(.text) for __2printf
    main.o(.text.vTask1) refers to stm32f4xx_hal_gpio.o(.text.HAL_GPIO_TogglePin) for HAL_GPIO_TogglePin
    main.o(.text.vTask1) refers to tasks.o(.text.vTaskDelay) for vTaskDelay
    main.o(.ARM.exidx.text.vTask1) refers (Special) to _printf_percent.o(.ARM.Collect$$_printf_percent$$00000000) for _printf_percent
    main.o(.ARM.exidx.text.vTask1) refers (Special) to _printf_s.o(.ARM.Collect$$_printf_percent$$00000014) for _printf_s
    main.o(.ARM.exidx.text.vTask1) refers (Special) to _printf_str.o(.text) for _printf_str
    main.o(.ARM.exidx.text.vTask1) refers to main.o(.text.vTask1) for [Anonymous Symbol]
    main.o(.text.vTask2) refers (Special) to _printf_percent.o(.ARM.Collect$$_printf_percent$$00000000) for _printf_percent
    main.o(.text.vTask2) refers (Special) to _printf_s.o(.ARM.Collect$$_printf_percent$$00000014) for _printf_s
    main.o(.text.vTask2) refers (Special) to _printf_str.o(.text) for _printf_str
    main.o(.text.vTask2) refers to noretval__2printf.o(.text) for __2printf
    main.o(.text.vTask2) refers to stm32f4xx_hal_gpio.o(.text.HAL_GPIO_TogglePin) for HAL_GPIO_TogglePin
    main.o(.text.vTask2) refers to tasks.o(.text.vTaskDelay) for vTaskDelay
    main.o(.ARM.exidx.text.vTask2) refers (Special) to _printf_percent.o(.ARM.Collect$$_printf_percent$$00000000) for _printf_percent
    main.o(.ARM.exidx.text.vTask2) refers (Special) to _printf_s.o(.ARM.Collect$$_printf_percent$$00000014) for _printf_s
    main.o(.ARM.exidx.text.vTask2) refers (Special) to _printf_str.o(.text) for _printf_str
    main.o(.ARM.exidx.text.vTask2) refers to main.o(.text.vTask2) for [Anonymous Symbol]
[...]
    event_groups.o(.text.xEventGroupSetBits) refers to tasks.o(.text.xTaskResumeAll) for xTaskResumeAll
    event_groups.o(.ARM.exidx.text.xEventGroupSetBits) refers to event_groups.o(.text.xEventGroupSetBits) for [Anonymous Symbol]
    event_groups.o(.text.xEventGroupWaitBits) refers to tasks.o(.text.vTaskSuspendAll) for vTaskSuspendAll
    event_groups.o(.text.xEventGroupWaitBits) refers to tasks.o(.text.vTaskPlaceOnUnorderedEventList) for vTaskPlaceOnUnorderedEventList
    event_groups.o(.text.xEventGroupWaitBits) refers to tasks.o(.text.xTaskResumeAll) for xTaskResumeAll
    event_groups.o(.text.xEventGroupWaitBits) refers to tasks.o(.text.uxTaskResetEventItemValue) for uxTaskResetEventItemValue
    event_groups.o(.text.xEventGroupWaitBits) refers to port.o(.text.vPortEnterCritical) for vPortEnterCritical
    event_groups.o(.text.xEventGroupWaitBits) refers to port.o(.text.vPortExitCritical) for vPortExitCritical
    event_groups.o(.ARM.exidx.text.xEventGroupWaitBits) refers to event_groups.o(.text.xEventGroupWaitBits) for [Anonymous Symbol]
    event_groups.o(.text.xEventGroupClearBits) refers to port.o(.text.vPortEnterCritical) for vPortEnterCritical
    event_groups.o(.text.xEventGroupClearBits) refers to port.o(.text.vPortExitCritical) for vPortExitCritical
    event_groups.o(.ARM.exidx.text.xEventGroupClearBits) refers to event_groups.o(.text.xEventGroupClearBits) for [Anonymous Symbol]
    event_groups.o(.text.xEventGroupClearBitsFromISR) refers to timers.o(.text.xTimerPendFunctionCallFromISR) for xTimerPendFunctionCallFromISR
    event_groups.o(.text.xEventGroupClearBitsFromISR) refers to event_groups.o(.text.vEventGroupClearBitsCallback) for vEventGroupClearBitsCallback
    event_groups.o(.ARM.exidx.text.xEventGroupClearBitsFromISR) refers to event_groups.o(.text.xEventGroupClearBitsFromISR) for [Anonymous Symbol]
    event_groups.o(.text.vEventGroupClearBitsCallback) refers to event_groups.o(.text.xEventGroupClearBits) for xEventGroupClearBits
    event_groups.o(.ARM.exidx.text.vEventGroupClearBitsCallback) refers to event_groups.o(.text.vEventGroupClearBitsCallback) for [Anonymous Symbol]
    event_groups.o(.ARM.exidx.text.xEventGroupGetBitsFromISR) refers to event_groups.o(.text.xEventGroupGetBitsFromISR) for [Anonymous Symbol]
    event_groups.o(.text.vEventGroupDelete) refers to tasks.o(.text.vTaskSuspendAll) for vTaskSuspendAll
    event_groups.o(.text.vEventGroupDelete) refers to tasks.o(.text.vTaskRemoveFromUnorderedEventList) for vTaskRemoveFromUnorderedEventList
    event_groups.o(.text.vEventGroupDelete) refers to tasks.o(.text.xTaskResumeAll) for xTaskResumeAll
    event_groups.o(.text.vEventGroupDelete) refers to heap_4.o(.text.vPortFree) for vPortFree
    event_groups.o(.ARM.exidx.text.vEventGroupDelete) refers to event_groups.o(.text.vEventGroupDelete) for [Anonymous Symbol]
    event_groups.o(.text.vEventGroupSetBitsCallback) refers to event_groups.o(.text.xEventGroupSetBits) for xEventGroupSetBits
    event_groups.o(.ARM.exidx.text.vEventGroupSetBitsCallback) refers to event_groups.o(.text.vEventGroupSetBitsCallback) for [Anonymous Symbol]
    event_groups.o(.text.xEventGroupSetBitsFromISR) refers to timers.o(.text.xTimerPendFunctionCallFromISR) for xTimerPendFunctionCallFromISR
    event_groups.o(.text.xEventGroupSetBitsFromISR) refers to event_groups.o(.text.vEventGroupSetBitsCallback) for vEventGroupSetBitsCallback
    event_groups.o(.ARM.exidx.text.xEventGroupSetBitsFromISR) refers to event_groups.o(.text.xEventGroupSetBitsFromISR) for [Anonymous Symbol]
    event_groups.o(.ARM.exidx.text.uxEventGroupGetNumber) refers to event_groups.o(.text.uxEventGroupGetNumber) for [Anonymous Symbol]
    event_groups.o(.ARM.exidx.text.vEventGroupSetNumber) refers to event_groups.o(.text.vEventGroupSetNumber) for [Anonymous Symbol]
    list.o(.ARM.exidx.text.vListInitialise) refers to list.o(.text.vListInitialise) for [Anonymous Symbol]
    list.o(.ARM.exidx.text.vListInitialiseItem) refers to list.o(.text.vListInitialiseItem) for [Anonymous Symbol]
    list.o(.ARM.exidx.text.vListInsertEnd) refers to list.o(.text.vListInsertEnd) for [Anonymous Symbol]
    list.o(.ARM.exidx.text.vListInsert) refers to list.o(.text.vListInsert) for [Anonymous Symbol]
    list.o(.ARM.exidx.text.uxListRemove) refers to list.o(.text.uxListRemove) for [Anonymous Symbol]
    heap_4.o(.text.pvPortMalloc) refers to tasks.o(.text.vTaskSuspendAll) for vTaskSuspendAll
    heap_4.o(.text.pvPortMalloc) refers to tasks.o(.text.xTaskResumeAll) for xTaskResumeAll
    heap_4.o(.text.pvPortMalloc) refers to heap_4.o(.text.prvInsertBlockIntoFreeList) for prvInsertBlockIntoFreeList
    heap_4.o(.text.pvPortMalloc) refers to heap_4.o(.bss..L_MergedGlobals) for [Anonymous Symbol]
    heap_4.o(.text.pvPortMalloc) refers to heap_4.o(.bss.ucHeap) for [Anonymous Symbol]
    heap_4.o(.ARM.exidx.text.pvPortMalloc) refers to heap_4.o(.text.pvPortMalloc) for [Anonymous Symbol]
    heap_4.o(.text.prvInsertBlockIntoFreeList) refers to heap_4.o(.bss..L_MergedGlobals) for [Anonymous Symbol]
    heap_4.o(.ARM.exidx.text.prvInsertBlockIntoFreeList) refers to heap_4.o(.text.prvInsertBlockIntoFreeList) for [Anonymous Symbol]
    heap_4.o(.text.vPortFree) refers to tasks.o(.text.vTaskSuspendAll) for vTaskSuspendAll
    heap_4.o(.text.vPortFree) refers to heap_4.o(.text.prvInsertBlockIntoFreeList) for prvInsertBlockIntoFreeList
    heap_4.o(.text.vPortFree) refers to tasks.o(.text.xTaskResumeAll) for xTaskResumeAll
    heap_4.o(.text.vPortFree) refers to heap_4.o(.bss..L_MergedGlobals) for [Anonymous Symbol]
    heap_4.o(.ARM.exidx.text.vPortFree) refers to heap_4.o(.text.vPortFree) for [Anonymous Symbol]
    heap_4.o(.text.xPortGetFreeHeapSize) refers to heap_4.o(.bss..L_MergedGlobals) for [Anonymous Symbol]
    heap_4.o(.ARM.exidx.text.xPortGetFreeHeapSize) refers to heap_4.o(.text.xPortGetFreeHeapSize) for [Anonymous Symbol]
    heap_4.o(.text.xPortGetMinimumEverFreeHeapSize) refers to heap_4.o(.bss..L_MergedGlobals) for [Anonymous Symbol]
    heap_4.o(.ARM.exidx.text.xPortGetMinimumEverFreeHeapSize) refers to heap_4.o(.text.xPortGetMinimumEverFreeHeapSize) for [Anonymous Symbol]
    heap_4.o(.ARM.exidx.text.vPortInitialiseBlocks) refers to heap_4.o(.text.vPortInitialiseBlocks) for [Anonymous Symbol]
    heap_4.o(.text.pvPortCalloc) refers to heap_4.o(.text.pvPortMalloc) for pvPortMalloc
    heap_4.o(.text.pvPortCalloc) refers to rt_memclr.o(.text) for __aeabi_memclr
    heap_4.o(.ARM.exidx.text.pvPortCalloc) refers to heap_4.o(.text.pvPortCalloc) for [Anonymous Symbol]
    heap_4.o(.text.vPortGetHeapStats) refers to tasks.o(.text.vTaskSuspendAll) for vTaskSuspendAll
    heap_4.o(.text.vPortGetHeapStats) refers to tasks.o(.text.xTaskResumeAll) for xTaskResumeAll
    heap_4.o(.text.vPortGetHeapStats) refers to port.o(.text.vPortEnterCritical) for vPortEnterCritical
    heap_4.o(.text.vPortGetHeapStats) refers to port.o(.text.vPortExitCritical) for vPortExitCritical
    heap_4.o(.text.vPortGetHeapStats) refers to heap_4.o(.bss..L_MergedGlobals) for [Anonymous Symbol]
    heap_4.o(.ARM.exidx.text.vPortGetHeapStats) refers to heap_4.o(.text.vPortGetHeapStats) for [Anonymous Symbol]
    queue.o(.text.xQueueGenericReset) refers to port.o(.text.vPortEnterCritical) for vPortEnterCritical
    queue.o(.text.xQueueGenericReset) refers to list.o(.text.vListInitialise) for vListInitialise
    queue.o(.text.xQueueGenericReset) refers to tasks.o(.text.xTaskRemoveFromEventList) for xTaskRemoveFromEventList
    queue.o(.text.xQueueGenericReset) refers to port.o(.text.vPortExitCritical) for vPortExitCritical
    queue.o(.ARM.exidx.text.xQueueGenericReset) refers to queue.o(.text.xQueueGenericReset) for [Anonymous Symbol]
    queue.o(.text.xQueueGenericCreateStatic) refers to queue.o(.text.prvInitialiseNewQueue) for prvInitialiseNewQueue
    queue.o(.ARM.exidx.text.xQueueGenericCreateStatic) refers to queue.o(.text.xQueueGenericCreateStatic) for [Anonymous Symbol]
    queue.o(.text.prvInitialiseNewQueue) refers to queue.o(.text.xQueueGenericReset) for xQueueGenericReset
    queue.o(.ARM.exidx.text.prvInitialiseNewQueue) refers to queue.o(.text.prvInitialiseNewQueue) for [Anonymous Symbol]
    queue.o(.text.xQueueGenericCreate) refers to heap_4.o(.text.pvPortMalloc) for pvPortMalloc
    queue.o(.text.xQueueGenericCreate) refers to queue.o(.text.prvInitialiseNewQueue) for prvInitialiseNewQueue
    queue.o(.ARM.exidx.text.xQueueGenericCreate) refers to queue.o(.text.xQueueGenericCreate) for [Anonymous Symbol]
    queue.o(.text.xQueueCreateMutex) refers to queue.o(.text.xQueueGenericCreate) for xQueueGenericCreate
    queue.o(.text.xQueueCreateMutex) refers to queue.o(.text.prvInitialiseMutex) for prvInitialiseMutex
    queue.o(.ARM.exidx.text.xQueueCreateMutex) refers to queue.o(.text.xQueueCreateMutex) for [Anonymous Symbol]
    queue.o(.text.prvInitialiseMutex) refers to queue.o(.text.xQueueGenericSend) for xQueueGenericSend
    queue.o(.ARM.exidx.text.prvInitialiseMutex) refers to queue.o(.text.prvInitialiseMutex) for [Anonymous Symbol]
    queue.o(.text.xQueueCreateMutexStatic) refers to queue.o(.text.xQueueGenericCreateStatic) for xQueueGenericCreateStatic
    queue.o(.text.xQueueCreateMutexStatic) refers to queue.o(.text.prvInitialiseMutex) for prvInitialiseMutex
    queue.o(.ARM.exidx.text.xQueueCreateMutexStatic) refers to queue.o(.text.xQueueCreateMutexStatic) for [Anonymous Symbol]
    queue.o(.text.xQueueGetMutexHolder) refers to port.o(.text.vPortEnterCritical) for vPortEnterCritical
    queue.o(.text.xQueueGetMutexHolder) refers to port.o(.text.vPortExitCritical) for vPortExitCritical
    queue.o(.ARM.exidx.text.xQueueGetMutexHolder) refers to queue.o(.text.xQueueGetMutexHolder) for [Anonymous Symbol]
    queue.o(.ARM.exidx.text.xQueueGetMutexHolderFromISR) refers to queue.o(.text.xQueueGetMutexHolderFromISR) for [Anonymous Symbol]
    queue.o(.text.xQueueGiveMutexRecursive) refers to tasks.o(.text.xTaskGetCurrentTaskHandle) for xTaskGetCurrentTaskHandle
    queue.o(.text.xQueueGiveMutexRecursive) refers to queue.o(.text.xQueueGenericSend) for xQueueGenericSend
    queue.o(.ARM.exidx.text.xQueueGiveMutexRecursive) refers to queue.o(.text.xQueueGiveMutexRecursive) for [Anonymous Symbol]
    queue.o(.text.xQueueGenericSend) refers to port.o(.text.vPortEnterCritical) for vPortEnterCritical
    queue.o(.text.xQueueGenericSend) refers to tasks.o(.text.vTaskInternalSetTimeOutState) for vTaskInternalSetTimeOutState
    queue.o(.text.xQueueGenericSend) refers to port.o(.text.vPortExitCritical) for vPortExitCritical
    queue.o(.text.xQueueGenericSend) refers to tasks.o(.text.vTaskSuspendAll) for vTaskSuspendAll
    queue.o(.text.xQueueGenericSend) refers to tasks.o(.text.xTaskCheckForTimeOut) for xTaskCheckForTimeOut
    queue.o(.text.xQueueGenericSend) refers to tasks.o(.text.vTaskPlaceOnEventList) for vTaskPlaceOnEventList
    queue.o(.text.xQueueGenericSend) refers to queue.o(.text.prvUnlockQueue) for prvUnlockQueue
    queue.o(.text.xQueueGenericSend) refers to tasks.o(.text.xTaskResumeAll) for xTaskResumeAll
    queue.o(.text.xQueueGenericSend) refers to queue.o(.text.prvCopyDataToQueue) for prvCopyDataToQueue
    queue.o(.text.xQueueGenericSend) refers to tasks.o(.text.xTaskRemoveFromEventList) for xTaskRemoveFromEventList
    queue.o(.ARM.exidx.text.xQueueGenericSend) refers to queue.o(.text.xQueueGenericSend) for [Anonymous Symbol]
    queue.o(.text.xQueueTakeMutexRecursive) refers to tasks.o(.text.xTaskGetCurrentTaskHandle) for xTaskGetCurrentTaskHandle
    queue.o(.text.xQueueTakeMutexRecursive) refers to queue.o(.text.xQueueSemaphoreTake) for xQueueSemaphoreTake
    queue.o(.ARM.exidx.text.xQueueTakeMutexRecursive) refers to queue.o(.text.xQueueTakeMutexRecursive) for [Anonymous Symbol]
    queue.o(.text.xQueueSemaphoreTake) refers to port.o(.text.vPortEnterCritical) for vPortEnterCritical
    queue.o(.text.xQueueSemaphoreTake) refers to tasks.o(.text.vTaskInternalSetTimeOutState) for vTaskInternalSetTimeOutState
    queue.o(.text.xQueueSemaphoreTake) refers to port.o(.text.vPortExitCritical) for vPortExitCritical
    queue.o(.text.xQueueSemaphoreTake) refers to tasks.o(.text.vTaskSuspendAll) for vTaskSuspendAll
    queue.o(.text.xQueueSemaphoreTake) refers to tasks.o(.text.xTaskCheckForTimeOut) for xTaskCheckForTimeOut
    queue.o(.text.xQueueSemaphoreTake) refers to queue.o(.text.prvUnlockQueue) for prvUnlockQueue
    queue.o(.text.xQueueSemaphoreTake) refers to tasks.o(.text.xTaskResumeAll) for xTaskResumeAll
    queue.o(.text.xQueueSemaphoreTake) refers to queue.o(.text.prvIsQueueEmpty) for prvIsQueueEmpty
    queue.o(.text.xQueueSemaphoreTake) refers to tasks.o(.text.xTaskPriorityInherit) for xTaskPriorityInherit
    queue.o(.text.xQueueSemaphoreTake) refers to tasks.o(.text.vTaskPlaceOnEventList) for vTaskPlaceOnEventList
    queue.o(.text.xQueueSemaphoreTake) refers to tasks.o(.text.pvTaskIncrementMutexHeldCount) for pvTaskIncrementMutexHeldCount
    queue.o(.text.xQueueSemaphoreTake) refers to tasks.o(.text.xTaskRemoveFromEventList) for xTaskRemoveFromEventList
    queue.o(.text.xQueueSemaphoreTake) refers to tasks.o(.text.vTaskPriorityDisinheritAfterTimeout) for vTaskPriorityDisinheritAfterTimeout
    queue.o(.ARM.exidx.text.xQueueSemaphoreTake) refers to queue.o(.text.xQueueSemaphoreTake) for [Anonymous Symbol]
    queue.o(.text.xQueueCreateCountingSemaphoreStatic) refers to queue.o(.text.xQueueGenericCreateStatic) for xQueueGenericCreateStatic
    queue.o(.ARM.exidx.text.xQueueCreateCountingSemaphoreStatic) refers to queue.o(.text.xQueueCreateCountingSemaphoreStatic) for [Anonymous Symbol]
    queue.o(.text.xQueueCreateCountingSemaphore) refers to queue.o(.text.xQueueGenericCreate) for xQueueGenericCreate
    queue.o(.ARM.exidx.text.xQueueCreateCountingSemaphore) refers to queue.o(.text.xQueueCreateCountingSemaphore) for [Anonymous Symbol]
    queue.o(.text.prvCopyDataToQueue) refers to rt_memcpy_v6.o(.text) for __aeabi_memcpy
    queue.o(.text.prvCopyDataToQueue) refers to tasks.o(.text.xTaskPriorityDisinherit) for xTaskPriorityDisinherit
    queue.o(.ARM.exidx.text.prvCopyDataToQueue) refers to queue.o(.text.prvCopyDataToQueue) for [Anonymous Symbol]
    queue.o(.text.prvUnlockQueue) refers to port.o(.text.vPortEnterCritical) for vPortEnterCritical
    queue.o(.text.prvUnlockQueue) refers to tasks.o(.text.xTaskRemoveFromEventList) for xTaskRemoveFromEventList
    queue.o(.text.prvUnlockQueue) refers to tasks.o(.text.vTaskMissedYield) for vTaskMissedYield
    queue.o(.text.prvUnlockQueue) refers to port.o(.text.vPortExitCritical) for vPortExitCritical
    queue.o(.ARM.exidx.text.prvUnlockQueue) refers to queue.o(.text.prvUnlockQueue) for [Anonymous Symbol]
    queue.o(.text.xQueueGenericSendFromISR) refers to queue.o(.text.prvCopyDataToQueue) for prvCopyDataToQueue
    queue.o(.text.xQueueGenericSendFromISR) refers to tasks.o(.text.uxTaskGetNumberOfTasks) for uxTaskGetNumberOfTasks
    queue.o(.text.xQueueGenericSendFromISR) refers to tasks.o(.text.xTaskRemoveFromEventList) for xTaskRemoveFromEventList
    queue.o(.ARM.exidx.text.xQueueGenericSendFromISR) refers to queue.o(.text.xQueueGenericSendFromISR) for [Anonymous Symbol]
    queue.o(.text.xQueueGiveFromISR) refers to tasks.o(.text.uxTaskGetNumberOfTasks) for uxTaskGetNumberOfTasks
    queue.o(.text.xQueueGiveFromISR) refers to tasks.o(.text.xTaskRemoveFromEventList) for xTaskRemoveFromEventList
    queue.o(.ARM.exidx.text.xQueueGiveFromISR) refers to queue.o(.text.xQueueGiveFromISR) for [Anonymous Symbol]
    queue.o(.text.xQueueReceive) refers to port.o(.text.vPortEnterCritical) for vPortEnterCritical
    queue.o(.text.xQueueReceive) refers to tasks.o(.text.vTaskInternalSetTimeOutState) for vTaskInternalSetTimeOutState
    queue.o(.text.xQueueReceive) refers to port.o(.text.vPortExitCritical) for vPortExitCritical
    queue.o(.text.xQueueReceive) refers to tasks.o(.text.vTaskSuspendAll) for vTaskSuspendAll
    queue.o(.text.xQueueReceive) refers to tasks.o(.text.xTaskCheckForTimeOut) for xTaskCheckForTimeOut
    queue.o(.text.xQueueReceive) refers to queue.o(.text.prvUnlockQueue) for prvUnlockQueue
    queue.o(.text.xQueueReceive) refers to tasks.o(.text.xTaskResumeAll) for xTaskResumeAll
    queue.o(.text.xQueueReceive) refers to queue.o(.text.prvIsQueueEmpty) for prvIsQueueEmpty
    queue.o(.text.xQueueReceive) refers to tasks.o(.text.vTaskPlaceOnEventList) for vTaskPlaceOnEventList
    queue.o(.text.xQueueReceive) refers to queue.o(.text.prvCopyDataFromQueue) for prvCopyDataFromQueue
    queue.o(.text.xQueueReceive) refers to tasks.o(.text.xTaskRemoveFromEventList) for xTaskRemoveFromEventList
    queue.o(.ARM.exidx.text.xQueueReceive) refers to queue.o(.text.xQueueReceive) for [Anonymous Symbol]
    queue.o(.text.prvCopyDataFromQueue) refers to rt_memcpy_v6.o(.text) for __aeabi_memcpy
    queue.o(.ARM.exidx.text.prvCopyDataFromQueue) refers to queue.o(.text.prvCopyDataFromQueue) for [Anonymous Symbol]
    queue.o(.text.prvIsQueueEmpty) refers to port.o(.text.vPortEnterCritical) for vPortEnterCritical
    queue.o(.text.prvIsQueueEmpty) refers to port.o(.text.vPortExitCritical) for vPortExitCritical
    queue.o(.ARM.exidx.text.prvIsQueueEmpty) refers to queue.o(.text.prvIsQueueEmpty) for [Anonymous Symbol]
    queue.o(.text.xQueuePeek) refers to port.o(.text.vPortEnterCritical) for vPortEnterCritical
    queue.o(.text.xQueuePeek) refers to tasks.o(.text.vTaskInternalSetTimeOutState) for vTaskInternalSetTimeOutState
    queue.o(.text.xQueuePeek) refers to port.o(.text.vPortExitCritical) for vPortExitCritical
    queue.o(.text.xQueuePeek) refers to tasks.o(.text.vTaskSuspendAll) for vTaskSuspendAll
    queue.o(.text.xQueuePeek) refers to tasks.o(.text.xTaskCheckForTimeOut) for xTaskCheckForTimeOut
    queue.o(.text.xQueuePeek) refers to queue.o(.text.prvUnlockQueue) for prvUnlockQueue
    queue.o(.text.xQueuePeek) refers to tasks.o(.text.xTaskResumeAll) for xTaskResumeAll
    queue.o(.text.xQueuePeek) refers to queue.o(.text.prvIsQueueEmpty) for prvIsQueueEmpty
    queue.o(.text.xQueuePeek) refers to tasks.o(.text.vTaskPlaceOnEventList) for vTaskPlaceOnEventList
    queue.o(.text.xQueuePeek) refers to queue.o(.text.prvCopyDataFromQueue) for prvCopyDataFromQueue
    queue.o(.text.xQueuePeek) refers to tasks.o(.text.xTaskRemoveFromEventList) for xTaskRemoveFromEventList
    queue.o(.ARM.exidx.text.xQueuePeek) refers to queue.o(.text.xQueuePeek) for [Anonymous Symbol]
    queue.o(.text.xQueueReceiveFromISR) refers to queue.o(.text.prvCopyDataFromQueue) for prvCopyDataFromQueue
    queue.o(.text.xQueueReceiveFromISR) refers to tasks.o(.text.uxTaskGetNumberOfTasks) for uxTaskGetNumberOfTasks
    queue.o(.text.xQueueReceiveFromISR) refers to tasks.o(.text.xTaskRemoveFromEventList) for xTaskRemoveFromEventList
    queue.o(.ARM.exidx.text.xQueueReceiveFromISR) refers to queue.o(.text.xQueueReceiveFromISR) for [Anonymous Symbol]
    queue.o(.text.xQueuePeekFromISR) refers to queue.o(.text.prvCopyDataFromQueue) for prvCopyDataFromQueue
    queue.o(.ARM.exidx.text.xQueuePeekFromISR) refers to queue.o(.text.xQueuePeekFromISR) for [Anonymous Symbol]
    queue.o(.text.uxQueueMessagesWaiting) refers to port.o(.text.vPortEnterCritical) for vPortEnterCritical
    queue.o(.text.uxQueueMessagesWaiting) refers to port.o(.text.vPortExitCritical) for vPortExitCritical
    queue.o(.ARM.exidx.text.uxQueueMessagesWaiting) refers to queue.o(.text.uxQueueMessagesWaiting) for [Anonymous Symbol]
    queue.o(.text.uxQueueSpacesAvailable) refers to port.o(.text.vPortEnterCritical) for vPortEnterCritical
    queue.o(.text.uxQueueSpacesAvailable) refers to port.o(.text.vPortExitCritical) for vPortExitCritical
    queue.o(.ARM.exidx.text.uxQueueSpacesAvailable) refers to queue.o(.text.uxQueueSpacesAvailable) for [Anonymous Symbol]
    queue.o(.ARM.exidx.text.uxQueueMessagesWaitingFromISR) refers to queue.o(.text.uxQueueMessagesWaitingFromISR) for [Anonymous Symbol]
    queue.o(.text.vQueueDelete) refers to heap_4.o(.text.vPortFree) for vPortFree
    queue.o(.ARM.exidx.text.vQueueDelete) refers to queue.o(.text.vQueueDelete) for [Anonymous Symbol]
    queue.o(.ARM.exidx.text.uxQueueGetQueueNumber) refers to queue.o(.text.uxQueueGetQueueNumber) for [Anonymous Symbol]
    queue.o(.ARM.exidx.text.vQueueSetQueueNumber) refers to queue.o(.text.vQueueSetQueueNumber) for [Anonymous Symbol]
    queue.o(.ARM.exidx.text.ucQueueGetQueueType) refers to queue.o(.text.ucQueueGetQueueType) for [Anonymous Symbol]
    queue.o(.ARM.exidx.text.xQueueIsQueueEmptyFromISR) refers to queue.o(.text.xQueueIsQueueEmptyFromISR) for [Anonymous Symbol]
    queue.o(.ARM.exidx.text.xQueueIsQueueFullFromISR) refers to queue.o(.text.xQueueIsQueueFullFromISR) for [Anonymous Symbol]
    queue.o(.text.vQueueWaitForMessageRestricted) refers to port.o(.text.vPortEnterCritical) for vPortEnterCritical
    queue.o(.text.vQueueWaitForMessageRestricted) refers to port.o(.text.vPortExitCritical) for vPortExitCritical
    queue.o(.text.vQueueWaitForMessageRestricted) refers to tasks.o(.text.vTaskPlaceOnEventListRestricted) for vTaskPlaceOnEventListRestricted
    queue.o(.text.vQueueWaitForMessageRestricted) refers to queue.o(.text.prvUnlockQueue) for prvUnlockQueue
    queue.o(.ARM.exidx.text.vQueueWaitForMessageRestricted) refers to queue.o(.text.vQueueWaitForMessageRestricted) for [Anonymous Symbol]
    tasks.o(.text.xTaskCreateStatic) refers to rt_memclr.o(.text) for __aeabi_memclr
    tasks.o(.text.xTaskCreateStatic) refers to tasks.o(.text.prvInitialiseNewTask) for prvInitialiseNewTask
    tasks.o(.text.xTaskCreateStatic) refers to tasks.o(.text.prvAddNewTaskToReadyList) for prvAddNewTaskToReadyList
    tasks.o(.ARM.exidx.text.xTaskCreateStatic) refers to tasks.o(.text.xTaskCreateStatic) for [Anonymous Symbol]
    tasks.o(.text.prvInitialiseNewTask) refers to aeabi_memset4.o(.text) for __aeabi_memset4
    tasks.o(.text.prvInitialiseNewTask) refers to list.o(.text.vListInitialiseItem) for vListInitialiseItem
    tasks.o(.text.prvInitialiseNewTask) refers to port.o(.text.pxPortInitialiseStack) for pxPortInitialiseStack
    tasks.o(.ARM.exidx.text.prvInitialiseNewTask) refers to tasks.o(.text.prvInitialiseNewTask) for [Anonymous Symbol]
    tasks.o(.text.prvAddNewTaskToReadyList) refers to port.o(.text.vPortEnterCritical) for vPortEnterCritical
    tasks.o(.text.prvAddNewTaskToReadyList) refers to list.o(.text.vListInitialise) for vListInitialise
    tasks.o(.text.prvAddNewTaskToReadyList) refers to port.o(.text.vPortExitCritical) for vPortExitCritical
    tasks.o(.text.prvAddNewTaskToReadyList) refers to tasks.o(.bss..L_MergedGlobals) for [Anonymous Symbol]
    tasks.o(.text.prvAddNewTaskToReadyList) refers to tasks.o(.bss.pxCurrentTCB) for pxCurrentTCB
    tasks.o(.text.prvAddNewTaskToReadyList) refers to tasks.o(.bss.pxReadyTasksLists) for [Anonymous Symbol]
    tasks.o(.text.prvAddNewTaskToReadyList) refers to tasks.o(.bss..L_MergedGlobals.1) for [Anonymous Symbol]
    tasks.o(.ARM.exidx.text.prvAddNewTaskToReadyList) refers to tasks.o(.text.prvAddNewTaskToReadyList) for [Anonymous Symbol]
    tasks.o(.text.xTaskCreate) refers to heap_4.o(.text.pvPortMalloc) for pvPortMalloc
    tasks.o(.text.xTaskCreate) refers to rt_memclr.o(.text) for __aeabi_memclr
    tasks.o(.text.xTaskCreate) refers to tasks.o(.text.prvInitialiseNewTask) for prvInitialiseNewTask
    tasks.o(.text.xTaskCreate) refers to tasks.o(.text.prvAddNewTaskToReadyList) for prvAddNewTaskToReadyList
    tasks.o(.text.xTaskCreate) refers to heap_4.o(.text.vPortFree) for vPortFree
    tasks.o(.ARM.exidx.text.xTaskCreate) refers to tasks.o(.text.xTaskCreate) for [Anonymous Symbol]
    tasks.o(.text.vTaskDelete) refers to port.o(.text.vPortEnterCritical) for vPortEnterCritical
    tasks.o(.text.vTaskDelete) refers to list.o(.text.uxListRemove) for uxListRemove
    tasks.o(.text.vTaskDelete) refers to tasks.o(.text.prvResetNextTaskUnblockTime) for prvResetNextTaskUnblockTime
    tasks.o(.text.vTaskDelete) refers to list.o(.text.vListInsertEnd) for vListInsertEnd
    tasks.o(.text.vTaskDelete) refers to port.o(.text.vPortExitCritical) for vPortExitCritical
    tasks.o(.text.vTaskDelete) refers to tasks.o(.text.prvDeleteTCB) for prvDeleteTCB
    tasks.o(.text.vTaskDelete) refers to tasks.o(.bss.pxCurrentTCB) for pxCurrentTCB
    tasks.o(.text.vTaskDelete) refers to tasks.o(.bss..L_MergedGlobals) for [Anonymous Symbol]
    tasks.o(.ARM.exidx.text.vTaskDelete) refers to tasks.o(.text.vTaskDelete) for [Anonymous Symbol]
    tasks.o(.text.prvResetNextTaskUnblockTime) refers to tasks.o(.bss..L_MergedGlobals) for [Anonymous Symbol]
    tasks.o(.ARM.exidx.text.prvResetNextTaskUnblockTime) refers to tasks.o(.text.prvResetNextTaskUnblockTime) for [Anonymous Symbol]
    tasks.o(.text.prvDeleteTCB) refers to heap_4.o(.text.vPortFree) for vPortFree
    tasks.o(.ARM.exidx.text.prvDeleteTCB) refers to tasks.o(.text.prvDeleteTCB) for [Anonymous Symbol]
    tasks.o(.text.xTaskDelayUntil) refers to tasks.o(.text.prvAddCurrentTaskToDelayedList) for prvAddCurrentTaskToDelayedList
    tasks.o(.text.xTaskDelayUntil) refers to tasks.o(.text.xTaskResumeAll) for xTaskResumeAll
    tasks.o(.text.xTaskDelayUntil) refers to tasks.o(.bss..L_MergedGlobals) for [Anonymous Symbol]
    tasks.o(.ARM.exidx.text.xTaskDelayUntil) refers to tasks.o(.text.xTaskDelayUntil) for [Anonymous Symbol]
    tasks.o(.text.vTaskSuspendAll) refers to tasks.o(.bss..L_MergedGlobals) for [Anonymous Symbol]
    tasks.o(.ARM.exidx.text.vTaskSuspendAll) refers to tasks.o(.text.vTaskSuspendAll) for [Anonymous Symbol]
    tasks.o(.text.prvAddCurrentTaskToDelayedList) refers to list.o(.text.uxListRemove) for uxListRemove
    tasks.o(.text.prvAddCurrentTaskToDelayedList) refers to list.o(.text.vListInsert) for vListInsert
    tasks.o(.text.prvAddCurrentTaskToDelayedList) refers to tasks.o(.bss..L_MergedGlobals) for [Anonymous Symbol]
    tasks.o(.text.prvAddCurrentTaskToDelayedList) refers to tasks.o(.bss.pxCurrentTCB) for pxCurrentTCB
    tasks.o(.ARM.exidx.text.prvAddCurrentTaskToDelayedList) refers to tasks.o(.text.prvAddCurrentTaskToDelayedList) for [Anonymous Symbol]
    tasks.o(.text.xTaskResumeAll) refers to port.o(.text.vPortEnterCritical) for vPortEnterCritical
    tasks.o(.text.xTaskResumeAll) refers to port.o(.text.vPortExitCritical) for vPortExitCritical
    tasks.o(.text.xTaskResumeAll) refers to tasks.o(.text.prvResetNextTaskUnblockTime) for prvResetNextTaskUnblockTime
    tasks.o(.text.xTaskResumeAll) refers to tasks.o(.text.xTaskIncrementTick) for xTaskIncrementTick
    tasks.o(.text.xTaskResumeAll) refers to tasks.o(.bss..L_MergedGlobals) for [Anonymous Symbol]
    tasks.o(.text.xTaskResumeAll) refers to tasks.o(.bss.pxReadyTasksLists) for [Anonymous Symbol]
    tasks.o(.text.xTaskResumeAll) refers to tasks.o(.bss.pxCurrentTCB) for pxCurrentTCB
    tasks.o(.ARM.exidx.text.xTaskResumeAll) refers to tasks.o(.text.xTaskResumeAll) for [Anonymous Symbol]
    tasks.o(.text.vTaskDelay) refers to tasks.o(.text.prvAddCurrentTaskToDelayedList) for prvAddCurrentTaskToDelayedList
    tasks.o(.text.vTaskDelay) refers to tasks.o(.text.xTaskResumeAll) for xTaskResumeAll
    tasks.o(.text.vTaskDelay) refers to tasks.o(.bss..L_MergedGlobals) for [Anonymous Symbol]
    tasks.o(.ARM.exidx.text.vTaskDelay) refers to tasks.o(.text.vTaskDelay) for [Anonymous Symbol]
    tasks.o(.text.eTaskGetState) refers to port.o(.text.vPortEnterCritical) for vPortEnterCritical
    tasks.o(.text.eTaskGetState) refers to port.o(.text.vPortExitCritical) for vPortExitCritical
    tasks.o(.text.eTaskGetState) refers to tasks.o(.bss.pxCurrentTCB) for pxCurrentTCB
    tasks.o(.text.eTaskGetState) refers to tasks.o(.bss..L_MergedGlobals) for [Anonymous Symbol]
    tasks.o(.ARM.exidx.text.eTaskGetState) refers to tasks.o(.text.eTaskGetState) for [Anonymous Symbol]
    tasks.o(.text.uxTaskPriorityGet) refers to port.o(.text.vPortEnterCritical) for vPortEnterCritical
    tasks.o(.text.uxTaskPriorityGet) refers to port.o(.text.vPortExitCritical) for vPortExitCritical
    tasks.o(.text.uxTaskPriorityGet) refers to tasks.o(.bss.pxCurrentTCB) for pxCurrentTCB
    tasks.o(.ARM.exidx.text.uxTaskPriorityGet) refers to tasks.o(.text.uxTaskPriorityGet) for [Anonymous Symbol]
    tasks.o(.text.uxTaskPriorityGetFromISR) refers to tasks.o(.bss.pxCurrentTCB) for pxCurrentTCB
    tasks.o(.ARM.exidx.text.uxTaskPriorityGetFromISR) refers to tasks.o(.text.uxTaskPriorityGetFromISR) for [Anonymous Symbol]
    tasks.o(.text.vTaskPrioritySet) refers to port.o(.text.vPortEnterCritical) for vPortEnterCritical
    tasks.o(.text.vTaskPrioritySet) refers to list.o(.text.uxListRemove) for uxListRemove
    tasks.o(.text.vTaskPrioritySet) refers to port.o(.text.vPortExitCritical) for vPortExitCritical
    tasks.o(.text.vTaskPrioritySet) refers to tasks.o(.bss.pxCurrentTCB) for pxCurrentTCB
    tasks.o(.text.vTaskPrioritySet) refers to tasks.o(.bss.pxReadyTasksLists) for [Anonymous Symbol]
    tasks.o(.text.vTaskPrioritySet) refers to tasks.o(.bss..L_MergedGlobals) for [Anonymous Symbol]
    tasks.o(.ARM.exidx.text.vTaskPrioritySet) refers to tasks.o(.text.vTaskPrioritySet) for [Anonymous Symbol]
    tasks.o(.text.vTaskSuspend) refers to port.o(.text.vPortEnterCritical) for vPortEnterCritical
    tasks.o(.text.vTaskSuspend) refers to list.o(.text.uxListRemove) for uxListRemove
    tasks.o(.text.vTaskSuspend) refers to list.o(.text.vListInsertEnd) for vListInsertEnd
    tasks.o(.text.vTaskSuspend) refers to port.o(.text.vPortExitCritical) for vPortExitCritical
    tasks.o(.text.vTaskSuspend) refers to tasks.o(.text.prvResetNextTaskUnblockTime) for prvResetNextTaskUnblockTime
    tasks.o(.text.vTaskSuspend) refers to tasks.o(.text.vTaskSwitchContext) for vTaskSwitchContext
    tasks.o(.text.vTaskSuspend) refers to tasks.o(.bss.pxCurrentTCB) for pxCurrentTCB
    tasks.o(.text.vTaskSuspend) refers to tasks.o(.bss..L_MergedGlobals) for [Anonymous Symbol]
    tasks.o(.ARM.exidx.text.vTaskSuspend) refers to tasks.o(.text.vTaskSuspend) for [Anonymous Symbol]
    tasks.o(.text.vTaskSwitchContext) refers to main.o(.text.vApplicationStackOverflowHook) for vApplicationStackOverflowHook
    tasks.o(.text.vTaskSwitchContext) refers to tasks.o(.bss..L_MergedGlobals) for [Anonymous Symbol]
    tasks.o(.text.vTaskSwitchContext) refers to tasks.o(.bss.pxCurrentTCB) for pxCurrentTCB
    tasks.o(.text.vTaskSwitchContext) refers to tasks.o(.bss.pxReadyTasksLists) for [Anonymous Symbol]
    tasks.o(.ARM.exidx.text.vTaskSwitchContext) refers to tasks.o(.text.vTaskSwitchContext) for [Anonymous Symbol]
    tasks.o(.text.vTaskResume) refers to port.o(.text.vPortEnterCritical) for vPortEnterCritical
    tasks.o(.text.vTaskResume) refers to tasks.o(.text.prvTaskIsTaskSuspended) for prvTaskIsTaskSuspended
    tasks.o(.text.vTaskResume) refers to list.o(.text.uxListRemove) for uxListRemove
    tasks.o(.text.vTaskResume) refers to port.o(.text.vPortExitCritical) for vPortExitCritical
    tasks.o(.text.vTaskResume) refers to tasks.o(.bss.pxCurrentTCB) for pxCurrentTCB
    tasks.o(.text.vTaskResume) refers to tasks.o(.bss..L_MergedGlobals) for [Anonymous Symbol]
    tasks.o(.text.vTaskResume) refers to tasks.o(.bss.pxReadyTasksLists) for [Anonymous Symbol]
    tasks.o(.ARM.exidx.text.vTaskResume) refers to tasks.o(.text.vTaskResume) for [Anonymous Symbol]
    tasks.o(.text.prvTaskIsTaskSuspended) refers to tasks.o(.bss..L_MergedGlobals) for [Anonymous Symbol]
    tasks.o(.ARM.exidx.text.prvTaskIsTaskSuspended) refers to tasks.o(.text.prvTaskIsTaskSuspended) for [Anonymous Symbol]
    tasks.o(.text.xTaskResumeFromISR) refers to tasks.o(.text.prvTaskIsTaskSuspended) for prvTaskIsTaskSuspended
    tasks.o(.text.xTaskResumeFromISR) refers to list.o(.text.vListInsertEnd) for vListInsertEnd
    tasks.o(.text.xTaskResumeFromISR) refers to list.o(.text.uxListRemove) for uxListRemove
    tasks.o(.text.xTaskResumeFromISR) refers to tasks.o(.bss..L_MergedGlobals) for [Anonymous Symbol]
    tasks.o(.text.xTaskResumeFromISR) refers to tasks.o(.bss.pxCurrentTCB) for pxCurrentTCB
    tasks.o(.text.xTaskResumeFromISR) refers to tasks.o(.bss.pxReadyTasksLists) for [Anonymous Symbol]
    tasks.o(.ARM.exidx.text.xTaskResumeFromISR) refers to tasks.o(.text.xTaskResumeFromISR) for [Anonymous Symbol]
    tasks.o(.text.vTaskStartScheduler) refers to cmsis_os2.o(.text.vApplicationGetIdleTaskMemory) for vApplicationGetIdleTaskMemory
    tasks.o(.text.vTaskStartScheduler) refers to tasks.o(.text.xTaskCreateStatic) for xTaskCreateStatic
    tasks.o(.text.vTaskStartScheduler) refers to timers.o(.text.xTimerCreateTimerTask) for xTimerCreateTimerTask
    tasks.o(.text.vTaskStartScheduler) refers to port.o(.text.xPortStartScheduler) for xPortStartScheduler
    tasks.o(.text.vTaskStartScheduler) refers to tasks.o(.text.prvIdleTask) for prvIdleTask
    tasks.o(.text.vTaskStartScheduler) refers to tasks.o(.bss..L_MergedGlobals) for [Anonymous Symbol]
    tasks.o(.text.vTaskStartScheduler) refers to tasks.o(.rodata.uxTopUsedPriority) for uxTopUsedPriority
    tasks.o(.ARM.exidx.text.vTaskStartScheduler) refers to tasks.o(.text.vTaskStartScheduler) for [Anonymous Symbol]
    tasks.o(.text.prvIdleTask) refers to port.o(.text.vPortEnterCritical) for vPortEnterCritical
    tasks.o(.text.prvIdleTask) refers to list.o(.text.uxListRemove) for uxListRemove
    tasks.o(.text.prvIdleTask) refers to port.o(.text.vPortExitCritical) for vPortExitCritical
    tasks.o(.text.prvIdleTask) refers to tasks.o(.text.prvDeleteTCB) for prvDeleteTCB
    tasks.o(.text.prvIdleTask) refers to tasks.o(.bss..L_MergedGlobals) for [Anonymous Symbol]
    tasks.o(.text.prvIdleTask) refers to tasks.o(.bss.pxReadyTasksLists) for [Anonymous Symbol]
    tasks.o(.ARM.exidx.text.prvIdleTask) refers to tasks.o(.text.prvIdleTask) for [Anonymous Symbol]
    tasks.o(.text.vTaskEndScheduler) refers to port.o(.text.vPortEndScheduler) for vPortEndScheduler
    tasks.o(.text.vTaskEndScheduler) refers to tasks.o(.bss..L_MergedGlobals) for [Anonymous Symbol]
    tasks.o(.ARM.exidx.text.vTaskEndScheduler) refers to tasks.o(.text.vTaskEndScheduler) for [Anonymous Symbol]
    tasks.o(.text.xTaskIncrementTick) refers to tasks.o(.text.prvResetNextTaskUnblockTime) for prvResetNextTaskUnblockTime
    tasks.o(.text.xTaskIncrementTick) refers to tasks.o(.bss..L_MergedGlobals) for [Anonymous Symbol]
    tasks.o(.text.xTaskIncrementTick) refers to tasks.o(.bss.pxReadyTasksLists) for [Anonymous Symbol]
    tasks.o(.text.xTaskIncrementTick) refers to tasks.o(.bss.pxCurrentTCB) for pxCurrentTCB
    tasks.o(.ARM.exidx.text.xTaskIncrementTick) refers to tasks.o(.text.xTaskIncrementTick) for [Anonymous Symbol]
    tasks.o(.text.xTaskGetTickCount) refers to tasks.o(.bss..L_MergedGlobals) for [Anonymous Symbol]
    tasks.o(.ARM.exidx.text.xTaskGetTickCount) refers to tasks.o(.text.xTaskGetTickCount) for [Anonymous Symbol]
    tasks.o(.text.xTaskGetTickCountFromISR) refers to tasks.o(.bss..L_MergedGlobals) for [Anonymous Symbol]
    tasks.o(.ARM.exidx.text.xTaskGetTickCountFromISR) refers to tasks.o(.text.xTaskGetTickCountFromISR) for [Anonymous Symbol]
    tasks.o(.text.uxTaskGetNumberOfTasks) refers to tasks.o(.bss..L_MergedGlobals) for [Anonymous Symbol]
    tasks.o(.ARM.exidx.text.uxTaskGetNumberOfTasks) refers to tasks.o(.text.uxTaskGetNumberOfTasks) for [Anonymous Symbol]
    tasks.o(.text.pcTaskGetName) refers to tasks.o(.bss.pxCurrentTCB) for pxCurrentTCB
    tasks.o(.ARM.exidx.text.pcTaskGetName) refers to tasks.o(.text.pcTaskGetName) for [Anonymous Symbol]
    tasks.o(.text.uxTaskGetSystemState) refers to tasks.o(.text.prvListTasksWithinSingleList) for prvListTasksWithinSingleList
    tasks.o(.text.uxTaskGetSystemState) refers to tasks.o(.text.xTaskResumeAll) for xTaskResumeAll
    tasks.o(.text.uxTaskGetSystemState) refers to tasks.o(.bss..L_MergedGlobals) for [Anonymous Symbol]
    tasks.o(.text.uxTaskGetSystemState) refers to tasks.o(.bss.pxReadyTasksLists) for [Anonymous Symbol]
    tasks.o(.ARM.exidx.text.uxTaskGetSystemState) refers to tasks.o(.text.uxTaskGetSystemState) for [Anonymous Symbol]
    tasks.o(.text.prvListTasksWithinSingleList) refers to tasks.o(.text.vTaskGetInfo) for vTaskGetInfo
    tasks.o(.ARM.exidx.text.prvListTasksWithinSingleList) refers to tasks.o(.text.prvListTasksWithinSingleList) for [Anonymous Symbol]
    tasks.o(.text.xTaskCatchUpTicks) refers to port.o(.text.vPortEnterCritical) for vPortEnterCritical
    tasks.o(.text.xTaskCatchUpTicks) refers to port.o(.text.vPortExitCritical) for vPortExitCritical
    tasks.o(.text.xTaskCatchUpTicks) refers to tasks.o(.text.xTaskResumeAll) for xTaskResumeAll
    tasks.o(.text.xTaskCatchUpTicks) refers to tasks.o(.bss..L_MergedGlobals) for [Anonymous Symbol]
    tasks.o(.ARM.exidx.text.xTaskCatchUpTicks) refers to tasks.o(.text.xTaskCatchUpTicks) for [Anonymous Symbol]
    tasks.o(.text.vTaskPlaceOnEventList) refers to list.o(.text.vListInsert) for vListInsert
    tasks.o(.text.vTaskPlaceOnEventList) refers to tasks.o(.text.prvAddCurrentTaskToDelayedList) for prvAddCurrentTaskToDelayedList
    tasks.o(.text.vTaskPlaceOnEventList) refers to tasks.o(.bss.pxCurrentTCB) for pxCurrentTCB
    tasks.o(.ARM.exidx.text.vTaskPlaceOnEventList) refers to tasks.o(.text.vTaskPlaceOnEventList) for [Anonymous Symbol]
    tasks.o(.text.vTaskPlaceOnUnorderedEventList) refers to tasks.o(.text.prvAddCurrentTaskToDelayedList) for prvAddCurrentTaskToDelayedList
    tasks.o(.text.vTaskPlaceOnUnorderedEventList) refers to tasks.o(.bss.pxCurrentTCB) for pxCurrentTCB
    tasks.o(.ARM.exidx.text.vTaskPlaceOnUnorderedEventList) refers to tasks.o(.text.vTaskPlaceOnUnorderedEventList) for [Anonymous Symbol]
    tasks.o(.text.vTaskPlaceOnEventListRestricted) refers to tasks.o(.text.prvAddCurrentTaskToDelayedList) for prvAddCurrentTaskToDelayedList
    tasks.o(.text.vTaskPlaceOnEventListRestricted) refers to tasks.o(.bss.pxCurrentTCB) for pxCurrentTCB
    tasks.o(.ARM.exidx.text.vTaskPlaceOnEventListRestricted) refers to tasks.o(.text.vTaskPlaceOnEventListRestricted) for [Anonymous Symbol]
    tasks.o(.text.xTaskRemoveFromEventList) refers to tasks.o(.bss..L_MergedGlobals) for [Anonymous Symbol]
    tasks.o(.text.xTaskRemoveFromEventList) refers to tasks.o(.bss.pxReadyTasksLists) for [Anonymous Symbol]
    tasks.o(.text.xTaskRemoveFromEventList) refers to tasks.o(.bss.pxCurrentTCB) for pxCurrentTCB
    tasks.o(.ARM.exidx.text.xTaskRemoveFromEventList) refers to tasks.o(.text.xTaskRemoveFromEventList) for [Anonymous Symbol]
    tasks.o(.text.vTaskRemoveFromUnorderedEventList) refers to tasks.o(.bss..L_MergedGlobals) for [Anonymous Symbol]
    tasks.o(.text.vTaskRemoveFromUnorderedEventList) refers to tasks.o(.bss.pxReadyTasksLists) for [Anonymous Symbol]
    tasks.o(.text.vTaskRemoveFromUnorderedEventList) refers to tasks.o(.bss.pxCurrentTCB) for pxCurrentTCB
    tasks.o(.ARM.exidx.text.vTaskRemoveFromUnorderedEventList) refers to tasks.o(.text.vTaskRemoveFromUnorderedEventList) for [Anonymous Symbol]
    tasks.o(.text.vTaskSetTimeOutState) refers to port.o(.text.vPortEnterCritical) for vPortEnterCritical
    tasks.o(.text.vTaskSetTimeOutState) refers to port.o(.text.vPortExitCritical) for vPortExitCritical
    tasks.o(.text.vTaskSetTimeOutState) refers to tasks.o(.bss..L_MergedGlobals) for [Anonymous Symbol]
    tasks.o(.ARM.exidx.text.vTaskSetTimeOutState) refers to tasks.o(.text.vTaskSetTimeOutState) for [Anonymous Symbol]
    tasks.o(.text.vTaskInternalSetTimeOutState) refers to tasks.o(.bss..L_MergedGlobals) for [Anonymous Symbol]
    tasks.o(.ARM.exidx.text.vTaskInternalSetTimeOutState) refers to tasks.o(.text.vTaskInternalSetTimeOutState) for [Anonymous Symbol]
    tasks.o(.text.xTaskCheckForTimeOut) refers to port.o(.text.vPortEnterCritical) for vPortEnterCritical
    tasks.o(.text.xTaskCheckForTimeOut) refers to port.o(.text.vPortExitCritical) for vPortExitCritical
    tasks.o(.text.xTaskCheckForTimeOut) refers to tasks.o(.bss..L_MergedGlobals) for [Anonymous Symbol]
    tasks.o(.ARM.exidx.text.xTaskCheckForTimeOut) refers to tasks.o(.text.xTaskCheckForTimeOut) for [Anonymous Symbol]
    tasks.o(.text.vTaskMissedYield) refers to tasks.o(.bss..L_MergedGlobals) for [Anonymous Symbol]
    tasks.o(.ARM.exidx.text.vTaskMissedYield) refers to tasks.o(.text.vTaskMissedYield) for [Anonymous Symbol]
    tasks.o(.ARM.exidx.text.uxTaskGetTaskNumber) refers to tasks.o(.text.uxTaskGetTaskNumber) for [Anonymous Symbol]
    tasks.o(.ARM.exidx.text.vTaskSetTaskNumber) refers to tasks.o(.text.vTaskSetTaskNumber) for [Anonymous Symbol]
    tasks.o(.text.vTaskGetInfo) refers to tasks.o(.text.eTaskGetState) for eTaskGetState
    tasks.o(.text.vTaskGetInfo) refers to tasks.o(.text.xTaskResumeAll) for xTaskResumeAll
    tasks.o(.text.vTaskGetInfo) refers to tasks.o(.text.prvTaskCheckFreeStackSpace) for prvTaskCheckFreeStackSpace
    tasks.o(.text.vTaskGetInfo) refers to tasks.o(.bss.pxCurrentTCB) for pxCurrentTCB
    tasks.o(.text.vTaskGetInfo) refers to tasks.o(.bss..L_MergedGlobals) for [Anonymous Symbol]
    tasks.o(.ARM.exidx.text.vTaskGetInfo) refers to tasks.o(.text.vTaskGetInfo) for [Anonymous Symbol]
    tasks.o(.ARM.exidx.text.prvTaskCheckFreeStackSpace) refers to tasks.o(.text.prvTaskCheckFreeStackSpace) for [Anonymous Symbol]
    tasks.o(.text.uxTaskGetStackHighWaterMark) refers to tasks.o(.text.prvTaskCheckFreeStackSpace) for prvTaskCheckFreeStackSpace
    tasks.o(.text.uxTaskGetStackHighWaterMark) refers to tasks.o(.bss.pxCurrentTCB) for pxCurrentTCB
    tasks.o(.ARM.exidx.text.uxTaskGetStackHighWaterMark) refers to tasks.o(.text.uxTaskGetStackHighWaterMark) for [Anonymous Symbol]
    tasks.o(.text.xTaskGetCurrentTaskHandle) refers to tasks.o(.bss.pxCurrentTCB) for pxCurrentTCB
    tasks.o(.ARM.exidx.text.xTaskGetCurrentTaskHandle) refers to tasks.o(.text.xTaskGetCurrentTaskHandle) for [Anonymous Symbol]
    tasks.o(.text.xTaskGetSchedulerState) refers to tasks.o(.bss..L_MergedGlobals) for [Anonymous Symbol]
    tasks.o(.ARM.exidx.text.xTaskGetSchedulerState) refers to tasks.o(.text.xTaskGetSchedulerState) for [Anonymous Symbol]
    tasks.o(.text.xTaskPriorityInherit) refers to list.o(.text.uxListRemove) for uxListRemove
    tasks.o(.text.xTaskPriorityInherit) refers to tasks.o(.bss.pxCurrentTCB) for pxCurrentTCB
    tasks.o(.text.xTaskPriorityInherit) refers to tasks.o(.bss.pxReadyTasksLists) for [Anonymous Symbol]
    tasks.o(.text.xTaskPriorityInherit) refers to tasks.o(.bss..L_MergedGlobals) for [Anonymous Symbol]
    tasks.o(.ARM.exidx.text.xTaskPriorityInherit) refers to tasks.o(.text.xTaskPriorityInherit) for [Anonymous Symbol]
    tasks.o(.text.xTaskPriorityDisinherit) refers to list.o(.text.uxListRemove) for uxListRemove
    tasks.o(.text.xTaskPriorityDisinherit) refers to tasks.o(.bss..L_MergedGlobals) for [Anonymous Symbol]
    tasks.o(.text.xTaskPriorityDisinherit) refers to tasks.o(.bss.pxReadyTasksLists) for [Anonymous Symbol]
    tasks.o(.ARM.exidx.text.xTaskPriorityDisinherit) refers to tasks.o(.text.xTaskPriorityDisinherit) for [Anonymous Symbol]
    tasks.o(.text.vTaskPriorityDisinheritAfterTimeout) refers to list.o(.text.uxListRemove) for uxListRemove
    tasks.o(.text.vTaskPriorityDisinheritAfterTimeout) refers to tasks.o(.bss.pxReadyTasksLists) for [Anonymous Symbol]
    tasks.o(.text.vTaskPriorityDisinheritAfterTimeout) refers to tasks.o(.bss..L_MergedGlobals) for [Anonymous Symbol]
    tasks.o(.ARM.exidx.text.vTaskPriorityDisinheritAfterTimeout) refers to tasks.o(.text.vTaskPriorityDisinheritAfterTimeout) for [Anonymous Symbol]
    tasks.o(.text.uxTaskResetEventItemValue) refers to tasks.o(.bss.pxCurrentTCB) for pxCurrentTCB
    tasks.o(.ARM.exidx.text.uxTaskResetEventItemValue) refers to tasks.o(.text.uxTaskResetEventItemValue) for [Anonymous Symbol]
    tasks.o(.text.pvTaskIncrementMutexHeldCount) refers to tasks.o(.bss.pxCurrentTCB) for pxCurrentTCB
    tasks.o(.ARM.exidx.text.pvTaskIncrementMutexHeldCount) refers to tasks.o(.text.pvTaskIncrementMutexHeldCount) for [Anonymous Symbol]
    tasks.o(.text.ulTaskGenericNotifyTake) refers to port.o(.text.vPortEnterCritical) for vPortEnterCritical
    tasks.o(.text.ulTaskGenericNotifyTake) refers to tasks.o(.text.prvAddCurrentTaskToDelayedList) for prvAddCurrentTaskToDelayedList
    tasks.o(.text.ulTaskGenericNotifyTake) refers to port.o(.text.vPortExitCritical) for vPortExitCritical
    tasks.o(.text.ulTaskGenericNotifyTake) refers to tasks.o(.bss.pxCurrentTCB) for pxCurrentTCB
    tasks.o(.ARM.exidx.text.ulTaskGenericNotifyTake) refers to tasks.o(.text.ulTaskGenericNotifyTake) for [Anonymous Symbol]
    tasks.o(.text.xTaskGenericNotifyWait) refers to port.o(.text.vPortEnterCritical) for vPortEnterCritical
    tasks.o(.text.xTaskGenericNotifyWait) refers to tasks.o(.text.prvAddCurrentTaskToDelayedList) for prvAddCurrentTaskToDelayedList
    tasks.o(.text.xTaskGenericNotifyWait) refers to port.o(.text.vPortExitCritical) for vPortExitCritical
    tasks.o(.text.xTaskGenericNotifyWait) refers to tasks.o(.bss.pxCurrentTCB) for pxCurrentTCB
    tasks.o(.ARM.exidx.text.xTaskGenericNotifyWait) refers to tasks.o(.text.xTaskGenericNotifyWait) for [Anonymous Symbol]
    tasks.o(.text.xTaskGenericNotify) refers to port.o(.text.vPortEnterCritical) for vPortEnterCritical
    tasks.o(.text.xTaskGenericNotify) refers to port.o(.text.vPortExitCritical) for vPortExitCritical
    tasks.o(.text.xTaskGenericNotify) refers to tasks.o(.bss..L_MergedGlobals) for [Anonymous Symbol]
    tasks.o(.text.xTaskGenericNotify) refers to tasks.o(.bss.pxReadyTasksLists) for [Anonymous Symbol]
    tasks.o(.text.xTaskGenericNotify) refers to tasks.o(.bss.pxCurrentTCB) for pxCurrentTCB
    tasks.o(.ARM.exidx.text.xTaskGenericNotify) refers to tasks.o(.text.xTaskGenericNotify) for [Anonymous Symbol]
    tasks.o(.text.xTaskGenericNotifyFromISR) refers to tasks.o(.bss..L_MergedGlobals) for [Anonymous Symbol]
    tasks.o(.text.xTaskGenericNotifyFromISR) refers to tasks.o(.bss.pxReadyTasksLists) for [Anonymous Symbol]
    tasks.o(.text.xTaskGenericNotifyFromISR) refers to tasks.o(.bss.pxCurrentTCB) for pxCurrentTCB
    tasks.o(.ARM.exidx.text.xTaskGenericNotifyFromISR) refers to tasks.o(.text.xTaskGenericNotifyFromISR) for [Anonymous Symbol]
    tasks.o(.text.vTaskGenericNotifyGiveFromISR) refers to tasks.o(.bss..L_MergedGlobals) for [Anonymous Symbol]
    tasks.o(.text.vTaskGenericNotifyGiveFromISR) refers to tasks.o(.bss.pxReadyTasksLists) for [Anonymous Symbol]
    tasks.o(.text.vTaskGenericNotifyGiveFromISR) refers to tasks.o(.bss.pxCurrentTCB) for pxCurrentTCB
    tasks.o(.ARM.exidx.text.vTaskGenericNotifyGiveFromISR) refers to tasks.o(.text.vTaskGenericNotifyGiveFromISR) for [Anonymous Symbol]
    tasks.o(.text.xTaskGenericNotifyStateClear) refers to port.o(.text.vPortEnterCritical) for vPortEnterCritical
    tasks.o(.text.xTaskGenericNotifyStateClear) refers to port.o(.text.vPortExitCritical) for vPortExitCritical
    tasks.o(.text.xTaskGenericNotifyStateClear) refers to tasks.o(.bss.pxCurrentTCB) for pxCurrentTCB
    tasks.o(.ARM.exidx.text.xTaskGenericNotifyStateClear) refers to tasks.o(.text.xTaskGenericNotifyStateClear) for [Anonymous Symbol]
    tasks.o(.text.ulTaskGenericNotifyValueClear) refers to port.o(.text.vPortEnterCritical) for vPortEnterCritical
    tasks.o(.text.ulTaskGenericNotifyValueClear) refers to port.o(.text.vPortExitCritical) for vPortExitCritical
    tasks.o(.text.ulTaskGenericNotifyValueClear) refers to tasks.o(.bss.pxCurrentTCB) for pxCurrentTCB
    tasks.o(.ARM.exidx.text.ulTaskGenericNotifyValueClear) refers to tasks.o(.text.ulTaskGenericNotifyValueClear) for [Anonymous Symbol]
    timers.o(.text.xTimerCreateTimerTask) refers to timers.o(.text.prvCheckForValidListAndQueue) for prvCheckForValidListAndQueue
    timers.o(.text.xTimerCreateTimerTask) refers to cmsis_os2.o(.text.vApplicationGetTimerTaskMemory) for vApplicationGetTimerTaskMemory
    timers.o(.text.xTimerCreateTimerTask) refers to tasks.o(.text.xTaskCreateStatic) for xTaskCreateStatic
    timers.o(.text.xTimerCreateTimerTask) refers to timers.o(.bss..L_MergedGlobals) for [Anonymous Symbol]
    timers.o(.text.xTimerCreateTimerTask) refers to timers.o(.text.prvTimerTask) for prvTimerTask
    timers.o(.ARM.exidx.text.xTimerCreateTimerTask) refers to timers.o(.text.xTimerCreateTimerTask) for [Anonymous Symbol]
    timers.o(.text.prvCheckForValidListAndQueue) refers to port.o(.text.vPortEnterCritical) for vPortEnterCritical
    timers.o(.text.prvCheckForValidListAndQueue) refers to list.o(.text.vListInitialise) for vListInitialise
    timers.o(.text.prvCheckForValidListAndQueue) refers to queue.o(.text.xQueueGenericCreateStatic) for xQueueGenericCreateStatic
    timers.o(.text.prvCheckForValidListAndQueue) refers to port.o(.text.vPortExitCritical) for vPortExitCritical
    timers.o(.text.prvCheckForValidListAndQueue) refers to timers.o(.bss..L_MergedGlobals) for [Anonymous Symbol]
    timers.o(.text.prvCheckForValidListAndQueue) refers to timers.o(.bss.prvCheckForValidListAndQueue.ucStaticTimerQueueStorage) for [Anonymous Symbol]
    timers.o(.text.prvCheckForValidListAndQueue) refers to timers.o(.bss.prvCheckForValidListAndQueue.xStaticTimerQueue) for [Anonymous Symbol]
    timers.o(.ARM.exidx.text.prvCheckForValidListAndQueue) refers to timers.o(.text.prvCheckForValidListAndQueue) for [Anonymous Symbol]
    timers.o(.text.prvTimerTask) refers to tasks.o(.text.vTaskSuspendAll) for vTaskSuspendAll
    timers.o(.text.prvTimerTask) refers to timers.o(.text.prvSampleTimeNow) for prvSampleTimeNow
    timers.o(.text.prvTimerTask) refers to tasks.o(.text.xTaskResumeAll) for xTaskResumeAll
    timers.o(.text.prvTimerTask) refers to timers.o(.text.prvProcessExpiredTimer) for prvProcessExpiredTimer
    timers.o(.text.prvTimerTask) refers to queue.o(.text.vQueueWaitForMessageRestricted) for vQueueWaitForMessageRestricted
    timers.o(.text.prvTimerTask) refers to list.o(.text.uxListRemove) for uxListRemove
    timers.o(.text.prvTimerTask) refers to timers.o(.text.prvInsertTimerInActiveList) for prvInsertTimerInActiveList
    timers.o(.text.prvTimerTask) refers to heap_4.o(.text.vPortFree) for vPortFree
    timers.o(.text.prvTimerTask) refers to timers.o(.text.prvReloadTimer) for prvReloadTimer
    timers.o(.text.prvTimerTask) refers to queue.o(.text.xQueueReceive) for xQueueReceive
    timers.o(.text.prvTimerTask) refers to timers.o(.bss..L_MergedGlobals) for [Anonymous Symbol]
    timers.o(.ARM.exidx.text.prvTimerTask) refers to timers.o(.text.prvTimerTask) for [Anonymous Symbol]
    timers.o(.text.xTimerCreate) refers to heap_4.o(.text.pvPortMalloc) for pvPortMalloc
    timers.o(.text.xTimerCreate) refers to timers.o(.text.prvInitialiseNewTimer) for prvInitialiseNewTimer
    timers.o(.ARM.exidx.text.xTimerCreate) refers to timers.o(.text.xTimerCreate) for [Anonymous Symbol]
    timers.o(.text.prvInitialiseNewTimer) refers to timers.o(.text.prvCheckForValidListAndQueue) for prvCheckForValidListAndQueue
    timers.o(.text.prvInitialiseNewTimer) refers to list.o(.text.vListInitialiseItem) for vListInitialiseItem
    timers.o(.ARM.exidx.text.prvInitialiseNewTimer) refers to timers.o(.text.prvInitialiseNewTimer) for [Anonymous Symbol]
    timers.o(.text.xTimerCreateStatic) refers to timers.o(.text.prvInitialiseNewTimer) for prvInitialiseNewTimer
    timers.o(.ARM.exidx.text.xTimerCreateStatic) refers to timers.o(.text.xTimerCreateStatic) for [Anonymous Symbol]
    timers.o(.text.xTimerGenericCommand) refers to tasks.o(.text.xTaskGetSchedulerState) for xTaskGetSchedulerState
    timers.o(.text.xTimerGenericCommand) refers to queue.o(.text.xQueueGenericSendFromISR) for xQueueGenericSendFromISR
    timers.o(.text.xTimerGenericCommand) refers to queue.o(.text.xQueueGenericSend) for xQueueGenericSend
    timers.o(.text.xTimerGenericCommand) refers to timers.o(.bss..L_MergedGlobals) for [Anonymous Symbol]
    timers.o(.ARM.exidx.text.xTimerGenericCommand) refers to timers.o(.text.xTimerGenericCommand) for [Anonymous Symbol]
    timers.o(.text.xTimerGetTimerDaemonTaskHandle) refers to timers.o(.bss..L_MergedGlobals) for [Anonymous Symbol]
    timers.o(.ARM.exidx.text.xTimerGetTimerDaemonTaskHandle) refers to timers.o(.text.xTimerGetTimerDaemonTaskHandle) for [Anonymous Symbol]
    timers.o(.ARM.exidx.text.xTimerGetPeriod) refers to timers.o(.text.xTimerGetPeriod) for [Anonymous Symbol]
    timers.o(.text.vTimerSetReloadMode) refers to port.o(.text.vPortEnterCritical) for vPortEnterCritical
    timers.o(.text.vTimerSetReloadMode) refers to port.o(.text.vPortExitCritical) for vPortExitCritical
    timers.o(.ARM.exidx.text.vTimerSetReloadMode) refers to timers.o(.text.vTimerSetReloadMode) for [Anonymous Symbol]
    timers.o(.text.xTimerGetReloadMode) refers to port.o(.text.vPortEnterCritical) for vPortEnterCritical
    timers.o(.text.xTimerGetReloadMode) refers to port.o(.text.vPortExitCritical) for vPortExitCritical
    timers.o(.ARM.exidx.text.xTimerGetReloadMode) refers to timers.o(.text.xTimerGetReloadMode) for [Anonymous Symbol]
    timers.o(.text.uxTimerGetReloadMode) refers to timers.o(.text.xTimerGetReloadMode) for xTimerGetReloadMode
    timers.o(.ARM.exidx.text.uxTimerGetReloadMode) refers to timers.o(.text.uxTimerGetReloadMode) for [Anonymous Symbol]
    timers.o(.ARM.exidx.text.xTimerGetExpiryTime) refers to timers.o(.text.xTimerGetExpiryTime) for [Anonymous Symbol]
    timers.o(.ARM.exidx.text.pcTimerGetName) refers to timers.o(.text.pcTimerGetName) for [Anonymous Symbol]
    timers.o(.text.xTimerIsTimerActive) refers to port.o(.text.vPortEnterCritical) for vPortEnterCritical
    timers.o(.text.xTimerIsTimerActive) refers to port.o(.text.vPortExitCritical) for vPortExitCritical
    timers.o(.ARM.exidx.text.xTimerIsTimerActive) refers to timers.o(.text.xTimerIsTimerActive) for [Anonymous Symbol]
    timers.o(.text.pvTimerGetTimerID) refers to port.o(.text.vPortEnterCritical) for vPortEnterCritical
    timers.o(.text.pvTimerGetTimerID) refers to port.o(.text.vPortExitCritical) for vPortExitCritical
    timers.o(.ARM.exidx.text.pvTimerGetTimerID) refers to timers.o(.text.pvTimerGetTimerID) for [Anonymous Symbol]
    timers.o(.text.vTimerSetTimerID) refers to port.o(.text.vPortEnterCritical) for vPortEnterCritical
    timers.o(.text.vTimerSetTimerID) refers to port.o(.text.vPortExitCritical) for vPortExitCritical
    timers.o(.ARM.exidx.text.vTimerSetTimerID) refers to timers.o(.text.vTimerSetTimerID) for [Anonymous Symbol]
    timers.o(.text.xTimerPendFunctionCallFromISR) refers to queue.o(.text.xQueueGenericSendFromISR) for xQueueGenericSendFromISR
    timers.o(.text.xTimerPendFunctionCallFromISR) refers to timers.o(.bss..L_MergedGlobals) for [Anonymous Symbol]
    timers.o(.ARM.exidx.text.xTimerPendFunctionCallFromISR) refers to timers.o(.text.xTimerPendFunctionCallFromISR) for [Anonymous Symbol]
    timers.o(.text.xTimerPendFunctionCall) refers to queue.o(.text.xQueueGenericSend) for xQueueGenericSend
    timers.o(.text.xTimerPendFunctionCall) refers to timers.o(.bss..L_MergedGlobals) for [Anonymous Symbol]
    timers.o(.ARM.exidx.text.xTimerPendFunctionCall) refers to timers.o(.text.xTimerPendFunctionCall) for [Anonymous Symbol]
    timers.o(.ARM.exidx.text.uxTimerGetTimerNumber) refers to timers.o(.text.uxTimerGetTimerNumber) for [Anonymous Symbol]
    timers.o(.ARM.exidx.text.vTimerSetTimerNumber) refers to timers.o(.text.vTimerSetTimerNumber) for [Anonymous Symbol]
    timers.o(.text.prvSampleTimeNow) refers to tasks.o(.text.xTaskGetTickCount) for xTaskGetTickCount
    timers.o(.text.prvSampleTimeNow) refers to timers.o(.text.prvProcessExpiredTimer) for prvProcessExpiredTimer
    timers.o(.text.prvSampleTimeNow) refers to timers.o(.bss..L_MergedGlobals) for [Anonymous Symbol]
    timers.o(.ARM.exidx.text.prvSampleTimeNow) refers to timers.o(.text.prvSampleTimeNow) for [Anonymous Symbol]
    timers.o(.text.prvProcessExpiredTimer) refers to list.o(.text.uxListRemove) for uxListRemove
    timers.o(.text.prvProcessExpiredTimer) refers to timers.o(.text.prvReloadTimer) for prvReloadTimer
    timers.o(.text.prvProcessExpiredTimer) refers to timers.o(.bss..L_MergedGlobals) for [Anonymous Symbol]
    timers.o(.ARM.exidx.text.prvProcessExpiredTimer) refers to timers.o(.text.prvProcessExpiredTimer) for [Anonymous Symbol]
    timers.o(.text.prvReloadTimer) refers to timers.o(.text.prvInsertTimerInActiveList) for prvInsertTimerInActiveList
    timers.o(.ARM.exidx.text.prvReloadTimer) refers to timers.o(.text.prvReloadTimer) for [Anonymous Symbol]
    timers.o(.text.prvInsertTimerInActiveList) refers to list.o(.text.vListInsert) for vListInsert
    timers.o(.text.prvInsertTimerInActiveList) refers to timers.o(.bss..L_MergedGlobals) for [Anonymous Symbol]
    timers.o(.ARM.exidx.text.prvInsertTimerInActiveList) refers to timers.o(.text.prvInsertTimerInActiveList) for [Anonymous Symbol]
    port.o(.text.pxPortInitialiseStack) refers to port.o(.text.prvTaskExitError) for prvTaskExitError
    port.o(.ARM.exidx.text.pxPortInitialiseStack) refers to port.o(.text.pxPortInitialiseStack) for [Anonymous Symbol]
    port.o(.ARM.exidx.text.prvTaskExitError) refers to port.o(.text.prvTaskExitError) for [Anonymous Symbol]
    port.o(.text.SVC_Handler) refers to tasks.o(.bss.pxCurrentTCB) for pxCurrentTCB
    port.o(.ARM.exidx.text.SVC_Handler) refers to port.o(.text.SVC_Handler) for [Anonymous Symbol]
    port.o(.text.xPortStartScheduler) refers to port.o(.text.vPortSetupTimerInterrupt) for vPortSetupTimerInterrupt
    port.o(.text.xPortStartScheduler) refers to port.o(.text.vPortEnableVFP) for vPortEnableVFP
    port.o(.text.xPortStartScheduler) refers to port.o(.text.prvPortStartFirstTask) for prvPortStartFirstTask
    port.o(.text.xPortStartScheduler) refers to tasks.o(.text.vTaskSwitchContext) for vTaskSwitchContext
    port.o(.text.xPortStartScheduler) refers to port.o(.text.prvTaskExitError) for prvTaskExitError
    port.o(.text.xPortStartScheduler) refers to port.o(.data.uxCriticalNesting) for [Anonymous Symbol]
    port.o(.ARM.exidx.text.xPortStartScheduler) refers to port.o(.text.xPortStartScheduler) for [Anonymous Symbol]
    port.o(.text.vPortSetupTimerInterrupt) refers to system_stm32f4xx.o(.data.SystemCoreClock) for SystemCoreClock
    port.o(.ARM.exidx.text.vPortSetupTimerInterrupt) refers to port.o(.text.vPortSetupTimerInterrupt) for [Anonymous Symbol]
    port.o(.ARM.exidx.text.vPortEnableVFP) refers to port.o(.text.vPortEnableVFP) for [Anonymous Symbol]
    port.o(.ARM.exidx.text.prvPortStartFirstTask) refers to port.o(.text.prvPortStartFirstTask) for [Anonymous Symbol]
    port.o(.ARM.exidx.text.vPortEndScheduler) refers to port.o(.text.vPortEndScheduler) for [Anonymous Symbol]
    port.o(.text.vPortEnterCritical) refers to port.o(.data.uxCriticalNesting) for [Anonymous Symbol]
    port.o(.ARM.exidx.text.vPortEnterCritical) refers to port.o(.text.vPortEnterCritical) for [Anonymous Symbol]
    port.o(.text.vPortExitCritical) refers to port.o(.data.uxCriticalNesting) for [Anonymous Symbol]
    port.o(.ARM.exidx.text.vPortExitCritical) refers to port.o(.text.vPortExitCritical) for [Anonymous Symbol]
    port.o(.text.PendSV_Handler) refers to tasks.o(.text.vTaskSwitchContext) for vTaskSwitchContext
    port.o(.text.PendSV_Handler) refers to tasks.o(.bss.pxCurrentTCB) for pxCurrentTCB
    port.o(.ARM.exidx.text.PendSV_Handler) refers to port.o(.text.PendSV_Handler) for [Anonymous Symbol]
    port.o(.text.xPortSysTickHandler) refers to tasks.o(.text.xTaskIncrementTick) for xTaskIncrementTick
    port.o(.ARM.exidx.text.xPortSysTickHandler) refers to port.o(.text.xPortSysTickHandler) for [Anonymous Symbol]
    __2printf.o(.text) refers to _printf_char_file.o(.text) for _printf_char_file
    __2printf.o(.text) refers to stdio_streams.o(.bss) for __stdout
    noretval__2printf.o(.text) refers to _printf_char_file.o(.text) for _printf_char_file
    noretval__2printf.o(.text) refers to stdio_streams.o(.bss) for __stdout
    __printf.o(.text) refers to _printf_percent.o(.ARM.Collect$$_printf_percent$$00000000) for _printf_percent
    _printf_str.o(.text) refers (Special) to _printf_char.o(.text) for _printf_cs_common
    __printf_flags.o(.text) refers to _printf_percent.o(.ARM.Collect$$_printf_percent$$00000000) for _printf_percent
    __printf_flags.o(.text) refers to __printf_flags.o(.constdata) for .constdata
    __printf_ss.o(.text) refers to _printf_percent.o(.ARM.Collect$$_printf_percent$$00000000) for _printf_percent
    __printf_flags_ss.o(.text) refers to _printf_percent.o(.ARM.Collect$$_printf_percent$$00000000) for _printf_percent
    __printf_flags_ss.o(.text) refers to __printf_flags_ss.o(.constdata) for .constdata
    __printf_wp.o(.text) refers to __printf_wp.o(i._is_digit) for _is_digit
    __printf_wp.o(.text) refers to _printf_percent.o(.ARM.Collect$$_printf_percent$$00000000) for _printf_percent
    __printf_flags_wp.o(.text) refers to __printf_wp.o(i._is_digit) for _is_digit
    __printf_flags_wp.o(.text) refers to _printf_percent.o(.ARM.Collect$$_printf_percent$$00000000) for _printf_percent
    __printf_flags_wp.o(.text) refers to __printf_flags_wp.o(.constdata) for .constdata
    __printf_ss_wp.o(.text) refers to __printf_wp.o(i._is_digit) for _is_digit
    __printf_ss_wp.o(.text) refers to _printf_percent.o(.ARM.Collect$$_printf_percent$$00000000) for _printf_percent
    __printf_flags_ss_wp.o(.text) refers to __printf_wp.o(i._is_digit) for _is_digit
    __printf_flags_ss_wp.o(.text) refers to _printf_percent.o(.ARM.Collect$$_printf_percent$$00000000) for _printf_percent
    __printf_flags_ss_wp.o(.text) refers to __printf_flags_ss_wp.o(.constdata) for .constdata
    _printf_s.o(.ARM.Collect$$_printf_percent$$00000014) refers (Weak) to _printf_char.o(.text) for _printf_string
    _printf_percent.o(.ARM.Collect$$_printf_percent$$00000000) refers (Special) to _printf_percent_end.o(.ARM.Collect$$_printf_percent$$00000017) for _printf_percent_end
    puts.o(.text) refers to uart_prn.o(.text.fputc) for fputc
    puts.o(.text) refers to stdio_streams.o(.bss) for __stdout
    rt_memcpy_v6.o(.text) refers to rt_memcpy_w.o(.text) for __aeabi_memcpy4
    aeabi_memset4.o(.text) refers to rt_memclr_w.o(.text) for _memset_w
    rt_memclr.o(.text) refers to rt_memclr_w.o(.text) for _memset_w
    __main.o(!!!main) refers to __rtentry.o(.ARM.Collect$$rtentry$$00000000) for __rt_entry
    __rtentry.o(.ARM.Collect$$rtentry$$00000000) refers (Special) to __rtentry2.o(.ARM.Collect$$rtentry$$0000000A) for __rt_entry_li
    __rtentry.o(.ARM.Collect$$rtentry$$00000000) refers (Special) to __rtentry2.o(.ARM.Collect$$rtentry$$0000000D) for __rt_entry_main
    __rtentry.o(.ARM.Collect$$rtentry$$00000000) refers (Special) to __rtentry2.o(.ARM.Collect$$rtentry$$0000000C) for __rt_entry_postli_1
    __rtentry.o(.ARM.Collect$$rtentry$$00000000) refers (Special) to __rtentry2.o(.ARM.Collect$$rtentry$$00000008) for __rt_entry_postsh_1
    __rtentry.o(.ARM.Collect$$rtentry$$00000000) refers (Special) to __rtentry2.o(.ARM.Collect$$rtentry$$00000002) for __rt_entry_presh_1
    __rtentry.o(.ARM.Collect$$rtentry$$00000000) refers (Special) to __rtentry4.o(.ARM.Collect$$rtentry$$00000004) for __rt_entry_sh
    aeabi_ldiv0_sigfpe.o(.text) refers to rt_div0.o(.text) for __rt_div0
    _printf_char.o(.text) refers (Weak) to _printf_str.o(.text) for _printf_str
    _printf_char_file.o(.text) refers to _printf_char_common.o(.text) for _printf_char_common
    _printf_char_file.o(.text) refers to ferror_locked.o(.text) for ferror
    _printf_char_file.o(.text) refers to uart_prn.o(.text.fputc) for fputc
    stdio_streams.o(.bss) refers (Special) to initio_locked.o(.text) for _initio
    stdio_streams.o(.bss) refers (Special) to initio_locked.o(.text) for _initio
    stdio_streams.o(.bss) refers (Special) to initio_locked.o(.text) for _initio
    stdio_streams.o(.data) refers (Special) to initio_locked.o(.text) for _initio
    stdio_streams.o(.data) refers (Special) to initio_locked.o(.text) for _initio
    stdio_streams.o(.data) refers (Special) to initio_locked.o(.text) for _initio
    __rtentry2.o(.ARM.Collect$$rtentry$$00000008) refers to clib_arm.o(.text._platform_post_stackheap_init) for _platform_post_stackheap_init
    __rtentry2.o(.ARM.Collect$$rtentry$$0000000A) refers to libinit.o(.ARM.Collect$$libinit$$00000000) for __rt_lib_init
    __rtentry2.o(.ARM.Collect$$rtentry$$0000000B) refers to boardinit3.o(.text) for _platform_post_lib_init
    __rtentry2.o(.ARM.Collect$$rtentry$$0000000D) refers to main.o(.text.main) for main
    __rtentry2.o(.ARM.Collect$$rtentry$$0000000D) refers to exit.o(.text) for exit
    __rtentry2.o(.ARM.exidx) refers to __rtentry2.o(.ARM.Collect$$rtentry$$00000001) for .ARM.Collect$$rtentry$$00000001
    __rtentry2.o(.ARM.exidx) refers to __rtentry2.o(.ARM.Collect$$rtentry$$00000008) for .ARM.Collect$$rtentry$$00000008
    __rtentry2.o(.ARM.exidx) refers to __rtentry2.o(.ARM.Collect$$rtentry$$0000000A) for .ARM.Collect$$rtentry$$0000000A
    __rtentry2.o(.ARM.exidx) refers to __rtentry2.o(.ARM.Collect$$rtentry$$0000000B) for .ARM.Collect$$rtentry$$0000000B
    __rtentry2.o(.ARM.exidx) refers to __rtentry2.o(.ARM.Collect$$rtentry$$0000000D) for .ARM.Collect$$rtentry$$0000000D
    __rtentry4.o(.ARM.Collect$$rtentry$$00000004) refers to sys_stackheap_outer.o(.text) for __user_setup_stackheap
    __rtentry4.o(.ARM.exidx) refers to __rtentry4.o(.ARM.Collect$$rtentry$$00000004) for .ARM.Collect$$rtentry$$00000004
    rt_div0.o(.text) refers to defsig_fpe_outer.o(.text) for __rt_SIGFPE
    _printf_char_common.o(.text) refers to __printf.o(.text) for __printf
    initio.o(.text) refers (Special) to libinit2.o(.ARM.Collect$$libinit$$00000024) for __rt_lib_init_stdio_2
    initio.o(.text) refers (Special) to libshutdown2.o(.ARM.Collect$$libshutdown$$00000003) for __rt_lib_shutdown_stdio_2
    initio.o(.text) refers to rt_memclr_w.o(.text) for __aeabi_memclr4
    initio.o(.text) refers to fopen_locked.o(.text) for freopen
    initio.o(.text) refers to defsig_rtred_outer.o(.text) for __rt_SIGRTRED
    initio.o(.text) refers to setvbuf_locked.o(.text) for setvbuf
    initio.o(.text) refers to fclose.o(.text) for _fclose_internal
    initio.o(.text) refers to h1_free_threads.o(.text) for free
    initio.o(.text) refers to stdio_streams.o(.bss) for __stdin
    initio.o(.text) refers to stdio_streams.o(.bss) for __stdout
    initio.o(.text) refers to stdio_streams.o(.bss) for __stderr
    initio.o(.text) refers to stdio_streams.o(.data) for __aeabi_stdin
    initio.o(.text) refers to stdio_streams.o(.data) for __aeabi_stdout
    initio.o(.text) refers to stdio_streams.o(.data) for __aeabi_stderr
    initio.o(.text) refers to retarget_io.o(.rodata.__stdin_name) for __stdin_name
    initio.o(.text) refers to retarget_io.o(.rodata.__stdout_name) for __stdout_name
    initio.o(.text) refers to retarget_io.o(.rodata.__stderr_name) for __stderr_name
    ferror_locked.o(.text) refers (Weak) to clib_arm.o(.text._mutex_acquire) for _mutex_acquire
    ferror_locked.o(.text) refers (Weak) to clib_arm.o(.text._mutex_release) for _mutex_release
    initio_locked.o(.text) refers (Special) to libinit2.o(.ARM.Collect$$libinit$$00000024) for __rt_lib_init_stdio_2
    initio_locked.o(.text) refers (Special) to libshutdown2.o(.ARM.Collect$$libshutdown$$00000003) for __rt_lib_shutdown_stdio_2
    initio_locked.o(.text) refers to rt_memclr_w.o(.text) for __aeabi_memclr4
    initio_locked.o(.text) refers to clib_arm.o(.text._mutex_initialize) for _mutex_initialize
    initio_locked.o(.text) refers to fopen_locked.o(.text) for freopen
    initio_locked.o(.text) refers to defsig_rtred_outer.o(.text) for __rt_SIGRTRED
    initio_locked.o(.text) refers to setvbuf_locked.o(.text) for setvbuf
    initio_locked.o(.text) refers (Weak) to clib_arm.o(.text._mutex_acquire) for _mutex_acquire
    initio_locked.o(.text) refers (Weak) to clib_arm.o(.text._mutex_acquire) for _mutex_acquire
    initio_locked.o(.text) refers to fclose.o(.text) for _fclose_internal
    initio_locked.o(.text) refers (Weak) to clib_arm.o(.text._mutex_release) for _mutex_release
    initio_locked.o(.text) refers (Weak) to clib_arm.o(.text._mutex_free) for _mutex_free
    initio_locked.o(.text) refers (Weak) to clib_arm.o(.text._mutex_acquire) for _mutex_acquire
    initio_locked.o(.text) refers (Weak) to clib_arm.o(.text._mutex_release) for _mutex_release
    initio_locked.o(.text) refers (Weak) to clib_arm.o(.text._mutex_free) for _mutex_free
    initio_locked.o(.text) refers (Weak) to clib_arm.o(.text._mutex_acquire) for _mutex_acquire
    initio_locked.o(.text) refers (Weak) to clib_arm.o(.text._mutex_release) for _mutex_release
    initio_locked.o(.text) refers (Weak) to clib_arm.o(.text._mutex_free) for _mutex_free
    initio_locked.o(.text) refers (Weak) to clib_arm.o(.text._mutex_acquire) for _mutex_acquire
    initio_locked.o(.text) refers (Weak) to clib_arm.o(.text._mutex_release) for _mutex_release
    initio_locked.o(.text) refers (Weak) to clib_arm.o(.text._mutex_free) for _mutex_free
    initio_locked.o(.text) refers to h1_free_threads.o(.text) for free
    initio_locked.o(.text) refers (Weak) to clib_arm.o(.text._mutex_release) for _mutex_release
    initio_locked.o(.text) refers (Weak) to clib_arm.o(.text._mutex_free) for _mutex_free
    initio_locked.o(.text) refers to stdio_streams.o(.bss) for __stdin
    initio_locked.o(.text) refers to stdio_streams.o(.bss) for __stdout
    initio_locked.o(.text) refers to stdio_streams.o(.bss) for __stderr
    initio_locked.o(.text) refers to stdio_streams.o(.data) for __aeabi_stdin
    initio_locked.o(.text) refers to stdio_streams.o(.data) for __aeabi_stdout
    initio_locked.o(.text) refers to stdio_streams.o(.data) for __aeabi_stderr
    initio_locked.o(.text) refers to streamlock.o(.data) for _stream_list_lock
    initio_locked.o(.text) refers to retarget_io.o(.rodata.__stdin_name) for __stdin_name
    initio_locked.o(.text) refers to retarget_io.o(.rodata.__stdout_name) for __stdout_name
    initio_locked.o(.text) refers to retarget_io.o(.rodata.__stderr_name) for __stderr_name
    sys_stackheap_outer.o(.text) refers to libspace.o(.text) for __user_perproc_libspace
    sys_stackheap_outer.o(.text) refers to startup_stm32f405xx.o(.text) for __user_initial_stackheap
    free.o(.text) refers (Special) to hguard.o(.text) for __heap$guard
    free.o(.text) refers to rt_heap_descriptor_twolibspace.o(.text) for __rt_heap_descriptor
    free.o(.text) refers to heapstubs.o(.text) for __Heap_Free
    h1_free.o(.text) refers to rt_heap_descriptor_twolibspace.o(.text) for __rt_heap_descriptor
    h1_free_threads.o(.text) refers (Weak) to clib_arm.o(.text._mutex_acquire) for _mutex_acquire
    h1_free_threads.o(.text) refers (Weak) to clib_arm.o(.text._mutex_release) for _mutex_release
    h1_free_threads.o(.text) refers to rt_heap_descriptor_twolibspace.o(.text) for __rt_heap_descriptor
    heap2.o(i._FDIterate) refers to heap2.o(.conststring) for .conststring
    heap2.o(i.__Heap_ProvideMemory$realtime) refers to fdtree.o(i._FDTree_Delete) for _FDTree_Delete
    heap2.o(i.__Heap_ProvideMemory$realtime) refers to fdtree.o(i._FDTree_Insert) for _FDTree_Insert
    heap2.o(i.__Heap_Stats$realtime) refers to heap2.o(i._Heap2_StatsIterate) for _Heap2_StatsIterate
    heap2.o(i.__Heap_Valid$realtime) refers to heap2.o(i._FDIterate) for _FDIterate
    heap2.o(i.__Heap_Valid$realtime) refers to heap2.o(.conststring) for .conststring
    heap2.o(i.free$realtime) refers to rt_heap_descriptor_twolibspace.o(.text) for __rt_heap_descriptor
    heap2.o(i.free$realtime) refers to fdtree.o(i._FDTree_Delete) for _FDTree_Delete
    heap2.o(i.free$realtime) refers to fdtree.o(i._FDTree_Insert) for _FDTree_Insert
    heap2.o(i.malloc$realtime) refers to rt_heap_descriptor_twolibspace.o(.text) for __rt_heap_descriptor
    heap2.o(i.malloc$realtime) refers to fdtree.o(i._FDTree_FindFirst) for _FDTree_FindFirst
    heap2.o(i.malloc$realtime) refers to init_alloc.o(.text) for __Heap_Full
    heap2.o(i.malloc$realtime) refers to fdtree.o(i._FDTree_RemoveNode) for _FDTree_RemoveNode
    heap2.o(i.malloc$realtime) refers to fdtree.o(i._FDTree_Insert) for _FDTree_Insert
    heap2.o(i.posix_memalign$realtime) refers to rt_heap_descriptor_twolibspace.o(.text) for __rt_heap_descriptor
    heap2.o(i.posix_memalign$realtime) refers to fdtree.o(i._FDTree_FindFirst) for _FDTree_FindFirst
    heap2.o(i.posix_memalign$realtime) refers to init_alloc.o(.text) for __Heap_Full
    heap2.o(i.posix_memalign$realtime) refers to fdtree.o(i._FDTree_RemoveNode) for _FDTree_RemoveNode
    heap2.o(i.posix_memalign$realtime) refers to fdtree.o(i._FDTree_Insert) for _FDTree_Insert
    heap2.o(i.realloc$realtime) refers to rt_heap_descriptor_twolibspace.o(.text) for __rt_heap_descriptor
    heap2.o(i.realloc$realtime) refers to fdtree.o(i._FDTree_Insert) for _FDTree_Insert
    heap2.o(i.realloc$realtime) refers to h1_free_threads.o(.text) for free
    heap2.o(i.realloc$realtime) refers to h1_alloc_threads.o(.text) for malloc
    heap2.o(i.realloc$realtime) refers to fdtree.o(i._FDTree_Delete) for _FDTree_Delete
    heap2.o(i.realloc$realtime) refers to rt_memcpy_w.o(.text) for __aeabi_memcpy4
    heap2_threads.o(i._FDIterate) refers to heap2_threads.o(.conststring) for .conststring
    heap2_threads.o(i.__Heap_Finalize$realtime$concurrent) refers (Weak) to clib_arm.o(.text._mutex_free) for _mutex_free
    heap2_threads.o(i.__Heap_Initialize$realtime$concurrent) refers to clib_arm.o(.text._mutex_initialize) for _mutex_initialize
    heap2_threads.o(i.__Heap_ProvideMemory$realtime$concurrent) refers to fdtree.o(i._FDTree_Delete) for _FDTree_Delete
    heap2_threads.o(i.__Heap_ProvideMemory$realtime$concurrent) refers to fdtree.o(i._FDTree_Insert) for _FDTree_Insert
    heap2_threads.o(i.__Heap_Stats$realtime$concurrent) refers (Weak) to clib_arm.o(.text._mutex_acquire) for _mutex_acquire
    heap2_threads.o(i.__Heap_Stats$realtime$concurrent) refers to heap2_threads.o(i._Heap2_StatsIterate) for _Heap2_StatsIterate
    heap2_threads.o(i.__Heap_Stats$realtime$concurrent) refers (Weak) to clib_arm.o(.text._mutex_release) for _mutex_release
    heap2_threads.o(i.__Heap_Valid$realtime$concurrent) refers (Weak) to clib_arm.o(.text._mutex_acquire) for _mutex_acquire
    heap2_threads.o(i.__Heap_Valid$realtime$concurrent) refers to heap2_threads.o(i._FDIterate) for _FDIterate
    heap2_threads.o(i.__Heap_Valid$realtime$concurrent) refers (Weak) to clib_arm.o(.text._mutex_release) for _mutex_release
    heap2_threads.o(i.__Heap_Valid$realtime$concurrent) refers to heap2_threads.o(.conststring) for .conststring
    heap2_threads.o(i.free$realtime$concurrent) refers to rt_heap_descriptor_twolibspace.o(.text) for __rt_heap_descriptor
    heap2_threads.o(i.free$realtime$concurrent) refers (Weak) to clib_arm.o(.text._mutex_acquire) for _mutex_acquire
    heap2_threads.o(i.free$realtime$concurrent) refers to fdtree.o(i._FDTree_Delete) for _FDTree_Delete
    heap2_threads.o(i.free$realtime$concurrent) refers to fdtree.o(i._FDTree_Insert) for _FDTree_Insert
    heap2_threads.o(i.free$realtime$concurrent) refers (Weak) to clib_arm.o(.text._mutex_release) for _mutex_release
    heap2_threads.o(i.malloc$realtime$concurrent) refers to rt_heap_descriptor_twolibspace.o(.text) for __rt_heap_descriptor
    heap2_threads.o(i.malloc$realtime$concurrent) refers (Weak) to clib_arm.o(.text._mutex_acquire) for _mutex_acquire
    heap2_threads.o(i.malloc$realtime$concurrent) refers to fdtree.o(i._FDTree_FindFirst) for _FDTree_FindFirst
    heap2_threads.o(i.malloc$realtime$concurrent) refers to init_alloc.o(.text) for __Heap_Full
    heap2_threads.o(i.malloc$realtime$concurrent) refers to fdtree.o(i._FDTree_RemoveNode) for _FDTree_RemoveNode
    heap2_threads.o(i.malloc$realtime$concurrent) refers to fdtree.o(i._FDTree_Insert) for _FDTree_Insert
    heap2_threads.o(i.malloc$realtime$concurrent) refers (Weak) to clib_arm.o(.text._mutex_release) for _mutex_release
    heap2_threads.o(i.malloc$realtime$concurrent) refers (Weak) to clib_arm.o(.text._mutex_release) for _mutex_release
    heap2_threads.o(i.posix_memalign$realtime$concurrent) refers to rt_heap_descriptor_twolibspace.o(.text) for __rt_heap_descriptor
    heap2_threads.o(i.posix_memalign$realtime$concurrent) refers (Weak) to clib_arm.o(.text._mutex_acquire) for _mutex_acquire
    heap2_threads.o(i.posix_memalign$realtime$concurrent) refers to fdtree.o(i._FDTree_FindFirst) for _FDTree_FindFirst
    heap2_threads.o(i.posix_memalign$realtime$concurrent) refers to init_alloc.o(.text) for __Heap_Full
    heap2_threads.o(i.posix_memalign$realtime$concurrent) refers to fdtree.o(i._FDTree_RemoveNode) for _FDTree_RemoveNode
    heap2_threads.o(i.posix_memalign$realtime$concurrent) refers to fdtree.o(i._FDTree_Insert) for _FDTree_Insert
    heap2_threads.o(i.posix_memalign$realtime$concurrent) refers (Weak) to clib_arm.o(.text._mutex_release) for _mutex_release
    heap2_threads.o(i.posix_memalign$realtime$concurrent) refers (Weak) to clib_arm.o(.text._mutex_release) for _mutex_release
    heap2_threads.o(i.realloc$realtime$concurrent) refers to rt_heap_descriptor_twolibspace.o(.text) for __rt_heap_descriptor
    heap2_threads.o(i.realloc$realtime$concurrent) refers (Weak) to clib_arm.o(.text._mutex_acquire) for _mutex_acquire
    heap2_threads.o(i.realloc$realtime$concurrent) refers to fdtree.o(i._FDTree_Insert) for _FDTree_Insert
    heap2_threads.o(i.realloc$realtime$concurrent) refers to h1_free_threads.o(.text) for free
    heap2_threads.o(i.realloc$realtime$concurrent) refers to h1_alloc_threads.o(.text) for malloc
    heap2_threads.o(i.realloc$realtime$concurrent) refers to fdtree.o(i._FDTree_Delete) for _FDTree_Delete
    heap2_threads.o(i.realloc$realtime$concurrent) refers (Weak) to clib_arm.o(.text._mutex_release) for _mutex_release
    heap2_threads.o(i.realloc$realtime$concurrent) refers to rt_memcpy_w.o(.text) for __aeabi_memcpy4
    heap2_threads.o(i.realloc$realtime$concurrent) refers (Weak) to clib_arm.o(.text._mutex_release) for _mutex_release
    heap2_threads.o(i.realloc$realtime$concurrent) refers (Weak) to clib_arm.o(.text._mutex_release) for _mutex_release
    streamlock.o(.data) refers (Special) to initio_locked.o(.text) for _initio
    fopen.o(.text) refers to fclose.o(.text) for _fclose_internal
    fopen.o(.text) refers to retarget_io.o(.text._sys_open) for _sys_open
    fopen.o(.text) refers to fseek.o(.text) for _fseek
    fopen.o(.text) refers to h1_alloc_threads.o(.text) for malloc
    fopen.o(.text) refers to rt_memclr_w.o(.text) for __aeabi_memclr4
    fopen.o(.text) refers to stdio_streams.o(.bss) for __stdin
    fclose.o(.text) refers to stdio.o(.text) for _fflush
    fclose.o(.text) refers to retarget_io.o(.text._sys_close) for _sys_close
    fclose.o(.text) refers to h1_free_threads.o(.text) for free
    fclose.o(.text) refers to rt_memclr_w.o(.text) for __aeabi_memclr4
    setvbuf_locked.o(.text) refers (Weak) to clib_arm.o(.text._mutex_acquire) for _mutex_acquire
    setvbuf_locked.o(.text) refers (Weak) to clib_arm.o(.text._mutex_release) for _mutex_release
    fopen_locked.o(.text) refers (Weak) to clib_arm.o(.text._mutex_acquire) for _mutex_acquire
    fopen_locked.o(.text) refers to fclose.o(.text) for _fclose_internal
    fopen_locked.o(.text) refers to retarget_io.o(.text._sys_open) for _sys_open
    fopen_locked.o(.text) refers to fseek.o(.text) for _fseek
    fopen_locked.o(.text) refers (Weak) to clib_arm.o(.text._mutex_release) for _mutex_release
    fopen_locked.o(.text) refers (Weak) to clib_arm.o(.text._mutex_acquire) for _mutex_acquire
    fopen_locked.o(.text) refers (Weak) to clib_arm.o(.text._mutex_release) for _mutex_release
    fopen_locked.o(.text) refers (Weak) to clib_arm.o(.text._mutex_acquire) for _mutex_acquire
    fopen_locked.o(.text) refers to h1_alloc_threads.o(.text) for malloc
    fopen_locked.o(.text) refers to rt_memclr_w.o(.text) for __aeabi_memclr4
    fopen_locked.o(.text) refers to clib_arm.o(.text._mutex_initialize) for _mutex_initialize
    fopen_locked.o(.text) refers (Weak) to clib_arm.o(.text._mutex_release) for _mutex_release
    fopen_locked.o(.text) refers to streamlock.o(.data) for _stream_list_lock
    fopen_locked.o(.text) refers to stdio_streams.o(.bss) for __stdin
    exit.o(.text) refers to rtexit.o(.ARM.Collect$$rtexit$$00000000) for __rt_exit
    defsig_fpe_outer.o(.text) refers to defsig_fpe_inner.o(.text) for __rt_SIGFPE_inner
    defsig_fpe_outer.o(.text) refers to defsig_exit.o(.text) for __sig_exit
    defsig_fpe_formal.o(.text) refers to rt_raise.o(.text) for __rt_raise
    defsig_rtred_outer.o(.text) refers to defsig_rtred_inner.o(.text) for __rt_SIGRTRED_inner
    defsig_rtred_outer.o(.text) refers to defsig_exit.o(.text) for __sig_exit
    defsig_rtred_formal.o(.text) refers to rt_raise.o(.text) for __rt_raise
    libinit.o(.ARM.Collect$$libinit$$00000000) refers (Special) to libinit2.o(.ARM.Collect$$libinit$$0000002E) for __rt_lib_init_alloca_1
    libinit.o(.ARM.Collect$$libinit$$00000000) refers (Special) to libinit2.o(.ARM.Collect$$libinit$$0000002C) for __rt_lib_init_argv_1
    libinit.o(.ARM.Collect$$libinit$$00000000) refers (Special) to libinit2.o(.ARM.Collect$$libinit$$0000001B) for __rt_lib_init_atexit_1
    libinit.o(.ARM.Collect$$libinit$$00000000) refers (Special) to libinit2.o(.ARM.Collect$$libinit$$00000021) for __rt_lib_init_clock_1
    libinit.o(.ARM.Collect$$libinit$$00000000) refers (Special) to libinit2.o(.ARM.Collect$$libinit$$00000032) for __rt_lib_init_cpp_1
    libinit.o(.ARM.Collect$$libinit$$00000000) refers (Special) to libinit2.o(.ARM.Collect$$libinit$$00000030) for __rt_lib_init_exceptions_1
    libinit.o(.ARM.Collect$$libinit$$00000000) refers (Special) to libinit2.o(.ARM.Collect$$libinit$$00000001) for __rt_lib_init_fp_1
    libinit.o(.ARM.Collect$$libinit$$00000000) refers (Special) to libinit2.o(.ARM.Collect$$libinit$$0000001F) for __rt_lib_init_fp_trap_1
    libinit.o(.ARM.Collect$$libinit$$00000000) refers (Special) to libinit2.o(.ARM.Collect$$libinit$$00000023) for __rt_lib_init_getenv_1
    libinit.o(.ARM.Collect$$libinit$$00000000) refers (Special) to libinit2.o(.ARM.Collect$$libinit$$0000000A) for __rt_lib_init_heap_1
    libinit.o(.ARM.Collect$$libinit$$00000000) refers (Special) to libinit2.o(.ARM.Collect$$libinit$$00000011) for __rt_lib_init_lc_collate_1
    libinit.o(.ARM.Collect$$libinit$$00000000) refers (Special) to libinit2.o(.ARM.Collect$$libinit$$00000013) for __rt_lib_init_lc_ctype_1
    libinit.o(.ARM.Collect$$libinit$$00000000) refers (Special) to libinit2.o(.ARM.Collect$$libinit$$00000015) for __rt_lib_init_lc_monetary_1
    libinit.o(.ARM.Collect$$libinit$$00000000) refers (Special) to libinit2.o(.ARM.Collect$$libinit$$00000017) for __rt_lib_init_lc_numeric_1
    libinit.o(.ARM.Collect$$libinit$$00000000) refers (Special) to libinit2.o(.ARM.Collect$$libinit$$00000019) for __rt_lib_init_lc_time_1
    libinit.o(.ARM.Collect$$libinit$$00000000) refers (Special) to libinit2.o(.ARM.Collect$$libinit$$00000004) for __rt_lib_init_preinit_1
    libinit.o(.ARM.Collect$$libinit$$00000000) refers (Special) to libinit2.o(.ARM.Collect$$libinit$$0000000E) for __rt_lib_init_rand_1
    libinit.o(.ARM.Collect$$libinit$$00000000) refers (Special) to libinit2.o(.ARM.Collect$$libinit$$00000033) for __rt_lib_init_return
    libinit.o(.ARM.Collect$$libinit$$00000000) refers (Special) to libinit2.o(.ARM.Collect$$libinit$$0000001D) for __rt_lib_init_signal_1
    libinit.o(.ARM.Collect$$libinit$$00000000) refers (Special) to libinit2.o(.ARM.Collect$$libinit$$00000025) for __rt_lib_init_stdio_1
    libinit.o(.ARM.Collect$$libinit$$00000000) refers (Special) to libinit2.o(.ARM.Collect$$libinit$$0000000C) for __rt_lib_init_user_alloc_1
    libinit2.o(.ARM.Collect$$libinit$$00000001) refers to fpinit.o(x$fpl$fpinit) for _fp_init
    libinit2.o(.ARM.Collect$$libinit$$00000005) refers (Weak) to init_alloc.o(.text) for _init_alloc
    libinit2.o(.ARM.Collect$$libinit$$00000010) refers to libinit2.o(.ARM.Collect$$libinit$$0000000F) for .ARM.Collect$$libinit$$0000000F
    libinit2.o(.ARM.Collect$$libinit$$00000012) refers to libinit2.o(.ARM.Collect$$libinit$$0000000F) for .ARM.Collect$$libinit$$0000000F
    libinit2.o(.ARM.Collect$$libinit$$00000014) refers to libinit2.o(.ARM.Collect$$libinit$$0000000F) for .ARM.Collect$$libinit$$0000000F
    libinit2.o(.ARM.Collect$$libinit$$00000016) refers to libinit2.o(.ARM.Collect$$libinit$$0000000F) for .ARM.Collect$$libinit$$0000000F
    libinit2.o(.ARM.Collect$$libinit$$00000018) refers to libinit2.o(.ARM.Collect$$libinit$$0000000F) for .ARM.Collect$$libinit$$0000000F
    libinit2.o(.ARM.Collect$$libinit$$00000024) refers (Weak) to initio_locked.o(.text) for _initio
    libinit2.o(.ARM.Collect$$libinit$$00000026) refers to argv_veneer.o(.emb_text) for __ARM_argv_veneer
    libinit2.o(.ARM.Collect$$libinit$$00000027) refers to argv_veneer.o(.emb_text) for __ARM_argv_veneer
    libshutdown2.o(.ARM.Collect$$libshutdown$$00000003) refers (Weak) to initio_locked.o(.text) for _terminateio
    libshutdown2.o(.ARM.Collect$$libshutdown$$0000000D) refers (Weak) to term_alloc.o(.text) for _terminate_alloc
    libspace.o(.text) refers to libspace.o(.bss) for __libspace_start
    rtexit.o(.ARM.Collect$$rtexit$$00000000) refers (Special) to rtexit2.o(.ARM.Collect$$rtexit$$00000004) for __rt_exit_exit
    rtexit.o(.ARM.Collect$$rtexit$$00000000) refers (Special) to rtexit2.o(.ARM.Collect$$rtexit$$00000003) for __rt_exit_ls
    rtexit.o(.ARM.Collect$$rtexit$$00000000) refers (Special) to rtexit2.o(.ARM.Collect$$rtexit$$00000002) for __rt_exit_prels_1
    rtexit.o(.ARM.exidx) refers (Special) to rtexit2.o(.ARM.Collect$$rtexit$$00000004) for __rt_exit_exit
    rtexit.o(.ARM.exidx) refers (Special) to rtexit2.o(.ARM.Collect$$rtexit$$00000003) for __rt_exit_ls
    rtexit.o(.ARM.exidx) refers (Special) to rtexit2.o(.ARM.Collect$$rtexit$$00000002) for __rt_exit_prels_1
    rtexit.o(.ARM.exidx) refers to rtexit.o(.ARM.Collect$$rtexit$$00000000) for .ARM.Collect$$rtexit$$00000000
    rt_raise.o(.text) refers to __raise.o(.text) for __raise
    rt_raise.o(.text) refers to sys_exit.o(.text) for _sys_exit
    rt_heap_descriptor.o(.text) refers to rt_heap_descriptor.o(.bss) for __rt_heap_descriptor_data
    rt_heap_descriptor_intlibspace.o(.text) refers to libspace.o(.bss) for __libspace_start
    rt_heap_descriptor_twolibspace.o(.text) refers to libspace.o(.text) for __user_perproc_libspace
    init_alloc.o(.text) refers (Special) to hguard.o(.text) for __heap$guard
    init_alloc.o(.text) refers (Special) to libinit2.o(.ARM.Collect$$libinit$$00000005) for __rt_lib_init_heap_2
    init_alloc.o(.text) refers (Special) to maybetermalloc2.o(.text) for _maybe_terminate_alloc
    init_alloc.o(.text) refers to h1_extend_threads.o(.text) for __Heap_ProvideMemory
    init_alloc.o(.text) refers to defsig_rtmem_outer.o(.text) for __rt_SIGRTMEM
    init_alloc.o(.text) refers to rt_heap_descriptor_twolibspace.o(.text) for __rt_heap_descriptor
    init_alloc.o(.text) refers to h1_init_threads.o(.text) for __Heap_Initialize
    malloc.o(.text) refers (Special) to hguard.o(.text) for __heap$guard
    malloc.o(.text) refers (Special) to init_alloc.o(.text) for _init_alloc
    malloc.o(.text) refers to rt_heap_descriptor_twolibspace.o(.text) for __rt_heap_descriptor
    malloc.o(.text) refers to heapstubs.o(.text) for __Heap_Alloc
    h1_alloc.o(.text) refers (Special) to h1_init_threads.o(.text) for __Heap_Initialize
    h1_alloc.o(.text) refers to rt_heap_descriptor_twolibspace.o(.text) for __rt_heap_descriptor
    h1_alloc.o(.text) refers to init_alloc.o(.text) for __Heap_Full
    h1_alloc_threads.o(.text) refers (Special) to h1_init_threads.o(.text) for __Heap_Initialize
    h1_alloc_threads.o(.text) refers (Weak) to clib_arm.o(.text._mutex_acquire) for _mutex_acquire
    h1_alloc_threads.o(.text) refers (Weak) to clib_arm.o(.text._mutex_release) for _mutex_release
    h1_alloc_threads.o(.text) refers to init_alloc.o(.text) for __Heap_Full
    h1_alloc_threads.o(.text) refers (Weak) to clib_arm.o(.text._mutex_release) for _mutex_release
    h1_alloc_threads.o(.text) refers to rt_heap_descriptor_twolibspace.o(.text) for __rt_heap_descriptor
    fseek.o(.text) refers to retarget_io.o(.text._sys_istty) for _sys_istty
    fseek.o(.text) refers to ftell.o(.text) for _ftell_internal
    fseek.o(.text) refers to retarget_io.o(.text._sys_flen) for _sys_flen
    fseek.o(.text) refers to stdio.o(.text) for _seterr
    stdio.o(.text) refers to retarget_io.o(.text._sys_seek) for _sys_seek
    stdio.o(.text) refers to retarget_io.o(.text._sys_write) for _sys_write
    defsig_exit.o(.text) refers to sys_exit.o(.text) for _sys_exit
    defsig_fpe_inner.o(.text) refers to defsig_general.o(.text) for __default_signal_display
    defsig_rtred_inner.o(.text) refers to defsig_general.o(.text) for __default_signal_display
    argv_veneer.o(.emb_text) refers to no_argv.o(.text) for __ARM_get_argv
    sys_exit.o(.text) refers (Special) to use_no_semi.o(.text) for __I$use$semihosting
    sys_exit.o(.text) refers (Special) to indicate_semi.o(.text) for __semihosting_library_function
    sys_exit_hlt.o(.text) refers (Special) to use_no_semi.o(.text) for __I$use$semihosting
    sys_exit_hlt.o(.text) refers (Special) to indicate_semi.o(.text) for __semihosting_library_function
    rtexit2.o(.ARM.Collect$$rtexit$$00000003) refers to libshutdown.o(.ARM.Collect$$libshutdown$$00000000) for __rt_lib_shutdown
    rtexit2.o(.ARM.Collect$$rtexit$$00000004) refers to sys_exit.o(.text) for _sys_exit
    rtexit2.o(.ARM.exidx) refers to rtexit2.o(.ARM.Collect$$rtexit$$00000001) for .ARM.Collect$$rtexit$$00000001
    rtexit2.o(.ARM.exidx) refers to rtexit2.o(.ARM.Collect$$rtexit$$00000003) for .ARM.Collect$$rtexit$$00000003
    rtexit2.o(.ARM.exidx) refers to rtexit2.o(.ARM.Collect$$rtexit$$00000004) for .ARM.Collect$$rtexit$$00000004
    maybetermalloc2.o(.text) refers (Special) to term_alloc.o(.text) for _terminate_alloc
    h1_extend.o(.text) refers to h1_free_threads.o(.text) for free
    h1_init_threads.o(.text) refers to clib_arm.o(.text._mutex_initialize) for _mutex_initialize
    h1_extend_threads.o(.text) refers to h1_free_threads.o(.text) for free_internal$concurrent
    ftell.o(.text) refers to rt_errno_addr_twolibspace.o(.text) for __aeabi_errno_addr
    __raise.o(.text) refers to defsig.o(CL$$defsig) for __default_signal_handler
    defsig_general.o(.text) refers to sys_wrch.o(.text) for _ttywrch
    defsig_rtmem_outer.o(.text) refers to defsig_rtmem_inner.o(.text) for __rt_SIGRTMEM_inner
    defsig_rtmem_outer.o(.text) refers to defsig_exit.o(.text) for __sig_exit
    defsig_rtmem_formal.o(.text) refers to rt_raise.o(.text) for __rt_raise
    heapauxa.o(.text) refers to heapauxa.o(.data) for .data
    _get_argv.o(.text) refers (Special) to hrguard.o(.text) for __heap_region$guard
    _get_argv.o(.text) refers to h1_alloc_threads.o(.text) for malloc
    _get_argv.o(.text) refers to defsig_rtmem_outer.o(.text) for __rt_SIGRTMEM
    _get_argv.o(.text) refers to sys_command.o(.text) for _sys_command_string
    _get_argv_nomalloc.o(.text) refers (Special) to hrguard.o(.text) for __heap_region$guard
    _get_argv_nomalloc.o(.text) refers to defsig_rtmem_outer.o(.text) for __rt_SIGRTMEM
    _get_argv_nomalloc.o(.text) refers to sys_command.o(.text) for _sys_command_string
    sys_wrch.o(.text) refers (Special) to use_no_semi.o(.text) for __I$use$semihosting
    sys_wrch.o(.text) refers (Special) to indicate_semi.o(.text) for __semihosting_library_function
    sys_command.o(.text) refers (Special) to use_no_semi.o(.text) for __I$use$semihosting
    sys_command.o(.text) refers (Special) to indicate_semi.o(.text) for __semihosting_library_function
    sys_wrch_hlt.o(.text) refers (Special) to use_no_semi.o(.text) for __I$use$semihosting
    sys_wrch_hlt.o(.text) refers (Special) to indicate_semi.o(.text) for __semihosting_library_function
    sys_command_hlt.o(.text) refers (Special) to use_no_semi.o(.text) for __I$use$semihosting
    sys_command_hlt.o(.text) refers (Special) to indicate_semi.o(.text) for __semihosting_library_function
    rt_errno_addr.o(.text) refers to rt_errno_addr.o(.bss) for __aeabi_errno_addr_data
    rt_errno_addr_intlibspace.o(.text) refers to libspace.o(.bss) for __libspace_start
    rt_errno_addr_twolibspace.o(.text) refers to clib_arm.o(.text.__user_perthread_libspace) for __user_perthread_libspace
    term_alloc.o(.text) refers (Special) to libshutdown2.o(.ARM.Collect$$libshutdown$$0000000D) for __rt_lib_shutdown_heap_2
    term_alloc.o(.text) refers to rt_heap_descriptor_twolibspace.o(.text) for __rt_heap_descriptor
    term_alloc.o(.text) refers to h1_final_threads.o(.text) for __Heap_Finalize
    defsig_rtmem_inner.o(.text) refers to defsig_general.o(.text) for __default_signal_display
    defsig.o(CL$$defsig) refers to defsig_fpe_inner.o(.text) for __rt_SIGFPE_inner
    defsig.o(CL$$defsig) refers to defsig_rtred_inner.o(.text) for __rt_SIGRTRED_inner
    defsig.o(CL$$defsig) refers to defsig_rtmem_inner.o(.text) for __rt_SIGRTMEM_inner
    libshutdown.o(.ARM.Collect$$libshutdown$$00000000) refers (Special) to libshutdown2.o(.ARM.Collect$$libshutdown$$00000002) for __rt_lib_shutdown_cpp_1
    libshutdown.o(.ARM.Collect$$libshutdown$$00000000) refers (Special) to libshutdown2.o(.ARM.Collect$$libshutdown$$00000007) for __rt_lib_shutdown_fp_trap_1
    libshutdown.o(.ARM.Collect$$libshutdown$$00000000) refers (Special) to libshutdown2.o(.ARM.Collect$$libshutdown$$0000000F) for __rt_lib_shutdown_heap_1
    libshutdown.o(.ARM.Collect$$libshutdown$$00000000) refers (Special) to libshutdown2.o(.ARM.Collect$$libshutdown$$00000010) for __rt_lib_shutdown_return
    libshutdown.o(.ARM.Collect$$libshutdown$$00000000) refers (Special) to libshutdown2.o(.ARM.Collect$$libshutdown$$0000000A) for __rt_lib_shutdown_signal_1
    libshutdown.o(.ARM.Collect$$libshutdown$$00000000) refers (Special) to libshutdown2.o(.ARM.Collect$$libshutdown$$00000004) for __rt_lib_shutdown_stdio_1
    libshutdown.o(.ARM.Collect$$libshutdown$$00000000) refers (Special) to libshutdown2.o(.ARM.Collect$$libshutdown$$0000000C) for __rt_lib_shutdown_user_alloc_1
    h1_final_threads.o(.text) refers (Weak) to clib_arm.o(.text._mutex_free) for _mutex_free
    defsig_abrt_inner.o(.text) refers to defsig_general.o(.text) for __default_signal_display
    defsig_stak_inner.o(.text) refers to defsig_general.o(.text) for __default_signal_display
    defsig_pvfn_inner.o(.text) refers to defsig_general.o(.text) for __default_signal_display
    defsig_cppl_inner.o(.text) refers to defsig_general.o(.text) for __default_signal_display
    defsig_segv_inner.o(.text) refers to defsig_general.o(.text) for __default_signal_display
    defsig_other.o(.text) refers to defsig_general.o(.text) for __default_signal_display

